validate	Set up job	﻿2026-08-10T18:52:20.1398722Z Current runner version: '2.336.0'
validate	Set up job	2026-08-10T18:52:20.1437917Z ##[group]Runner Image Provisioner
validate	Set up job	2026-08-10T18:52:20.1439547Z Hosted Compute Agent
validate	Set up job	2026-08-10T18:52:20.1440435Z Version: 20260707.563
validate	Set up job	2026-08-10T18:52:20.1441280Z Commit: 02667638d2b423fbc733a8e32a88b44996a3ba6e
validate	Set up job	2026-08-10T18:52:20.1442481Z Build Date: 2026-07-07T19:33:50Z
validate	Set up job	2026-08-10T18:52:20.1443498Z Worker ID: {f756ff2e-ce93-4150-90e6-f54e1f4216c0}
validate	Set up job	2026-08-10T18:52:20.1444667Z Azure Region: eastus
validate	Set up job	2026-08-10T18:52:20.1445535Z ##[endgroup]
validate	Set up job	2026-08-10T18:52:20.1447665Z ##[group]Operating System
validate	Set up job	2026-08-10T18:52:20.1448738Z Ubuntu
validate	Set up job	2026-08-10T18:52:20.1449714Z 24.04.4
validate	Set up job	2026-08-10T18:52:20.1450497Z LTS
validate	Set up job	2026-08-10T18:52:20.1451389Z ##[endgroup]
validate	Set up job	2026-08-10T18:52:20.1452228Z ##[group]Runner Image
validate	Set up job	2026-08-10T18:52:20.1453222Z Image: ubuntu-24.04
validate	Set up job	2026-08-10T18:52:20.1454066Z Version: 20260720.247.2
validate	Set up job	2026-08-10T18:52:20.1455752Z Included Software: https://github.com/actions/runner-images/blob/ubuntu24/20260720.247/images/ubuntu/Ubuntu2404-Readme.md
validate	Set up job	2026-08-10T18:52:20.1458525Z Image Release: https://github.com/actions/runner-images/releases/tag/ubuntu24%2F20260720.247
validate	Set up job	2026-08-10T18:52:20.1460319Z ##[endgroup]
validate	Set up job	2026-08-10T18:52:20.1462150Z ##[group]GITHUB_TOKEN Permissions
validate	Set up job	2026-08-10T18:52:20.1465071Z Contents: read
validate	Set up job	2026-08-10T18:52:20.1465950Z Metadata: read
validate	Set up job	2026-08-10T18:52:20.1466759Z Packages: read
validate	Set up job	2026-08-10T18:52:20.1467705Z ##[endgroup]
validate	Set up job	2026-08-10T18:52:20.1471685Z Secret source: Actions
validate	Set up job	2026-08-10T18:52:20.1473667Z Prepare workflow directory
validate	Set up job	2026-08-10T18:52:20.1964053Z Prepare all required actions
validate	Set up job	2026-08-10T18:52:20.2035984Z Getting action download info
validate	Set up job	2026-08-10T18:52:20.3885633Z Download action repository 'actions/checkout@v4' (SHA:11d5960a326750d5838078e36cf38b85af677262)
validate	Set up job	2026-08-10T18:52:20.6070326Z Download action repository 'actions/setup-python@v4' (SHA:7f4fc3e22c37d6ff65e88745f38bd3157c663f7c)
validate	Set up job	2026-08-10T18:52:20.7562453Z Download action repository 'hashicorp/setup-terraform@v2' (SHA:633666f66e0061ca3b725c73b2ec20cd13a8fdd1)
validate	Set up job	2026-08-10T18:52:20.9856221Z Complete job name: validate
validate	Checkout	﻿2026-08-10T18:52:21.0696357Z Node 20 is being deprecated. This workflow is running with Node 24 by default. If you need to temporarily use Node 20, you can set the ACTIONS_ALLOW_USE_UNSECURE_NODE_VERSION=true environment variable. For more information see: https://github.blog/changelog/2025-09-19-deprecation-of-node-20-on-github-actions-runners/
validate	Checkout	2026-08-10T18:52:21.0706165Z ##[group]Run actions/checkout@v4
validate	Checkout	2026-08-10T18:52:21.0706906Z with:
validate	Checkout	2026-08-10T18:52:21.0707374Z   repository: harishmsgit/herovired-infra
validate	Checkout	2026-08-10T18:52:21.0711652Z   token: ***
validate	Checkout	2026-08-10T18:52:21.0712089Z   ssh-strict: true
validate	Checkout	2026-08-10T18:52:21.0712527Z   ssh-user: git
validate	Checkout	2026-08-10T18:52:21.0712970Z   persist-credentials: true
validate	Checkout	2026-08-10T18:52:21.0713452Z   clean: true
validate	Checkout	2026-08-10T18:52:21.0713890Z   sparse-checkout-cone-mode: true
validate	Checkout	2026-08-10T18:52:21.0714408Z   fetch-depth: 1
validate	Checkout	2026-08-10T18:52:21.0714823Z   fetch-tags: false
validate	Checkout	2026-08-10T18:52:21.0715248Z   show-progress: true
validate	Checkout	2026-08-10T18:52:21.0715736Z   lfs: false
validate	Checkout	2026-08-10T18:52:21.0716145Z   submodules: false
validate	Checkout	2026-08-10T18:52:21.0716645Z   set-safe-directory: true
validate	Checkout	2026-08-10T18:52:21.0717140Z   allow-unsafe-pr-checkout: false
validate	Checkout	2026-08-10T18:52:21.0717933Z ##[endgroup]
validate	Checkout	2026-08-10T18:52:21.1990276Z Syncing repository: harishmsgit/herovired-infra
validate	Checkout	2026-08-10T18:52:21.1992981Z ##[group]Getting Git version info
validate	Checkout	2026-08-10T18:52:21.1994151Z Working directory is '/home/runner/work/herovired-infra/herovired-infra'
validate	Checkout	2026-08-10T18:52:21.1995788Z [command]/usr/bin/git version
validate	Checkout	2026-08-10T18:52:21.2075186Z git version 2.54.0
validate	Checkout	2026-08-10T18:52:21.2109808Z ##[endgroup]
validate	Checkout	2026-08-10T18:52:21.2126415Z Temporarily overriding HOME='/home/runner/work/_temp/105590ae-3a79-4ccb-824c-8e3deef413f7' before making global git config changes
validate	Checkout	2026-08-10T18:52:21.2128064Z Adding repository directory to the temporary git global config as a safe directory
validate	Checkout	2026-08-10T18:52:21.2134492Z [command]/usr/bin/git config --global --add safe.directory /home/runner/work/herovired-infra/herovired-infra
validate	Checkout	2026-08-10T18:52:21.2200545Z Deleting the contents of '/home/runner/work/herovired-infra/herovired-infra'
validate	Checkout	2026-08-10T18:52:21.2220315Z ##[group]Initializing the repository
validate	Checkout	2026-08-10T18:52:21.2230586Z [command]/usr/bin/git init /home/runner/work/herovired-infra/herovired-infra
validate	Checkout	2026-08-10T18:52:21.2321043Z hint: Using 'master' as the name for the initial branch. This default branch name
validate	Checkout	2026-08-10T18:52:21.2350678Z hint: will change to "main" in Git 3.0. To configure the initial branch name
validate	Checkout	2026-08-10T18:52:21.2352598Z hint: to use in all of your new repositories, which will suppress this warning,
validate	Checkout	2026-08-10T18:52:21.2353912Z hint: call:
validate	Checkout	2026-08-10T18:52:21.2354691Z hint:
validate	Checkout	2026-08-10T18:52:21.2355478Z hint: 	git config --global init.defaultBranch <name>
validate	Checkout	2026-08-10T18:52:21.2356259Z hint:
validate	Checkout	2026-08-10T18:52:21.2356831Z hint: Names commonly chosen instead of 'master' are 'main', 'trunk' and
validate	Checkout	2026-08-10T18:52:21.2357755Z hint: 'development'. The just-created branch can be renamed via this command:
validate	Checkout	2026-08-10T18:52:21.2358536Z hint:
validate	Checkout	2026-08-10T18:52:21.2359115Z hint: 	git branch -m <name>
validate	Checkout	2026-08-10T18:52:21.2359690Z hint:
validate	Checkout	2026-08-10T18:52:21.2360301Z hint: Disable this message with "git config set advice.defaultBranchName false"
validate	Checkout	2026-08-10T18:52:21.2361336Z Initialized empty Git repository in /home/runner/work/herovired-infra/herovired-infra/.git/
validate	Checkout	2026-08-10T18:52:21.2363176Z [command]/usr/bin/git remote add origin https://github.com/harishmsgit/herovired-infra
validate	Checkout	2026-08-10T18:52:21.2408208Z ##[endgroup]
validate	Checkout	2026-08-10T18:52:21.2409591Z ##[group]Disabling automatic garbage collection
validate	Checkout	2026-08-10T18:52:21.2413420Z [command]/usr/bin/git config --local gc.auto 0
validate	Checkout	2026-08-10T18:52:21.2451202Z ##[endgroup]
validate	Checkout	2026-08-10T18:52:21.2452500Z ##[group]Setting up auth
validate	Checkout	2026-08-10T18:52:21.2459622Z [command]/usr/bin/git config --local --name-only --get-regexp core\.sshCommand
validate	Checkout	2026-08-10T18:52:21.2499768Z [command]/usr/bin/git submodule foreach --recursive sh -c "git config --local --name-only --get-regexp 'core\.sshCommand' && git config --local --unset-all 'core.sshCommand' || :"
validate	Checkout	2026-08-10T18:52:21.2878241Z [command]/usr/bin/git config --local --name-only --get-regexp http\.https\:\/\/github\.com\/\.extraheader
validate	Checkout	2026-08-10T18:52:21.2927230Z [command]/usr/bin/git submodule foreach --recursive sh -c "git config --local --name-only --get-regexp 'http\.https\:\/\/github\.com\/\.extraheader' && git config --local --unset-all 'http.https://github.com/.extraheader' || :"
validate	Checkout	2026-08-10T18:52:21.3191328Z [command]/usr/bin/git config --local --name-only --get-regexp ^includeIf\.gitdir:
validate	Checkout	2026-08-10T18:52:21.3237071Z [command]/usr/bin/git submodule foreach --recursive git config --local --show-origin --name-only --get-regexp remote.origin.url
validate	Checkout	2026-08-10T18:52:21.3500457Z [command]/usr/bin/git config --local http.https://github.com/.extraheader AUTHORIZATION: basic ***
validate	Checkout	2026-08-10T18:52:21.3547075Z ##[endgroup]
validate	Checkout	2026-08-10T18:52:21.3548270Z ##[group]Fetching the repository
validate	Checkout	2026-08-10T18:52:21.3559290Z [command]/usr/bin/git -c protocol.version=2 fetch --no-tags --prune --no-recurse-submodules --depth=1 origin +aa6b2066348cf9b1fcf6f858436f03f97d7a9813:refs/remotes/origin/main
validate	Checkout	2026-08-10T18:52:21.6441206Z From https://github.com/harishmsgit/herovired-infra
validate	Checkout	2026-08-10T18:52:21.6442765Z  * [new ref]         aa6b2066348cf9b1fcf6f858436f03f97d7a9813 -> origin/main
validate	Checkout	2026-08-10T18:52:21.6479390Z ##[endgroup]
validate	Checkout	2026-08-10T18:52:21.6480311Z ##[group]Determining the checkout info
validate	Checkout	2026-08-10T18:52:21.6481557Z ##[endgroup]
validate	Checkout	2026-08-10T18:52:21.6487615Z [command]/usr/bin/git sparse-checkout disable
validate	Checkout	2026-08-10T18:52:21.6542111Z [command]/usr/bin/git config --local --unset-all extensions.worktreeConfig
validate	Checkout	2026-08-10T18:52:21.6584786Z ##[group]Checking out the ref
validate	Checkout	2026-08-10T18:52:21.6590079Z [command]/usr/bin/git checkout --progress --force -B main refs/remotes/origin/main
validate	Checkout	2026-08-10T18:52:21.6701442Z Switched to a new branch 'main'
validate	Checkout	2026-08-10T18:52:21.6704120Z branch 'main' set up to track 'origin/main'.
validate	Checkout	2026-08-10T18:52:21.6709841Z ##[endgroup]
validate	Checkout	2026-08-10T18:52:21.6763043Z [command]/usr/bin/git log -1 --format=%H
validate	Checkout	2026-08-10T18:52:21.6795875Z aa6b2066348cf9b1fcf6f858436f03f97d7a9813
validate	Setup Python	﻿2026-08-10T18:52:21.7100619Z Node 20 is being deprecated. This workflow is running with Node 24 by default. If you need to temporarily use Node 20, you can set the ACTIONS_ALLOW_USE_UNSECURE_NODE_VERSION=true environment variable. For more information see: https://github.blog/changelog/2025-09-19-deprecation-of-node-20-on-github-actions-runners/
validate	Setup Python	2026-08-10T18:52:21.7103682Z ##[group]Run actions/setup-python@v4
validate	Setup Python	2026-08-10T18:52:21.7104230Z with:
validate	Setup Python	2026-08-10T18:52:21.7104649Z   python-version: 3.11
validate	Setup Python	2026-08-10T18:52:21.7105126Z   check-latest: false
validate	Setup Python	2026-08-10T18:52:21.7108895Z   token: ***
validate	Setup Python	2026-08-10T18:52:21.7109641Z   update-environment: true
validate	Setup Python	2026-08-10T18:52:21.7110148Z   allow-prereleases: false
validate	Setup Python	2026-08-10T18:52:21.7110627Z ##[endgroup]
validate	Setup Python	2026-08-10T18:52:21.8616496Z ##[group]Installed versions
validate	Setup Python	2026-08-10T18:52:21.8712083Z (node:2166) [DEP0040] DeprecationWarning: The `punycode` module is deprecated. Please use a userland alternative instead.
validate	Setup Python	2026-08-10T18:52:21.8714031Z (Use `node --trace-deprecation ...` to show where the warning was created)
validate	Setup Python	2026-08-10T18:52:21.8715035Z Successfully set up CPython (3.11.15)
validate	Setup Python	2026-08-10T18:52:21.8716407Z ##[endgroup]
validate	Install ansible-lint and yamllint	﻿2026-08-10T18:52:21.8938357Z ##[group]Run python -m pip install --upgrade pip
validate	Install ansible-lint and yamllint	2026-08-10T18:52:21.8939936Z ^[[36;1mpython -m pip install --upgrade pip^[[0m
validate	Install ansible-lint and yamllint	2026-08-10T18:52:21.8940967Z ^[[36;1mpip install ansible-lint yamllint^[[0m
validate	Install ansible-lint and yamllint	2026-08-10T18:52:21.9068730Z shell: /usr/bin/bash -e {0}
validate	Install ansible-lint and yamllint	2026-08-10T18:52:21.9069730Z env:
validate	Install ansible-lint and yamllint	2026-08-10T18:52:21.9070309Z   pythonLocation: /opt/hostedtoolcache/Python/3.11.15/x64
validate	Install ansible-lint and yamllint	2026-08-10T18:52:21.9071152Z   PKG_CONFIG_PATH: /opt/hostedtoolcache/Python/3.11.15/x64/lib/pkgconfig
validate	Install ansible-lint and yamllint	2026-08-10T18:52:21.9071972Z   Python_ROOT_DIR: /opt/hostedtoolcache/Python/3.11.15/x64
validate	Install ansible-lint and yamllint	2026-08-10T18:52:21.9073103Z   Python2_ROOT_DIR: /opt/hostedtoolcache/Python/3.11.15/x64
validate	Install ansible-lint and yamllint	2026-08-10T18:52:21.9074504Z   Python3_ROOT_DIR: /opt/hostedtoolcache/Python/3.11.15/x64
validate	Install ansible-lint and yamllint	2026-08-10T18:52:21.9075749Z   LD_LIBRARY_PATH: /opt/hostedtoolcache/Python/3.11.15/x64/lib
validate	Install ansible-lint and yamllint	2026-08-10T18:52:21.9076770Z ##[endgroup]
validate	Install ansible-lint and yamllint	2026-08-10T18:52:23.8388014Z Requirement already satisfied: pip in /opt/hostedtoolcache/Python/3.11.15/x64/lib/python3.11/site-packages (26.1.2)
validate	Install ansible-lint and yamllint	2026-08-10T18:52:23.9347407Z Collecting pip
validate	Install ansible-lint and yamllint	2026-08-10T18:52:23.9863069Z   Downloading pip-26.2.1-py3-none-any.whl.metadata (4.6 kB)
validate	Install ansible-lint and yamllint	2026-08-10T18:52:23.9945628Z Downloading pip-26.2.1-py3-none-any.whl (1.8 MB)
validate	Install ansible-lint and yamllint	2026-08-10T18:52:24.0374313Z    ━━━━━━━━━━━━━━━━━━━━━━━━━━━━━━━━━━━━━━━━ 1.8/1.8 MB 100.4 MB/s  0:00:00
validate	Install ansible-lint and yamllint	2026-08-10T18:52:24.1078452Z Installing collected packages: pip
validate	Install ansible-lint and yamllint	2026-08-10T18:52:24.1079785Z   Attempting uninstall: pip
validate	Install ansible-lint and yamllint	2026-08-10T18:52:24.1098147Z     Found existing installation: pip 26.1.2
validate	Install ansible-lint and yamllint	2026-08-10T18:52:24.1638667Z     Uninstalling pip-26.1.2:
validate	Install ansible-lint and yamllint	2026-08-10T18:52:24.1699824Z       Successfully uninstalled pip-26.1.2
validate	Install ansible-lint and yamllint	2026-08-10T18:52:25.0203455Z Successfully installed pip-26.2.1
validate	Install ansible-lint and yamllint	2026-08-10T18:52:25.5146380Z Collecting ansible-lint
validate	Install ansible-lint and yamllint	2026-08-10T18:52:25.5622664Z   Downloading ansible_lint-26.6.0-py3-none-any.whl.metadata (6.2 kB)
validate	Install ansible-lint and yamllint	2026-08-10T18:52:25.5805840Z Collecting yamllint
validate	Install ansible-lint and yamllint	2026-08-10T18:52:25.5848579Z   Downloading yamllint-1.38.0-py3-none-any.whl.metadata (4.2 kB)
validate	Install ansible-lint and yamllint	2026-08-10T18:52:25.6020011Z Collecting ansible-compat>=26.3.0 (from ansible-lint)
validate	Install ansible-lint and yamllint	2026-08-10T18:52:25.6062236Z   Downloading ansible_compat-26.6.0-py3-none-any.whl.metadata (3.4 kB)
validate	Install ansible-lint and yamllint	2026-08-10T18:52:25.6608248Z Collecting ansible-core>=2.16.14 (from ansible-lint)
validate	Install ansible-lint and yamllint	2026-08-10T18:52:25.6673006Z   Downloading ansible_core-2.19.12-py3-none-any.whl.metadata (7.7 kB)
validate	Install ansible-lint and yamllint	2026-08-10T18:52:25.7117079Z Collecting black>=24.3.0 (from ansible-lint)
validate	Install ansible-lint and yamllint	2026-08-10T18:52:25.7158649Z   Downloading black-26.5.1-cp311-cp311-manylinux2014_x86_64.manylinux_2_17_x86_64.manylinux_2_28_x86_64.whl.metadata (95 kB)
validate	Install ansible-lint and yamllint	2026-08-10T18:52:25.8229519Z Collecting cffi>=1.15.1 (from ansible-lint)
validate	Install ansible-lint and yamllint	2026-08-10T18:52:25.8270960Z   Downloading cffi-2.1.1-cp311-cp311-manylinux2014_x86_64.manylinux_2_17_x86_64.whl.metadata (2.5 kB)
validate	Install ansible-lint and yamllint	2026-08-10T18:52:25.9775855Z Collecting cryptography>=37 (from ansible-lint)
validate	Install ansible-lint and yamllint	2026-08-10T18:52:25.9840579Z   Downloading cryptography-50.0.0-cp311-abi3-manylinux_2_34_x86_64.whl.metadata (4.3 kB)
validate	Install ansible-lint and yamllint	2026-08-10T18:52:25.9963362Z Collecting distro>=1.9.0 (from ansible-lint)
validate	Install ansible-lint and yamllint	2026-08-10T18:52:26.0007492Z   Downloading distro-1.9.0-py3-none-any.whl.metadata (6.8 kB)
validate	Install ansible-lint and yamllint	2026-08-10T18:52:26.0200388Z Collecting filelock>=3.8.2 (from ansible-lint)
validate	Install ansible-lint and yamllint	2026-08-10T18:52:26.0244433Z   Downloading filelock-3.32.2-py3-none-any.whl.metadata (2.0 kB)
validate	Install ansible-lint and yamllint	2026-08-10T18:52:26.0434931Z Collecting jsonschema>=4.10.0 (from ansible-lint)
validate	Install ansible-lint and yamllint	2026-08-10T18:52:26.0478791Z   Downloading jsonschema-4.26.0-py3-none-any.whl.metadata (7.6 kB)
validate	Install ansible-lint and yamllint	2026-08-10T18:52:26.0633663Z Collecting packaging>=22.0 (from ansible-lint)
validate	Install ansible-lint and yamllint	2026-08-10T18:52:26.0672595Z   Downloading packaging-26.3-py3-none-any.whl.metadata (3.5 kB)
validate	Install ansible-lint and yamllint	2026-08-10T18:52:26.0809234Z Collecting pathspec<1.2.0,>=1.0.3 (from ansible-lint)
validate	Install ansible-lint and yamllint	2026-08-10T18:52:26.0847653Z   Downloading pathspec-1.1.1-py3-none-any.whl.metadata (14 kB)
validate	Install ansible-lint and yamllint	2026-08-10T18:52:26.1162809Z Collecting pyyaml>=6.0.1 (from ansible-lint)
validate	Install ansible-lint and yamllint	2026-08-10T18:52:26.1211121Z   Downloading pyyaml-6.0.3-cp311-cp311-manylinux2014_x86_64.manylinux_2_17_x86_64.manylinux_2_28_x86_64.whl.metadata (2.4 kB)
validate	Install ansible-lint and yamllint	2026-08-10T18:52:26.1390685Z Collecting referencing>=0.36.2 (from ansible-lint)
validate	Install ansible-lint and yamllint	2026-08-10T18:52:26.1430035Z   Downloading referencing-0.37.0-py3-none-any.whl.metadata (2.8 kB)
validate	Install ansible-lint and yamllint	2026-08-10T18:52:26.2631593Z Collecting ruamel-yaml>=0.18.11 (from ansible-lint)
validate	Install ansible-lint and yamllint	2026-08-10T18:52:26.2675414Z   Downloading ruamel_yaml-0.19.1-py3-none-any.whl.metadata (16 kB)
validate	Install ansible-lint and yamllint	2026-08-10T18:52:26.3137230Z Collecting ruamel-yaml-clib>=0.2.12 (from ansible-lint)
validate	Install ansible-lint and yamllint	2026-08-10T18:52:26.3179292Z   Downloading ruamel_yaml_clib-0.2.15-cp311-cp311-manylinux2014_x86_64.manylinux_2_17_x86_64.manylinux_2_28_x86_64.whl.metadata (3.5 kB)
validate	Install ansible-lint and yamllint	2026-08-10T18:52:26.3292139Z Collecting subprocess-tee>=0.4.1 (from ansible-lint)
validate	Install ansible-lint and yamllint	2026-08-10T18:52:26.3343920Z   Downloading subprocess_tee-0.4.2-py3-none-any.whl.metadata (3.3 kB)
validate	Install ansible-lint and yamllint	2026-08-10T18:52:26.3506247Z Collecting wcmatch>=8.1.2 (from ansible-lint)
validate	Install ansible-lint and yamllint	2026-08-10T18:52:26.3545712Z   Downloading wcmatch-11.0-py3-none-any.whl.metadata (4.8 kB)
validate	Install ansible-lint and yamllint	2026-08-10T18:52:26.3800105Z Collecting jinja2>=3.1.0 (from ansible-core>=2.16.14->ansible-lint)
validate	Install ansible-lint and yamllint	2026-08-10T18:52:26.3841962Z   Downloading jinja2-3.1.6-py3-none-any.whl.metadata (2.9 kB)
validate	Install ansible-lint and yamllint	2026-08-10T18:52:26.3977159Z Collecting resolvelib<2.0.0,>=0.5.3 (from ansible-core>=2.16.14->ansible-lint)
validate	Install ansible-lint and yamllint	2026-08-10T18:52:26.4019751Z   Downloading resolvelib-1.2.1-py3-none-any.whl.metadata (3.7 kB)
validate	Install ansible-lint and yamllint	2026-08-10T18:52:26.4183883Z Collecting click>=8.0.0 (from black>=24.3.0->ansible-lint)
validate	Install ansible-lint and yamllint	2026-08-10T18:52:26.4225220Z   Downloading click-8.4.2-py3-none-any.whl.metadata (2.6 kB)
validate	Install ansible-lint and yamllint	2026-08-10T18:52:26.4333872Z Collecting mypy-extensions>=0.4.3 (from black>=24.3.0->ansible-lint)
validate	Install ansible-lint and yamllint	2026-08-10T18:52:26.4373798Z   Downloading mypy_extensions-1.1.0-py3-none-any.whl.metadata (1.1 kB)
validate	Install ansible-lint and yamllint	2026-08-10T18:52:26.4543398Z Collecting platformdirs>=2 (from black>=24.3.0->ansible-lint)
validate	Install ansible-lint and yamllint	2026-08-10T18:52:26.4584005Z   Downloading platformdirs-4.11.2-py3-none-any.whl.metadata (5.5 kB)
validate	Install ansible-lint and yamllint	2026-08-10T18:52:26.4739731Z Collecting pytokens~=0.4.0 (from black>=24.3.0->ansible-lint)
validate	Install ansible-lint and yamllint	2026-08-10T18:52:26.4782333Z   Downloading pytokens-0.4.1-cp311-cp311-manylinux2014_x86_64.manylinux_2_17_x86_64.manylinux_2_28_x86_64.whl.metadata (3.8 kB)
validate	Install ansible-lint and yamllint	2026-08-10T18:52:26.4915487Z Collecting pycparser (from cffi>=1.15.1->ansible-lint)
validate	Install ansible-lint and yamllint	2026-08-10T18:52:26.4955973Z   Downloading pycparser-3.0-py3-none-any.whl.metadata (8.2 kB)
validate	Install ansible-lint and yamllint	2026-08-10T18:52:26.5431050Z Collecting MarkupSafe>=2.0 (from jinja2>=3.1.0->ansible-core>=2.16.14->ansible-lint)
validate	Install ansible-lint and yamllint	2026-08-10T18:52:26.5475079Z   Downloading markupsafe-3.0.3-cp311-cp311-manylinux2014_x86_64.manylinux_2_17_x86_64.manylinux_2_28_x86_64.whl.metadata (2.7 kB)
validate	Install ansible-lint and yamllint	2026-08-10T18:52:26.5613794Z Collecting attrs>=22.2.0 (from jsonschema>=4.10.0->ansible-lint)
validate	Install ansible-lint and yamllint	2026-08-10T18:52:26.5655736Z   Downloading attrs-26.1.0-py3-none-any.whl.metadata (8.8 kB)
validate	Install ansible-lint and yamllint	2026-08-10T18:52:26.5785131Z Collecting jsonschema-specifications>=2023.03.6 (from jsonschema>=4.10.0->ansible-lint)
validate	Install ansible-lint and yamllint	2026-08-10T18:52:26.5828333Z   Downloading jsonschema_specifications-2025.9.1-py3-none-any.whl.metadata (2.9 kB)
validate	Install ansible-lint and yamllint	2026-08-10T18:52:26.8445748Z Collecting rpds-py>=0.25.0 (from jsonschema>=4.10.0->ansible-lint)
validate	Install ansible-lint and yamllint	2026-08-10T18:52:26.8488025Z   Downloading rpds_py-2026.6.3-cp311-cp311-manylinux_2_17_x86_64.manylinux2014_x86_64.whl.metadata (4.1 kB)
validate	Install ansible-lint and yamllint	2026-08-10T18:52:26.8702191Z Collecting typing-extensions>=4.4.0 (from referencing>=0.36.2->ansible-lint)
validate	Install ansible-lint and yamllint	2026-08-10T18:52:26.8743179Z   Downloading typing_extensions-4.16.0-py3-none-any.whl.metadata (3.3 kB)
validate	Install ansible-lint and yamllint	2026-08-10T18:52:26.8895337Z Collecting bracex>=3.0 (from wcmatch>=8.1.2->ansible-lint)
validate	Install ansible-lint and yamllint	2026-08-10T18:52:26.8936682Z   Downloading bracex-3.0.1-py3-none-any.whl.metadata (3.3 kB)
validate	Install ansible-lint and yamllint	2026-08-10T18:52:26.9058467Z Downloading ansible_lint-26.6.0-py3-none-any.whl (341 kB)
validate	Install ansible-lint and yamllint	2026-08-10T18:52:26.9243259Z Downloading pathspec-1.1.1-py3-none-any.whl (57 kB)
validate	Install ansible-lint and yamllint	2026-08-10T18:52:26.9311161Z Downloading yamllint-1.38.0-py3-none-any.whl (68 kB)
validate	Install ansible-lint and yamllint	2026-08-10T18:52:26.9378887Z Downloading ansible_compat-26.6.0-py3-none-any.whl (29 kB)
validate	Install ansible-lint and yamllint	2026-08-10T18:52:26.9506325Z Downloading ansible_core-2.19.12-py3-none-any.whl (2.4 MB)
validate	Install ansible-lint and yamllint	2026-08-10T18:52:26.9686978Z    ━━━━━━━━━━━━━━━━━━━━━━━━━━━━━━━━━━━━━━━━ 2.4/2.4 MB 145.8 MB/s  0:00:00
validate	Install ansible-lint and yamllint	2026-08-10T18:52:26.9727451Z Downloading resolvelib-1.2.1-py3-none-any.whl (18 kB)
validate	Install ansible-lint and yamllint	2026-08-10T18:52:26.9788295Z Downloading black-26.5.1-cp311-cp311-manylinux2014_x86_64.manylinux_2_17_x86_64.manylinux_2_28_x86_64.whl (1.8 MB)
validate	Install ansible-lint and yamllint	2026-08-10T18:52:26.9886926Z    ━━━━━━━━━━━━━━━━━━━━━━━━━━━━━━━━━━━━━━━━ 1.8/1.8 MB 224.0 MB/s  0:00:00
validate	Install ansible-lint and yamllint	2026-08-10T18:52:26.9929411Z Downloading pytokens-0.4.1-cp311-cp311-manylinux2014_x86_64.manylinux_2_17_x86_64.manylinux_2_28_x86_64.whl (260 kB)
validate	Install ansible-lint and yamllint	2026-08-10T18:52:27.0002395Z Downloading cffi-2.1.1-cp311-cp311-manylinux2014_x86_64.manylinux_2_17_x86_64.whl (217 kB)
validate	Install ansible-lint and yamllint	2026-08-10T18:52:27.0066785Z Downloading click-8.4.2-py3-none-any.whl (119 kB)
validate	Install ansible-lint and yamllint	2026-08-10T18:52:27.0132636Z Downloading cryptography-50.0.0-cp311-abi3-manylinux_2_34_x86_64.whl (4.7 MB)
validate	Install ansible-lint and yamllint	2026-08-10T18:52:27.0313281Z    ━━━━━━━━━━━━━━━━━━━━━━━━━━━━━━━━━━━━━━━━ 4.7/4.7 MB 292.3 MB/s  0:00:00
validate	Install ansible-lint and yamllint	2026-08-10T18:52:27.0357703Z Downloading distro-1.9.0-py3-none-any.whl (20 kB)
validate	Install ansible-lint and yamllint	2026-08-10T18:52:27.0418047Z Downloading filelock-3.32.2-py3-none-any.whl (98 kB)
validate	Install ansible-lint and yamllint	2026-08-10T18:52:27.0483576Z Downloading jinja2-3.1.6-py3-none-any.whl (134 kB)
validate	Install ansible-lint and yamllint	2026-08-10T18:52:27.0549769Z Downloading jsonschema-4.26.0-py3-none-any.whl (90 kB)
validate	Install ansible-lint and yamllint	2026-08-10T18:52:27.0612552Z Downloading attrs-26.1.0-py3-none-any.whl (67 kB)
validate	Install ansible-lint and yamllint	2026-08-10T18:52:27.0674428Z Downloading jsonschema_specifications-2025.9.1-py3-none-any.whl (18 kB)
validate	Install ansible-lint and yamllint	2026-08-10T18:52:27.0733975Z Downloading markupsafe-3.0.3-cp311-cp311-manylinux2014_x86_64.manylinux_2_17_x86_64.manylinux_2_28_x86_64.whl (22 kB)
validate	Install ansible-lint and yamllint	2026-08-10T18:52:27.0795020Z Downloading mypy_extensions-1.1.0-py3-none-any.whl (5.0 kB)
validate	Install ansible-lint and yamllint	2026-08-10T18:52:27.0861237Z Downloading packaging-26.3-py3-none-any.whl (129 kB)
validate	Install ansible-lint and yamllint	2026-08-10T18:52:27.0928329Z Downloading platformdirs-4.11.2-py3-none-any.whl (23 kB)
validate	Install ansible-lint and yamllint	2026-08-10T18:52:27.0992729Z Downloading pyyaml-6.0.3-cp311-cp311-manylinux2014_x86_64.manylinux_2_17_x86_64.manylinux_2_28_x86_64.whl (806 kB)
validate	Install ansible-lint and yamllint	2026-08-10T18:52:27.1052581Z    ━━━━━━━━━━━━━━━━━━━━━━━━━━━━━━━━━━━━━━━━ 806.6/806.6 kB 164.9 MB/s  0:00:00
validate	Install ansible-lint and yamllint	2026-08-10T18:52:27.1102995Z Downloading referencing-0.37.0-py3-none-any.whl (26 kB)
validate	Install ansible-lint and yamllint	2026-08-10T18:52:27.1164764Z Downloading rpds_py-2026.6.3-cp311-cp311-manylinux_2_17_x86_64.manylinux2014_x86_64.whl (371 kB)
validate	Install ansible-lint and yamllint	2026-08-10T18:52:27.1243074Z Downloading ruamel_yaml-0.19.1-py3-none-any.whl (118 kB)
validate	Install ansible-lint and yamllint	2026-08-10T18:52:27.1307234Z Downloading ruamel_yaml_clib-0.2.15-cp311-cp311-manylinux2014_x86_64.manylinux_2_17_x86_64.manylinux_2_28_x86_64.whl (777 kB)
validate	Install ansible-lint and yamllint	2026-08-10T18:52:27.1364351Z    ━━━━━━━━━━━━━━━━━━━━━━━━━━━━━━━━━━━━━━━━ 777.6/777.6 kB 151.6 MB/s  0:00:00
validate	Install ansible-lint and yamllint	2026-08-10T18:52:27.1415660Z Downloading subprocess_tee-0.4.2-py3-none-any.whl (5.2 kB)
validate	Install ansible-lint and yamllint	2026-08-10T18:52:27.1478137Z Downloading typing_extensions-4.16.0-py3-none-any.whl (45 kB)
validate	Install ansible-lint and yamllint	2026-08-10T18:52:27.1534340Z Downloading wcmatch-11.0-py3-none-any.whl (42 kB)
validate	Install ansible-lint and yamllint	2026-08-10T18:52:27.1591744Z Downloading bracex-3.0.1-py3-none-any.whl (11 kB)
validate	Install ansible-lint and yamllint	2026-08-10T18:52:27.1646851Z Downloading pycparser-3.0-py3-none-any.whl (48 kB)
validate	Install ansible-lint and yamllint	2026-08-10T18:52:27.2904649Z Installing collected packages: typing-extensions, subprocess-tee, ruamel-yaml-clib, ruamel-yaml, rpds-py, resolvelib, pyyaml, pytokens, pycparser, platformdirs, pathspec, packaging, mypy-extensions, MarkupSafe, filelock, distro, click, bracex, attrs, yamllint, wcmatch, referencing, jinja2, cffi, black, jsonschema-specifications, cryptography, jsonschema, ansible-core, ansible-compat, ansible-lint
validate	Install ansible-lint and yamllint	2026-08-10T18:52:30.0191658Z 
validate	Install ansible-lint and yamllint	2026-08-10T18:52:30.0212050Z Successfully installed MarkupSafe-3.0.3 ansible-compat-26.6.0 ansible-core-2.19.12 ansible-lint-26.6.0 attrs-26.1.0 black-26.5.1 bracex-3.0.1 cffi-2.1.1 click-8.4.2 cryptography-50.0.0 distro-1.9.0 filelock-3.32.2 jinja2-3.1.6 jsonschema-4.26.0 jsonschema-specifications-2025.9.1 mypy-extensions-1.1.0 packaging-26.3 pathspec-1.1.1 platformdirs-4.11.2 pycparser-3.0 pytokens-0.4.1 pyyaml-6.0.3 referencing-0.37.0 resolvelib-1.2.1 rpds-py-2026.6.3 ruamel-yaml-0.19.1 ruamel-yaml-clib-0.2.15 subprocess-tee-0.4.2 typing-extensions-4.16.0 wcmatch-11.0 yamllint-1.38.0
validate	Run ansible-lint	﻿2026-08-10T18:52:30.1935802Z ##[group]Run if [ -d "ansible" ]; then
validate	Run ansible-lint	2026-08-10T18:52:30.1936157Z ^[[36;1mif [ -d "ansible" ]; then^[[0m
validate	Run ansible-lint	2026-08-10T18:52:30.1936423Z ^[[36;1m  ansible-lint ansible || true^[[0m
validate	Run ansible-lint	2026-08-10T18:52:30.1936685Z ^[[36;1melse^[[0m
validate	Run ansible-lint	2026-08-10T18:52:30.1936965Z ^[[36;1m  echo "No ansible directory, skipping ansible-lint"^[[0m
validate	Run ansible-lint	2026-08-10T18:52:30.1937289Z ^[[36;1mfi^[[0m
validate	Run ansible-lint	2026-08-10T18:52:30.1988171Z shell: /usr/bin/bash -e {0}
validate	Run ansible-lint	2026-08-10T18:52:30.1988445Z env:
validate	Run ansible-lint	2026-08-10T18:52:30.1988733Z   pythonLocation: /opt/hostedtoolcache/Python/3.11.15/x64
validate	Run ansible-lint	2026-08-10T18:52:30.1989358Z   PKG_CONFIG_PATH: /opt/hostedtoolcache/Python/3.11.15/x64/lib/pkgconfig
validate	Run ansible-lint	2026-08-10T18:52:30.1989794Z   Python_ROOT_DIR: /opt/hostedtoolcache/Python/3.11.15/x64
validate	Run ansible-lint	2026-08-10T18:52:30.1990186Z   Python2_ROOT_DIR: /opt/hostedtoolcache/Python/3.11.15/x64
validate	Run ansible-lint	2026-08-10T18:52:30.1990560Z   Python3_ROOT_DIR: /opt/hostedtoolcache/Python/3.11.15/x64
validate	Run ansible-lint	2026-08-10T18:52:30.1990933Z   LD_LIBRARY_PATH: /opt/hostedtoolcache/Python/3.11.15/x64/lib
validate	Run ansible-lint	2026-08-10T18:52:30.1991250Z ##[endgroup]
validate	Run ansible-lint	2026-08-10T18:52:34.0516207Z WARNING  Listing 5 violation(s) that are fatal
validate	Run ansible-lint	2026-08-10T18:52:34.0544631Z ##[error]Wrong indentation: expected at least 3
validate	Run ansible-lint	2026-08-10T18:52:34.0552901Z ##[error]Wrong indentation: expected 8 but found 6
validate	Run ansible-lint	2026-08-10T18:52:34.0554306Z ##[error]Wrong indentation: expected 8 but found 6
validate	Run ansible-lint	2026-08-10T18:52:34.0555416Z ##[error]Wrong indentation: expected at least 3
validate	Run ansible-lint	2026-08-10T18:52:34.0556554Z ##[error]Wrong indentation: expected 8 but found 6
validate	Run ansible-lint	2026-08-10T18:52:34.0557381Z Read documentation for instructions on how to ignore specific rule violations.
validate	Run ansible-lint	2026-08-10T18:52:34.0557712Z 
validate	Run ansible-lint	2026-08-10T18:52:34.0557815Z # Rule Violation Summary
validate	Run ansible-lint	2026-08-10T18:52:34.0558004Z 
validate	Run ansible-lint	2026-08-10T18:52:34.0558124Z   5 yaml profile:basic tags:formatting,yaml
validate	Run ansible-lint	2026-08-10T18:52:34.0558333Z 
validate	Run ansible-lint	2026-08-10T18:52:34.1374836Z Failed: 5 failure(s), 0 warning(s) in 2 files processed of 6 encountered. Last profile that met the validation criteria was 'min'.
validate	Run ansible-lint	2026-08-10T18:52:34.1375665Z yaml[indentation]: Wrong indentation: expected at least 3
validate	Run ansible-lint	2026-08-10T18:52:34.1376077Z ansible/playbooks/configure-management.yml:8
validate	Run ansible-lint	2026-08-10T18:52:34.1376292Z 
validate	Run ansible-lint	2026-08-10T18:52:34.1376456Z yaml[indentation]: Wrong indentation: expected 8 but found 6
validate	Run ansible-lint	2026-08-10T18:52:34.1376831Z ansible/playbooks/configure-management.yml:11
validate	Run ansible-lint	2026-08-10T18:52:34.1377041Z 
validate	Run ansible-lint	2026-08-10T18:52:34.1377184Z yaml[indentation]: Wrong indentation: expected 8 but found 6
validate	Run ansible-lint	2026-08-10T18:52:34.1377542Z ansible/playbooks/configure-management.yml:22
validate	Run ansible-lint	2026-08-10T18:52:34.1377749Z 
validate	Run ansible-lint	2026-08-10T18:52:34.1377900Z yaml[indentation]: Wrong indentation: expected at least 3
validate	Run ansible-lint	2026-08-10T18:52:34.1378246Z ansible/playbooks/validate-management.yml:8
validate	Run ansible-lint	2026-08-10T18:52:34.1378785Z 
validate	Run ansible-lint	2026-08-10T18:52:34.1379472Z yaml[indentation]: Wrong indentation: expected 8 but found 6
validate	Run ansible-lint	2026-08-10T18:52:34.1379901Z ansible/playbooks/validate-management.yml:26
validate	Run ansible-lint	2026-08-10T18:52:34.1380111Z 
validate	Run yamllint for k8s manifests	﻿2026-08-10T18:52:34.3023678Z ##[group]Run if [ -d "kubernetes/k8s-manifests" ]; then
validate	Run yamllint for k8s manifests	2026-08-10T18:52:34.3024127Z ^[[36;1mif [ -d "kubernetes/k8s-manifests" ]; then^[[0m
validate	Run yamllint for k8s manifests	2026-08-10T18:52:34.3024501Z ^[[36;1m  yamllint -c /dev/null kubernetes/k8s-manifests || true^[[0m
validate	Run yamllint for k8s manifests	2026-08-10T18:52:34.3024827Z ^[[36;1melse^[[0m
validate	Run yamllint for k8s manifests	2026-08-10T18:52:34.3025083Z ^[[36;1m  echo "No k8s-manifests dir, skipping yamllint"^[[0m
validate	Run yamllint for k8s manifests	2026-08-10T18:52:34.3025394Z ^[[36;1mfi^[[0m
validate	Run yamllint for k8s manifests	2026-08-10T18:52:34.3073835Z shell: /usr/bin/bash -e {0}
validate	Run yamllint for k8s manifests	2026-08-10T18:52:34.3074101Z env:
validate	Run yamllint for k8s manifests	2026-08-10T18:52:34.3074380Z   pythonLocation: /opt/hostedtoolcache/Python/3.11.15/x64
validate	Run yamllint for k8s manifests	2026-08-10T18:52:34.3074822Z   PKG_CONFIG_PATH: /opt/hostedtoolcache/Python/3.11.15/x64/lib/pkgconfig
validate	Run yamllint for k8s manifests	2026-08-10T18:52:34.3075240Z   Python_ROOT_DIR: /opt/hostedtoolcache/Python/3.11.15/x64
validate	Run yamllint for k8s manifests	2026-08-10T18:52:34.3075633Z   Python2_ROOT_DIR: /opt/hostedtoolcache/Python/3.11.15/x64
validate	Run yamllint for k8s manifests	2026-08-10T18:52:34.3076014Z   Python3_ROOT_DIR: /opt/hostedtoolcache/Python/3.11.15/x64
validate	Run yamllint for k8s manifests	2026-08-10T18:52:34.3076397Z   LD_LIBRARY_PATH: /opt/hostedtoolcache/Python/3.11.15/x64/lib
validate	Run yamllint for k8s manifests	2026-08-10T18:52:34.3076760Z ##[endgroup]
validate	Run yamllint for k8s manifests	2026-08-10T18:52:34.3884354Z invalid config: not a mapping
validate	Setup Terraform	﻿2026-08-10T18:52:34.4043422Z Node 20 is being deprecated. This workflow is running with Node 24 by default. If you need to temporarily use Node 20, you can set the ACTIONS_ALLOW_USE_UNSECURE_NODE_VERSION=true environment variable. For more information see: https://github.blog/changelog/2025-09-19-deprecation-of-node-20-on-github-actions-runners/
validate	Setup Terraform	2026-08-10T18:52:34.4044696Z ##[group]Run hashicorp/setup-terraform@v2
validate	Setup Terraform	2026-08-10T18:52:34.4044972Z with:
validate	Setup Terraform	2026-08-10T18:52:34.4045174Z   terraform_version: 1.5.7
validate	Setup Terraform	2026-08-10T18:52:34.4045450Z   cli_config_credentials_hostname: app.terraform.io
validate	Setup Terraform	2026-08-10T18:52:34.4045760Z   terraform_wrapper: true
validate	Setup Terraform	2026-08-10T18:52:34.4045995Z env:
validate	Setup Terraform	2026-08-10T18:52:34.4046251Z   pythonLocation: /opt/hostedtoolcache/Python/3.11.15/x64
validate	Setup Terraform	2026-08-10T18:52:34.4046677Z   PKG_CONFIG_PATH: /opt/hostedtoolcache/Python/3.11.15/x64/lib/pkgconfig
validate	Setup Terraform	2026-08-10T18:52:34.4047094Z   Python_ROOT_DIR: /opt/hostedtoolcache/Python/3.11.15/x64
validate	Setup Terraform	2026-08-10T18:52:34.4047471Z   Python2_ROOT_DIR: /opt/hostedtoolcache/Python/3.11.15/x64
validate	Setup Terraform	2026-08-10T18:52:34.4047909Z   Python3_ROOT_DIR: /opt/hostedtoolcache/Python/3.11.15/x64
validate	Setup Terraform	2026-08-10T18:52:34.4048276Z   LD_LIBRARY_PATH: /opt/hostedtoolcache/Python/3.11.15/x64/lib
validate	Setup Terraform	2026-08-10T18:52:34.4048591Z ##[endgroup]
validate	Setup Terraform	2026-08-10T18:52:34.5062196Z (node:2262) [DEP0169] DeprecationWarning: `url.parse()` behavior is not standardized and prone to errors that have security implications. Use the WHATWG URL API instead. CVEs are not issued for `url.parse()` vulnerabilities.
validate	Setup Terraform	2026-08-10T18:52:34.5063880Z (Use `node --trace-deprecation ...` to show where the warning was created)
validate	Setup Terraform	2026-08-10T18:52:34.6935121Z [command]/usr/bin/unzip -o -q /home/runner/work/_temp/717bc82a-6002-4fa2-a3f9-b62bea8b491d
validate	Terraform validate	﻿2026-08-10T18:52:35.1878506Z ##[group]Run if [ -d "terraform" ]; then
validate	Terraform validate	2026-08-10T18:52:35.1878903Z ^[[36;1mif [ -d "terraform" ]; then^[[0m
validate	Terraform validate	2026-08-10T18:52:35.1879455Z ^[[36;1m  cd terraform^[[0m
validate	Terraform validate	2026-08-10T18:52:35.1879694Z ^[[36;1m  terraform init -backend=false^[[0m
validate	Terraform validate	2026-08-10T18:52:35.1879963Z ^[[36;1m  terraform validate^[[0m
validate	Terraform validate	2026-08-10T18:52:35.1880191Z ^[[36;1melse^[[0m
validate	Terraform validate	2026-08-10T18:52:35.1880466Z ^[[36;1m  echo "No terraform dir, skipping terraform validate"^[[0m
validate	Terraform validate	2026-08-10T18:52:35.1880788Z ^[[36;1mfi^[[0m
validate	Terraform validate	2026-08-10T18:52:35.1930617Z shell: /usr/bin/bash -e {0}
validate	Terraform validate	2026-08-10T18:52:35.1930896Z env:
validate	Terraform validate	2026-08-10T18:52:35.1931185Z   pythonLocation: /opt/hostedtoolcache/Python/3.11.15/x64
validate	Terraform validate	2026-08-10T18:52:35.1931631Z   PKG_CONFIG_PATH: /opt/hostedtoolcache/Python/3.11.15/x64/lib/pkgconfig
validate	Terraform validate	2026-08-10T18:52:35.1932059Z   Python_ROOT_DIR: /opt/hostedtoolcache/Python/3.11.15/x64
validate	Terraform validate	2026-08-10T18:52:35.1932442Z   Python2_ROOT_DIR: /opt/hostedtoolcache/Python/3.11.15/x64
validate	Terraform validate	2026-08-10T18:52:35.1933031Z   Python3_ROOT_DIR: /opt/hostedtoolcache/Python/3.11.15/x64
validate	Terraform validate	2026-08-10T18:52:35.1933461Z   LD_LIBRARY_PATH: /opt/hostedtoolcache/Python/3.11.15/x64/lib
validate	Terraform validate	2026-08-10T18:52:35.1933914Z   TERRAFORM_CLI_PATH: /home/runner/work/_temp/1b05284b-995d-4c9d-94e2-9fedd184da3e
validate	Terraform validate	2026-08-10T18:52:35.1934309Z ##[endgroup]
validate	Terraform validate	2026-08-10T18:52:35.3666685Z [command]/home/runner/work/_temp/1b05284b-995d-4c9d-94e2-9fedd184da3e/terraform-bin init -backend=false
validate	Terraform validate	2026-08-10T18:52:35.3944216Z 
validate	Terraform validate	2026-08-10T18:52:35.3945307Z ^[[0m^[[1mInitializing provider plugins...^[[0m
validate	Terraform validate	2026-08-10T18:52:35.3945911Z - Finding hashicorp/kubernetes versions matching "~> 2.20"...
validate	Terraform validate	2026-08-10T18:52:35.4513469Z - Finding hashicorp/helm versions matching "~> 2.10"...
validate	Terraform validate	2026-08-10T18:52:35.4660503Z - Finding hashicorp/aws versions matching "~> 5.0"...
validate	Terraform validate	2026-08-10T18:52:35.5495669Z - Installing hashicorp/kubernetes v2.38.0...
validate	Terraform validate	2026-08-10T18:52:36.1847317Z - Installed hashicorp/kubernetes v2.38.0 (signed by HashiCorp)
validate	Terraform validate	2026-08-10T18:52:36.2535576Z - Installing hashicorp/helm v2.17.0...
validate	Terraform validate	2026-08-10T18:52:36.8672954Z - Installed hashicorp/helm v2.17.0 (signed by HashiCorp)
validate	Terraform validate	2026-08-10T18:52:36.9286712Z - Installing hashicorp/aws v5.100.0...
validate	Terraform validate	2026-08-10T18:52:42.5403839Z - Installed hashicorp/aws v5.100.0 (signed by HashiCorp)
validate	Terraform validate	2026-08-10T18:52:42.5404194Z 
validate	Terraform validate	2026-08-10T18:52:42.5404942Z Terraform has created a lock file ^[[1m.terraform.lock.hcl^[[0m to record the provider
validate	Terraform validate	2026-08-10T18:52:42.5405822Z selections it made above. Include this file in your version control repository
validate	Terraform validate	2026-08-10T18:52:42.5406616Z so that Terraform can guarantee to make the same selections by default when
validate	Terraform validate	2026-08-10T18:52:42.5407312Z you run "terraform init" in the future.^[[0m
validate	Terraform validate	2026-08-10T18:52:42.5407527Z 
validate	Terraform validate	2026-08-10T18:52:42.5415049Z ^[[0m^[[1m^[[32mTerraform has been successfully initialized!^[[0m^[[32m^[[0m
validate	Terraform validate	2026-08-10T18:52:42.5419548Z ^[[0m^[[32m
validate	Terraform validate	2026-08-10T18:52:42.5427468Z You may now begin working with Terraform. Try running "terraform plan" to see
validate	Terraform validate	2026-08-10T18:52:42.5428326Z any changes that are required for your infrastructure. All Terraform commands
validate	Terraform validate	2026-08-10T18:52:42.5428746Z should now work.
validate	Terraform validate	2026-08-10T18:52:42.5428872Z 
validate	Terraform validate	2026-08-10T18:52:42.5429239Z If you ever set or change modules or backend configuration for Terraform,
validate	Terraform validate	2026-08-10T18:52:42.5429747Z rerun this command to reinitialize your working directory. If you forget, other
validate	Terraform validate	2026-08-10T18:52:42.5430327Z commands will detect it and remind you to do so if necessary.^[[0m
validate	Terraform validate	2026-08-10T18:52:42.5935819Z [command]/home/runner/work/_temp/1b05284b-995d-4c9d-94e2-9fedd184da3e/terraform-bin validate
validate	Terraform validate	2026-08-10T18:52:47.0689701Z ^[[32m^[[1mSuccess!^[[0m The configuration is valid.
validate	Terraform validate	2026-08-10T18:52:47.0690269Z ^[[0m
validate	Install kubeval	﻿2026-08-10T18:52:47.0884346Z ##[group]Run KUV_VER=$(curl -s https://api.github.com/repos/instrumenta/kubeval/releases/latest | jq -r .tag_name)
validate	Install kubeval	2026-08-10T18:52:47.0885184Z ^[[36;1mKUV_VER=$(curl -s https://api.github.com/repos/instrumenta/kubeval/releases/latest | jq -r .tag_name)^[[0m
validate	Install kubeval	2026-08-10T18:52:47.0886037Z ^[[36;1mcurl -sL "https://github.com/instrumenta/kubeval/releases/download/${KUV_VER}/kubeval-linux-amd64.tar.gz" -o /tmp/kubeval.tar.gz^[[0m
validate	Install kubeval	2026-08-10T18:52:47.0886691Z ^[[36;1msudo tar -C /usr/local/bin -xzf /tmp/kubeval.tar.gz kubeval^[[0m
validate	Install kubeval	2026-08-10T18:52:47.0887042Z ^[[36;1mkubeval --version || true^[[0m
validate	Install kubeval	2026-08-10T18:52:47.0935480Z shell: /usr/bin/bash -e {0}
validate	Install kubeval	2026-08-10T18:52:47.0935756Z env:
validate	Install kubeval	2026-08-10T18:52:47.0936030Z   pythonLocation: /opt/hostedtoolcache/Python/3.11.15/x64
validate	Install kubeval	2026-08-10T18:52:47.0936471Z   PKG_CONFIG_PATH: /opt/hostedtoolcache/Python/3.11.15/x64/lib/pkgconfig
validate	Install kubeval	2026-08-10T18:52:47.0936888Z   Python_ROOT_DIR: /opt/hostedtoolcache/Python/3.11.15/x64
validate	Install kubeval	2026-08-10T18:52:47.0937268Z   Python2_ROOT_DIR: /opt/hostedtoolcache/Python/3.11.15/x64
validate	Install kubeval	2026-08-10T18:52:47.0937723Z   Python3_ROOT_DIR: /opt/hostedtoolcache/Python/3.11.15/x64
validate	Install kubeval	2026-08-10T18:52:47.0938093Z   LD_LIBRARY_PATH: /opt/hostedtoolcache/Python/3.11.15/x64/lib
validate	Install kubeval	2026-08-10T18:52:47.0938539Z   TERRAFORM_CLI_PATH: /home/runner/work/_temp/1b05284b-995d-4c9d-94e2-9fedd184da3e
validate	Install kubeval	2026-08-10T18:52:47.0939364Z   KUBEVERSION: latest
validate	Install kubeval	2026-08-10T18:52:47.0939585Z ##[endgroup]
validate	Install kubeval	2026-08-10T18:52:47.4948840Z Version: 0.16.1
validate	Install kubeval	2026-08-10T18:52:47.4951869Z Commit: f5dba6b486fa18b9179b91e15eb6f2b0f7a5a69e
validate	Install kubeval	2026-08-10T18:52:47.4952363Z Date: 2021-03-30T15:17:06Z
validate	Run kubeval on manifests	﻿2026-08-10T18:52:47.4986395Z ##[group]Run if [ -d "kubernetes/k8s-manifests" ]; then
validate	Run kubeval on manifests	2026-08-10T18:52:47.4986822Z ^[[36;1mif [ -d "kubernetes/k8s-manifests" ]; then^[[0m
validate	Run kubeval on manifests	2026-08-10T18:52:47.4987293Z ^[[36;1m  find kubernetes/k8s-manifests -name '*.yaml' -print0 | xargs -0 -n1 kubeval || true^[[0m
validate	Run kubeval on manifests	2026-08-10T18:52:47.4987717Z ^[[36;1melse^[[0m
validate	Run kubeval on manifests	2026-08-10T18:52:47.4987986Z ^[[36;1m  echo "No k8s manifests directory, skipping kubeval"^[[0m
validate	Run kubeval on manifests	2026-08-10T18:52:47.4988289Z ^[[36;1mfi^[[0m
validate	Run kubeval on manifests	2026-08-10T18:52:47.5037007Z shell: /usr/bin/bash -e {0}
validate	Run kubeval on manifests	2026-08-10T18:52:47.5037287Z env:
validate	Run kubeval on manifests	2026-08-10T18:52:47.5037566Z   pythonLocation: /opt/hostedtoolcache/Python/3.11.15/x64
validate	Run kubeval on manifests	2026-08-10T18:52:47.5038003Z   PKG_CONFIG_PATH: /opt/hostedtoolcache/Python/3.11.15/x64/lib/pkgconfig
validate	Run kubeval on manifests	2026-08-10T18:52:47.5038440Z   Python_ROOT_DIR: /opt/hostedtoolcache/Python/3.11.15/x64
validate	Run kubeval on manifests	2026-08-10T18:52:47.5038820Z   Python2_ROOT_DIR: /opt/hostedtoolcache/Python/3.11.15/x64
validate	Run kubeval on manifests	2026-08-10T18:52:47.5039480Z   Python3_ROOT_DIR: /opt/hostedtoolcache/Python/3.11.15/x64
validate	Run kubeval on manifests	2026-08-10T18:52:47.5039865Z   LD_LIBRARY_PATH: /opt/hostedtoolcache/Python/3.11.15/x64/lib
validate	Run kubeval on manifests	2026-08-10T18:52:47.5040382Z   TERRAFORM_CLI_PATH: /home/runner/work/_temp/1b05284b-995d-4c9d-94e2-9fedd184da3e
validate	Run kubeval on manifests	2026-08-10T18:52:47.5040767Z ##[endgroup]
validate	Run kubeval on manifests	2026-08-10T18:52:47.6010813Z ERR  - kubernetes/k8s-manifests/admin/deployment.yaml: Failed initializing schema https://kubernetesjsonschema.dev/master-standalone/deployment-apps-v1.json: Get "https://kubernetesjsonschema.dev/master-standalone/deployment-apps-v1.json": x509: certificate is valid for *.netlify.app, netlify.app, not kubernetesjsonschema.dev
validate	Run kubeval on manifests	2026-08-10T18:52:47.6831791Z ERR  - kubernetes/k8s-manifests/admin/service.yaml: Failed initializing schema https://kubernetesjsonschema.dev/master-standalone/service-v1.json: Get "https://kubernetesjsonschema.dev/master-standalone/service-v1.json": x509: certificate is valid for *.netlify.app, netlify.app, not kubernetesjsonschema.dev
validate	Run kubeval on manifests	2026-08-10T18:52:47.7388498Z ERR  - kubernetes/k8s-manifests/frontend/deployment.yaml: Failed initializing schema https://kubernetesjsonschema.dev/master-standalone/deployment-apps-v1.json: Get "https://kubernetesjsonschema.dev/master-standalone/deployment-apps-v1.json": x509: certificate is valid for *.netlify.app, netlify.app, not kubernetesjsonschema.dev
validate	Run kubeval on manifests	2026-08-10T18:52:47.7673666Z ERR  - kubernetes/k8s-manifests/frontend/service.yaml: Failed initializing schema https://kubernetesjsonschema.dev/master-standalone/service-v1.json: Get "https://kubernetesjsonschema.dev/master-standalone/service-v1.json": x509: certificate is valid for *.netlify.app, netlify.app, not kubernetesjsonschema.dev
validate	Run kubeval on manifests	2026-08-10T18:52:47.8038456Z ERR  - kubernetes/k8s-manifests/daemonsets-example/README.yaml: Failed initializing schema https://kubernetesjsonschema.dev/master-standalone/configmap-v1.json: Get "https://kubernetesjsonschema.dev/master-standalone/configmap-v1.json": x509: certificate is valid for *.netlify.app, netlify.app, not kubernetesjsonschema.dev
validate	Run kubeval on manifests	2026-08-10T18:52:47.8644559Z ERR  - kubernetes/k8s-manifests/namespace/namespace.yaml: Failed initializing schema https://kubernetesjsonschema.dev/master-standalone/namespace-v1.json: Get "https://kubernetesjsonschema.dev/master-standalone/namespace-v1.json": x509: certificate is valid for *.netlify.app, netlify.app, not kubernetesjsonschema.dev
validate	Run kubeval on manifests	2026-08-10T18:52:47.9503686Z ERR  - kubernetes/k8s-manifests/database/mongo-deployment.yaml: Failed initializing schema https://kubernetesjsonschema.dev/master-standalone/deployment-apps-v1.json: Get "https://kubernetesjsonschema.dev/master-standalone/deployment-apps-v1.json": x509: certificate is valid for *.netlify.app, netlify.app, not kubernetesjsonschema.dev
validate	Run kubeval on manifests	2026-08-10T18:52:48.0347250Z ERR  - kubernetes/k8s-manifests/database/aws-secretstore.yaml: Failed initializing schema https://kubernetesjsonschema.dev/master-standalone/secretstore-external-secrets-v1beta1.json: Get "https://kubernetesjsonschema.dev/master-standalone/secretstore-external-secrets-v1beta1.json": x509: certificate is valid for *.netlify.app, netlify.app, not kubernetesjsonschema.dev
validate	Run kubeval on manifests	2026-08-10T18:52:48.0770751Z ERR  - kubernetes/k8s-manifests/database/mongo-service.yaml: Failed initializing schema https://kubernetesjsonschema.dev/master-standalone/service-v1.json: Get "https://kubernetesjsonschema.dev/master-standalone/service-v1.json": x509: certificate is valid for *.netlify.app, netlify.app, not kubernetesjsonschema.dev
validate	Run kubeval on manifests	2026-08-10T18:52:48.1444487Z ERR  - kubernetes/k8s-manifests/database/mongo-secret-externalsecret.yaml: Failed initializing schema https://kubernetesjsonschema.dev/master-standalone/externalsecret-external-secrets-v1beta1.json: Get "https://kubernetesjsonschema.dev/master-standalone/externalsecret-external-secrets-v1beta1.json": x509: certificate is valid for *.netlify.app, netlify.app, not kubernetesjsonschema.dev
validate	Run kubeval on manifests	2026-08-10T18:52:48.1910020Z ERR  - kubernetes/k8s-manifests/ingress/ingress-shopnow.yaml: Failed initializing schema https://kubernetesjsonschema.dev/master-standalone/ingress-networking-v1.json: Get "https://kubernetesjsonschema.dev/master-standalone/ingress-networking-v1.json": x509: certificate is valid for *.netlify.app, netlify.app, not kubernetesjsonschema.dev
validate	Run kubeval on manifests	2026-08-10T18:52:48.2806383Z ERR  - kubernetes/k8s-manifests/backend/deployment.yaml: Failed initializing schema https://kubernetesjsonschema.dev/master-standalone/deployment-apps-v1.json: Get "https://kubernetesjsonschema.dev/master-standalone/deployment-apps-v1.json": x509: certificate is valid for *.netlify.app, netlify.app, not kubernetesjsonschema.dev
validate	Run kubeval on manifests	2026-08-10T18:52:48.3353107Z ERR  - kubernetes/k8s-manifests/backend/service.yaml: Failed initializing schema https://kubernetesjsonschema.dev/master-standalone/service-v1.json: Get "https://kubernetesjsonschema.dev/master-standalone/service-v1.json": x509: certificate is valid for *.netlify.app, netlify.app, not kubernetesjsonschema.dev
validate	Install ShellCheck	﻿2026-08-10T18:52:48.3392980Z ##[group]Run sudo apt-get update -y
validate	Install ShellCheck	2026-08-10T18:52:48.3393338Z ^[[36;1msudo apt-get update -y^[[0m
validate	Install ShellCheck	2026-08-10T18:52:48.3393609Z ^[[36;1msudo apt-get install -y shellcheck^[[0m
validate	Install ShellCheck	2026-08-10T18:52:48.3441174Z shell: /usr/bin/bash -e {0}
validate	Install ShellCheck	2026-08-10T18:52:48.3441432Z env:
validate	Install ShellCheck	2026-08-10T18:52:48.3441706Z   pythonLocation: /opt/hostedtoolcache/Python/3.11.15/x64
validate	Install ShellCheck	2026-08-10T18:52:48.3442138Z   PKG_CONFIG_PATH: /opt/hostedtoolcache/Python/3.11.15/x64/lib/pkgconfig
validate	Install ShellCheck	2026-08-10T18:52:48.3442551Z   Python_ROOT_DIR: /opt/hostedtoolcache/Python/3.11.15/x64
validate	Install ShellCheck	2026-08-10T18:52:48.3442921Z   Python2_ROOT_DIR: /opt/hostedtoolcache/Python/3.11.15/x64
validate	Install ShellCheck	2026-08-10T18:52:48.3443298Z   Python3_ROOT_DIR: /opt/hostedtoolcache/Python/3.11.15/x64
validate	Install ShellCheck	2026-08-10T18:52:48.3443669Z   LD_LIBRARY_PATH: /opt/hostedtoolcache/Python/3.11.15/x64/lib
validate	Install ShellCheck	2026-08-10T18:52:48.3444121Z   TERRAFORM_CLI_PATH: /home/runner/work/_temp/1b05284b-995d-4c9d-94e2-9fedd184da3e
validate	Install ShellCheck	2026-08-10T18:52:48.3444522Z ##[endgroup]
validate	Install ShellCheck	2026-08-10T18:52:48.4582999Z Get:1 file:/etc/apt/apt-mirrors.txt Mirrorlist [144 B]
validate	Install ShellCheck	2026-08-10T18:52:48.4810467Z Get:6 https://packages.microsoft.com/repos/azure-cli noble InRelease [3564 B]
validate	Install ShellCheck	2026-08-10T18:52:48.5004296Z Hit:2 http://azure.archive.ubuntu.com/ubuntu noble InRelease
validate	Install ShellCheck	2026-08-10T18:52:48.5005301Z Get:7 https://packages.microsoft.com/ubuntu/24.04/prod noble InRelease [3600 B]
validate	Install ShellCheck	2026-08-10T18:52:48.5008092Z Get:8 https://dl.google.com/linux/chrome-stable/deb stable InRelease [2548 B]
validate	Install ShellCheck	2026-08-10T18:52:48.5021121Z Get:3 http://azure.archive.ubuntu.com/ubuntu noble-updates InRelease [126 kB]
validate	Install ShellCheck	2026-08-10T18:52:48.5064195Z Get:4 http://azure.archive.ubuntu.com/ubuntu noble-backports InRelease [126 kB]
validate	Install ShellCheck	2026-08-10T18:52:48.5103653Z Get:5 http://azure.archive.ubuntu.com/ubuntu noble-security InRelease [126 kB]
validate	Install ShellCheck	2026-08-10T18:52:48.5897758Z Get:9 https://packages.microsoft.com/repos/azure-cli noble/main amd64 Packages [2375 B]
validate	Install ShellCheck	2026-08-10T18:52:48.7098120Z Get:10 https://packages.microsoft.com/ubuntu/24.04/prod noble/main armhf Packages [12.2 kB]
validate	Install ShellCheck	2026-08-10T18:52:48.7151937Z Get:11 https://packages.microsoft.com/ubuntu/24.04/prod noble/main amd64 Packages [316 kB]
validate	Install ShellCheck	2026-08-10T18:52:48.7217313Z Get:12 https://packages.microsoft.com/ubuntu/24.04/prod noble/main all Packages [643 B]
validate	Install ShellCheck	2026-08-10T18:52:48.7260306Z Get:13 https://packages.microsoft.com/ubuntu/24.04/prod noble/main arm64 Packages [275 kB]
validate	Install ShellCheck	2026-08-10T18:52:48.7943645Z Get:14 https://dl.google.com/linux/chrome-stable/deb stable/main amd64 Packages [1407 B]
validate	Install ShellCheck	2026-08-10T18:52:48.8346278Z Get:15 http://azure.archive.ubuntu.com/ubuntu noble-updates/main amd64 Packages [1187 kB]
validate	Install ShellCheck	2026-08-10T18:52:48.8427638Z Get:16 http://azure.archive.ubuntu.com/ubuntu noble-updates/main Translation-en [281 kB]
validate	Install ShellCheck	2026-08-10T18:52:48.8453615Z Get:17 http://azure.archive.ubuntu.com/ubuntu noble-updates/main amd64 Components [180 kB]
validate	Install ShellCheck	2026-08-10T18:52:48.8476684Z Get:18 http://azure.archive.ubuntu.com/ubuntu noble-updates/universe amd64 Packages [1682 kB]
validate	Install ShellCheck	2026-08-10T18:52:48.8567623Z Get:19 http://azure.archive.ubuntu.com/ubuntu noble-updates/universe Translation-en [335 kB]
validate	Install ShellCheck	2026-08-10T18:52:48.8595649Z Get:20 http://azure.archive.ubuntu.com/ubuntu noble-updates/universe amd64 Components [388 kB]
validate	Install ShellCheck	2026-08-10T18:52:48.8628717Z Get:21 http://azure.archive.ubuntu.com/ubuntu noble-updates/restricted amd64 Packages [1416 kB]
validate	Install ShellCheck	2026-08-10T18:52:48.8710498Z Get:22 http://azure.archive.ubuntu.com/ubuntu noble-updates/restricted Translation-en [321 kB]
validate	Install ShellCheck	2026-08-10T18:52:48.8740699Z Get:23 http://azure.archive.ubuntu.com/ubuntu noble-updates/multiverse amd64 Packages [45.4 kB]
validate	Install ShellCheck	2026-08-10T18:52:48.8756762Z Get:24 http://azure.archive.ubuntu.com/ubuntu noble-updates/multiverse Translation-en [12.3 kB]
validate	Install ShellCheck	2026-08-10T18:52:48.9203994Z Get:25 http://azure.archive.ubuntu.com/ubuntu noble-updates/multiverse amd64 Components [940 B]
validate	Install ShellCheck	2026-08-10T18:52:48.9223338Z Get:26 http://azure.archive.ubuntu.com/ubuntu noble-backports/main amd64 Components [5776 B]
validate	Install ShellCheck	2026-08-10T18:52:48.9236495Z Get:27 http://azure.archive.ubuntu.com/ubuntu noble-backports/universe amd64 Packages [31.0 kB]
validate	Install ShellCheck	2026-08-10T18:52:48.9249879Z Get:28 http://azure.archive.ubuntu.com/ubuntu noble-backports/universe amd64 Components [12.6 kB]
validate	Install ShellCheck	2026-08-10T18:52:48.9671338Z Get:29 http://azure.archive.ubuntu.com/ubuntu noble-security/main amd64 Packages [927 kB]
validate	Install ShellCheck	2026-08-10T18:52:48.9716290Z Get:30 http://azure.archive.ubuntu.com/ubuntu noble-security/main Translation-en [201 kB]
validate	Install ShellCheck	2026-08-10T18:52:48.9740020Z Get:31 http://azure.archive.ubuntu.com/ubuntu noble-security/main amd64 Components [46.3 kB]
validate	Install ShellCheck	2026-08-10T18:52:48.9773262Z Get:32 http://azure.archive.ubuntu.com/ubuntu noble-security/universe amd64 Packages [1200 kB]
validate	Install ShellCheck	2026-08-10T18:52:48.9831988Z Get:33 http://azure.archive.ubuntu.com/ubuntu noble-security/universe Translation-en [239 kB]
validate	Install ShellCheck	2026-08-10T18:52:48.9856281Z Get:34 http://azure.archive.ubuntu.com/ubuntu noble-security/universe amd64 Components [76.2 kB]
validate	Install ShellCheck	2026-08-10T18:52:48.9874841Z Get:35 http://azure.archive.ubuntu.com/ubuntu noble-security/restricted amd64 Packages [1320 kB]
validate	Install ShellCheck	2026-08-10T18:52:48.9993638Z Get:36 http://azure.archive.ubuntu.com/ubuntu noble-security/restricted Translation-en [302 kB]
validate	Install ShellCheck	2026-08-10T18:52:49.0022850Z Get:37 http://azure.archive.ubuntu.com/ubuntu noble-security/multiverse amd64 Packages [40.3 kB]
validate	Install ShellCheck	2026-08-10T18:52:49.0039718Z Get:38 http://azure.archive.ubuntu.com/ubuntu noble-security/multiverse Translation-en [10.6 kB]
validate	Install ShellCheck	2026-08-10T18:52:53.8671064Z Fetched 11.3 MB in 2s (7357 kB/s)
validate	Install ShellCheck	2026-08-10T18:52:54.6824337Z Reading package lists...
validate	Install ShellCheck	2026-08-10T18:52:54.7157641Z Reading package lists...
validate	Install ShellCheck	2026-08-10T18:52:54.9424084Z Building dependency tree...
validate	Install ShellCheck	2026-08-10T18:52:54.9431742Z Reading state information...
validate	Install ShellCheck	2026-08-10T18:52:55.1661275Z shellcheck is already the newest version (0.9.0-1).
validate	Install ShellCheck	2026-08-10T18:52:55.1662028Z 0 upgraded, 0 newly installed, 0 to remove and 97 not upgraded.
validate	Run ShellCheck on scripts	﻿2026-08-10T18:52:55.1712210Z ##[group]Run if [ -d "scripts" ]; then
validate	Run ShellCheck on scripts	2026-08-10T18:52:55.1712732Z ^[[36;1mif [ -d "scripts" ]; then^[[0m
validate	Run ShellCheck on scripts	2026-08-10T18:52:55.1713117Z ^[[36;1m  find scripts -type f -name '*.sh' -print0 | xargs -0 shellcheck || true^[[0m
validate	Run ShellCheck on scripts	2026-08-10T18:52:55.1713538Z ^[[36;1melse^[[0m
validate	Run ShellCheck on scripts	2026-08-10T18:52:55.1713786Z ^[[36;1m  echo "No scripts dir, skipping shellcheck"^[[0m
validate	Run ShellCheck on scripts	2026-08-10T18:52:55.1714094Z ^[[36;1mfi^[[0m
validate	Run ShellCheck on scripts	2026-08-10T18:52:55.1761525Z shell: /usr/bin/bash -e {0}
validate	Run ShellCheck on scripts	2026-08-10T18:52:55.1761787Z env:
validate	Run ShellCheck on scripts	2026-08-10T18:52:55.1762054Z   pythonLocation: /opt/hostedtoolcache/Python/3.11.15/x64
validate	Run ShellCheck on scripts	2026-08-10T18:52:55.1762483Z   PKG_CONFIG_PATH: /opt/hostedtoolcache/Python/3.11.15/x64/lib/pkgconfig
validate	Run ShellCheck on scripts	2026-08-10T18:52:55.1762897Z   Python_ROOT_DIR: /opt/hostedtoolcache/Python/3.11.15/x64
validate	Run ShellCheck on scripts	2026-08-10T18:52:55.1763272Z   Python2_ROOT_DIR: /opt/hostedtoolcache/Python/3.11.15/x64
validate	Run ShellCheck on scripts	2026-08-10T18:52:55.1763642Z   Python3_ROOT_DIR: /opt/hostedtoolcache/Python/3.11.15/x64
validate	Run ShellCheck on scripts	2026-08-10T18:52:55.1764004Z   LD_LIBRARY_PATH: /opt/hostedtoolcache/Python/3.11.15/x64/lib
validate	Run ShellCheck on scripts	2026-08-10T18:52:55.1764522Z   TERRAFORM_CLI_PATH: /home/runner/work/_temp/1b05284b-995d-4c9d-94e2-9fedd184da3e
validate	Run ShellCheck on scripts	2026-08-10T18:52:55.1764904Z ##[endgroup]
validate	Run ShellCheck on scripts	2026-08-10T18:52:55.5408600Z 
validate	Run ShellCheck on scripts	2026-08-10T18:52:55.5409909Z In scripts/build-and-push.sh line 51:
validate	Run ShellCheck on scripts	2026-08-10T18:52:55.5410418Z       ${build_arg} \
validate	Run ShellCheck on scripts	2026-08-10T18:52:55.5410978Z       ^----------^ SC2086 (info): Double quote to prevent globbing and word splitting.
validate	Run ShellCheck on scripts	2026-08-10T18:52:55.5411410Z 
validate	Run ShellCheck on scripts	2026-08-10T18:52:55.5411527Z Did you mean: 
validate	Run ShellCheck on scripts	2026-08-10T18:52:55.5411796Z       "${build_arg}" \
validate	Run ShellCheck on scripts	2026-08-10T18:52:55.5411971Z 
validate	Run ShellCheck on scripts	2026-08-10T18:52:55.5411978Z 
validate	Run ShellCheck on scripts	2026-08-10T18:52:55.5412129Z In scripts/set_github_secrets.sh line 29:
validate	Run ShellCheck on scripts	2026-08-10T18:52:55.5412653Z gh secret set AWS_ACCESS_KEY_ID $REPO_ARG --body "$AWS_ACCESS_KEY_ID_VAL"
validate	Run ShellCheck on scripts	2026-08-10T18:52:55.5413403Z                                 ^-------^ SC2086 (info): Double quote to prevent globbing and word splitting.
validate	Run ShellCheck on scripts	2026-08-10T18:52:55.5413901Z 
validate	Run ShellCheck on scripts	2026-08-10T18:52:55.5414032Z Did you mean: 
validate	Run ShellCheck on scripts	2026-08-10T18:52:55.5414533Z gh secret set AWS_ACCESS_KEY_ID "$REPO_ARG" --body "$AWS_ACCESS_KEY_ID_VAL"
validate	Run ShellCheck on scripts	2026-08-10T18:52:55.5414996Z 
validate	Run ShellCheck on scripts	2026-08-10T18:52:55.5415003Z 
validate	Run ShellCheck on scripts	2026-08-10T18:52:55.5415164Z In scripts/set_github_secrets.sh line 30:
validate	Run ShellCheck on scripts	2026-08-10T18:52:55.5415748Z gh secret set AWS_SECRET_ACCESS_KEY $REPO_ARG --body "$AWS_SECRET_ACCESS_KEY_VAL"
validate	Run ShellCheck on scripts	2026-08-10T18:52:55.5416551Z                                     ^-------^ SC2086 (info): Double quote to prevent globbing and word splitting.
validate	Run ShellCheck on scripts	2026-08-10T18:52:55.5417044Z 
validate	Run ShellCheck on scripts	2026-08-10T18:52:55.5417164Z Did you mean: 
validate	Run ShellCheck on scripts	2026-08-10T18:52:55.5417906Z gh secret set AWS_SECRET_ACCESS_KEY "$REPO_ARG" --body "$AWS_SECRET_ACCESS_KEY_VAL"
validate	Run ShellCheck on scripts	2026-08-10T18:52:55.5418417Z 
validate	Run ShellCheck on scripts	2026-08-10T18:52:55.5418424Z 
validate	Run ShellCheck on scripts	2026-08-10T18:52:55.5418589Z In scripts/set_github_secrets.sh line 31:
validate	Run ShellCheck on scripts	2026-08-10T18:52:55.5419346Z gh secret set AWS_REGION $REPO_ARG --body "$AWS_REGION_VAL"
validate	Run ShellCheck on scripts	2026-08-10T18:52:55.5420168Z                          ^-------^ SC2086 (info): Double quote to prevent globbing and word splitting.
validate	Run ShellCheck on scripts	2026-08-10T18:52:55.5420673Z 
validate	Run ShellCheck on scripts	2026-08-10T18:52:55.5420804Z Did you mean: 
validate	Run ShellCheck on scripts	2026-08-10T18:52:55.5421222Z gh secret set AWS_REGION "$REPO_ARG" --body "$AWS_REGION_VAL"
validate	Run ShellCheck on scripts	2026-08-10T18:52:55.5421628Z 
validate	Run ShellCheck on scripts	2026-08-10T18:52:55.5421635Z 
validate	Run ShellCheck on scripts	2026-08-10T18:52:55.5421806Z In scripts/set_github_secrets.sh line 32:
validate	Run ShellCheck on scripts	2026-08-10T18:52:55.5422345Z gh secret set AWS_ACCOUNT_ID $REPO_ARG --body "$AWS_ACCOUNT_ID_VAL"
validate	Run ShellCheck on scripts	2026-08-10T18:52:55.5423127Z                              ^-------^ SC2086 (info): Double quote to prevent globbing and word splitting.
validate	Run ShellCheck on scripts	2026-08-10T18:52:55.5423623Z 
validate	Run ShellCheck on scripts	2026-08-10T18:52:55.5423749Z Did you mean: 
validate	Run ShellCheck on scripts	2026-08-10T18:52:55.5424116Z gh secret set AWS_ACCOUNT_ID "$REPO_ARG" --body "$AWS_ACCOUNT_ID_VAL"
validate	Run ShellCheck on scripts	2026-08-10T18:52:55.5424386Z 
validate	Run ShellCheck on scripts	2026-08-10T18:52:55.5424491Z For more information:
validate	Run ShellCheck on scripts	2026-08-10T18:52:55.5425056Z   https://www.shellcheck.net/wiki/SC2086 -- Double quote to prevent globbing ...
validate	Jenkinsfile lint guidance	﻿2026-08-10T18:52:55.5458000Z ##[group]Run if [ -f Jenkinsfile ]; then
validate	Jenkinsfile lint guidance	2026-08-10T18:52:55.5458355Z ^[[36;1mif [ -f Jenkinsfile ]; then^[[0m
validate	Jenkinsfile lint guidance	2026-08-10T18:52:55.5458724Z ^[[36;1m  echo "Building custom jenkinsfile-runner image with plugins..."^[[0m
validate	Jenkinsfile lint guidance	2026-08-10T18:52:55.5459862Z ^[[36;1m  docker build --pull -t local/jfr:latest -f docker/jenkinsfile-runner/Dockerfile docker/jenkinsfile-runner^[[0m
validate	Jenkinsfile lint guidance	2026-08-10T18:52:55.5460500Z ^[[36;1m  echo "Running jenkinsfile-runner to validate Jenkinsfile (timeout 20m)..."^[[0m
validate	Jenkinsfile lint guidance	2026-08-10T18:52:55.5461083Z ^[[36;1m  # Run lint with timeout and capture output to a log file so the job cannot hang indefinitely^[[0m
validate	Jenkinsfile lint guidance	2026-08-10T18:52:55.5461815Z ^[[36;1m  /usr/bin/timeout 20m docker run --rm -v "$PWD":/workspace -w /workspace local/jfr:latest lint > jenkinsfile-lint.log 2>&1 || {^[[0m
validate	Jenkinsfile lint guidance	2026-08-10T18:52:55.5462563Z ^[[36;1m    echo "jenkinsfile-runner reported issues or timed out; showing lint output (first 200 lines):";^[[0m
validate	Jenkinsfile lint guidance	2026-08-10T18:52:55.5463104Z ^[[36;1m    sed -n '1,200p' jenkinsfile-lint.log || true;^[[0m
validate	Jenkinsfile lint guidance	2026-08-10T18:52:55.5463549Z ^[[36;1m    echo "Failing job due to Jenkinsfile lint failure or timeout.";^[[0m
validate	Jenkinsfile lint guidance	2026-08-10T18:52:55.5463906Z ^[[36;1m    exit 1;^[[0m
validate	Jenkinsfile lint guidance	2026-08-10T18:52:55.5464122Z ^[[36;1m  }^[[0m
validate	Jenkinsfile lint guidance	2026-08-10T18:52:55.5464343Z ^[[36;1m  echo "Jenkinsfile lint succeeded."^[[0m
validate	Jenkinsfile lint guidance	2026-08-10T18:52:55.5464621Z ^[[36;1melse^[[0m
validate	Jenkinsfile lint guidance	2026-08-10T18:52:55.5464911Z ^[[36;1m  echo "No Jenkinsfile found in repo; skipping Jenkinsfile lint"^[[0m
validate	Jenkinsfile lint guidance	2026-08-10T18:52:55.5465258Z ^[[36;1mfi^[[0m
validate	Jenkinsfile lint guidance	2026-08-10T18:52:55.5513524Z shell: /usr/bin/bash -e {0}
validate	Jenkinsfile lint guidance	2026-08-10T18:52:55.5513788Z env:
validate	Jenkinsfile lint guidance	2026-08-10T18:52:55.5514061Z   pythonLocation: /opt/hostedtoolcache/Python/3.11.15/x64
validate	Jenkinsfile lint guidance	2026-08-10T18:52:55.5514508Z   PKG_CONFIG_PATH: /opt/hostedtoolcache/Python/3.11.15/x64/lib/pkgconfig
validate	Jenkinsfile lint guidance	2026-08-10T18:52:55.5514928Z   Python_ROOT_DIR: /opt/hostedtoolcache/Python/3.11.15/x64
validate	Jenkinsfile lint guidance	2026-08-10T18:52:55.5515301Z   Python2_ROOT_DIR: /opt/hostedtoolcache/Python/3.11.15/x64
validate	Jenkinsfile lint guidance	2026-08-10T18:52:55.5515673Z   Python3_ROOT_DIR: /opt/hostedtoolcache/Python/3.11.15/x64
validate	Jenkinsfile lint guidance	2026-08-10T18:52:55.5516055Z   LD_LIBRARY_PATH: /opt/hostedtoolcache/Python/3.11.15/x64/lib
validate	Jenkinsfile lint guidance	2026-08-10T18:52:55.5516501Z   TERRAFORM_CLI_PATH: /home/runner/work/_temp/1b05284b-995d-4c9d-94e2-9fedd184da3e
validate	Jenkinsfile lint guidance	2026-08-10T18:52:55.5516894Z ##[endgroup]
validate	Jenkinsfile lint guidance	2026-08-10T18:52:55.5592754Z Building custom jenkinsfile-runner image with plugins...
validate	Jenkinsfile lint guidance	2026-08-10T18:52:56.0449781Z #0 building with "default" instance using docker driver
validate	Jenkinsfile lint guidance	2026-08-10T18:52:56.0450138Z 
validate	Jenkinsfile lint guidance	2026-08-10T18:52:56.0450289Z #1 [internal] load build definition from Dockerfile
validate	Jenkinsfile lint guidance	2026-08-10T18:52:56.0450625Z #1 transferring dockerfile: 373B done
validate	Jenkinsfile lint guidance	2026-08-10T18:52:56.0450912Z #1 DONE 0.0s
validate	Jenkinsfile lint guidance	2026-08-10T18:52:56.0451034Z 
validate	Jenkinsfile lint guidance	2026-08-10T18:52:56.0451239Z #2 [auth] jenkins/jenkinsfile-runner:pull token for registry-1.docker.io
validate	Jenkinsfile lint guidance	2026-08-10T18:52:56.0451605Z #2 DONE 0.0s
validate	Jenkinsfile lint guidance	2026-08-10T18:52:56.0451721Z 
validate	Jenkinsfile lint guidance	2026-08-10T18:52:56.0451919Z #3 [internal] load metadata for docker.io/jenkins/jenkinsfile-runner:latest
validate	Jenkinsfile lint guidance	2026-08-10T18:52:56.1146510Z #3 DONE 0.3s
validate	Jenkinsfile lint guidance	2026-08-10T18:52:56.2363975Z 
validate	Jenkinsfile lint guidance	2026-08-10T18:52:56.2364537Z #4 [internal] load .dockerignore
validate	Jenkinsfile lint guidance	2026-08-10T18:52:56.2366409Z #4 transferring context: 2B done
validate	Jenkinsfile lint guidance	2026-08-10T18:52:56.2367061Z #4 DONE 0.0s
validate	Jenkinsfile lint guidance	2026-08-10T18:52:56.2367579Z 
validate	Jenkinsfile lint guidance	2026-08-10T18:52:56.2367877Z #5 [internal] load build context
validate	Jenkinsfile lint guidance	2026-08-10T18:52:56.2368466Z #5 transferring context: 227B done
validate	Jenkinsfile lint guidance	2026-08-10T18:52:56.2369081Z #5 DONE 0.0s
validate	Jenkinsfile lint guidance	2026-08-10T18:52:56.2369280Z 
validate	Jenkinsfile lint guidance	2026-08-10T18:52:56.2369964Z #6 [1/3] FROM docker.io/jenkins/jenkinsfile-runner:latest@sha256:1510739cb658772e733899a56e7ababb44cc113ee7fa22ec915c5fd0e7bff7a2
validate	Jenkinsfile lint guidance	2026-08-10T18:52:56.2371475Z #6 resolve docker.io/jenkins/jenkinsfile-runner:latest@sha256:1510739cb658772e733899a56e7ababb44cc113ee7fa22ec915c5fd0e7bff7a2 done
validate	Jenkinsfile lint guidance	2026-08-10T18:52:56.2372763Z #6 sha256:1510739cb658772e733899a56e7ababb44cc113ee7fa22ec915c5fd0e7bff7a2 2.63kB / 2.63kB done
validate	Jenkinsfile lint guidance	2026-08-10T18:52:56.2373844Z #6 sha256:171857c49d0f5e2ebf623e6cb36a8bcad585ed0c2aa99c87a055df034c1e5848 25.17MB / 26.70MB 0.1s
validate	Jenkinsfile lint guidance	2026-08-10T18:52:56.2375006Z #6 sha256:dd4d4e9526b1adecc10515315b09e75d88526e75fba0552b3fbb933f40d293e9 13.88MB / 13.88MB 0.1s done
validate	Jenkinsfile lint guidance	2026-08-10T18:52:56.2376524Z #6 sha256:7172a906d0a8cdea66ee503eb5fdd42d72a02b9be671e4d704fc6aaab4bbb728 2.10MB / 103.74MB 0.1s
validate	Jenkinsfile lint guidance	2026-08-10T18:52:56.2377837Z #6 sha256:0d66d0030d0d1bba3bd701bea03ba77908b689ad7429c0cd509ab46e430597ed 15.60kB / 15.60kB done
validate	Jenkinsfile lint guidance	2026-08-10T18:52:56.2379113Z #6 sha256:419640447d267f068d2f84a093cb13a56ce77e130877f5b8bdb4294f4a90a84f 852B / 852B 0.0s done
validate	Jenkinsfile lint guidance	2026-08-10T18:52:56.2380200Z #6 sha256:61e52f862619ab016d3bcfbd78e5c7aaaa1989b4c295e6dbcacddd2d7b93e1f5 162B / 162B 0.0s done
validate	Jenkinsfile lint guidance	2026-08-10T18:52:56.2381273Z #6 sha256:5fd64184f89da823f6f234f2af27f3c923b283401e9e92355ec927f301e25829 0B / 638.71kB 0.1s
validate	Jenkinsfile lint guidance	2026-08-10T18:52:56.3365908Z #6 sha256:171857c49d0f5e2ebf623e6cb36a8bcad585ed0c2aa99c87a055df034c1e5848 26.70MB / 26.70MB 0.1s done
validate	Jenkinsfile lint guidance	2026-08-10T18:52:56.3366943Z #6 sha256:7172a906d0a8cdea66ee503eb5fdd42d72a02b9be671e4d704fc6aaab4bbb728 7.34MB / 103.74MB 0.2s
validate	Jenkinsfile lint guidance	2026-08-10T18:52:56.3368014Z #6 sha256:5fd64184f89da823f6f234f2af27f3c923b283401e9e92355ec927f301e25829 638.71kB / 638.71kB 0.1s done
validate	Jenkinsfile lint guidance	2026-08-10T18:52:56.3369221Z #6 extracting sha256:171857c49d0f5e2ebf623e6cb36a8bcad585ed0c2aa99c87a055df034c1e5848
validate	Jenkinsfile lint guidance	2026-08-10T18:52:56.3370262Z #6 sha256:edc5ca3f69e3ee9ceebe7fd054c1db7a7d086674fb12fc14d7d6b65bf87dd8fd 1.33MB / 1.33MB 0.2s done
validate	Jenkinsfile lint guidance	2026-08-10T18:52:56.3371250Z #6 sha256:b229ee682f4b38fc20bb10634770b36a36a58c0798b75592b13c2f56aa6c5f1b 5.46MB / 5.46MB 0.2s done
validate	Jenkinsfile lint guidance	2026-08-10T18:52:56.3372555Z #6 sha256:fdb873fcd2b0484087453758a9d0a865ef73e8ad8b7894013dc045916b033b9c 2.10MB / 48.50MB 0.2s
validate	Jenkinsfile lint guidance	2026-08-10T18:52:56.3373631Z #6 sha256:9d5dfef6880db44f6a18004c4669e813df6c0eeb470aaf4bd9ff94e81e9816d4 0B / 73.57MB 0.2s
validate	Jenkinsfile lint guidance	2026-08-10T18:52:56.4781674Z #6 sha256:7172a906d0a8cdea66ee503eb5fdd42d72a02b9be671e4d704fc6aaab4bbb728 17.83MB / 103.74MB 0.3s
validate	Jenkinsfile lint guidance	2026-08-10T18:52:56.5801231Z #6 sha256:fdb873fcd2b0484087453758a9d0a865ef73e8ad8b7894013dc045916b033b9c 5.24MB / 48.50MB 0.3s
validate	Jenkinsfile lint guidance	2026-08-10T18:52:56.5803536Z #6 sha256:9d5dfef6880db44f6a18004c4669e813df6c0eeb470aaf4bd9ff94e81e9816d4 27.26MB / 73.57MB 0.3s
validate	Jenkinsfile lint guidance	2026-08-10T18:52:56.5804824Z #6 sha256:7172a906d0a8cdea66ee503eb5fdd42d72a02b9be671e4d704fc6aaab4bbb728 41.94MB / 103.74MB 0.4s
validate	Jenkinsfile lint guidance	2026-08-10T18:52:56.5806963Z #6 sha256:fdb873fcd2b0484087453758a9d0a865ef73e8ad8b7894013dc045916b033b9c 19.92MB / 48.50MB 0.4s
validate	Jenkinsfile lint guidance	2026-08-10T18:52:56.5808605Z #6 sha256:9d5dfef6880db44f6a18004c4669e813df6c0eeb470aaf4bd9ff94e81e9816d4 48.23MB / 73.57MB 0.4s
validate	Jenkinsfile lint guidance	2026-08-10T18:52:56.6810403Z #6 sha256:7172a906d0a8cdea66ee503eb5fdd42d72a02b9be671e4d704fc6aaab4bbb728 51.38MB / 103.74MB 0.5s
validate	Jenkinsfile lint guidance	2026-08-10T18:52:56.6812603Z #6 sha256:fdb873fcd2b0484087453758a9d0a865ef73e8ad8b7894013dc045916b033b9c 45.09MB / 48.50MB 0.5s
validate	Jenkinsfile lint guidance	2026-08-10T18:52:56.6813948Z #6 sha256:9d5dfef6880db44f6a18004c4669e813df6c0eeb470aaf4bd9ff94e81e9816d4 73.57MB / 73.57MB 0.5s done
validate	Jenkinsfile lint guidance	2026-08-10T18:52:56.7833271Z #6 sha256:7172a906d0a8cdea66ee503eb5fdd42d72a02b9be671e4d704fc6aaab4bbb728 68.16MB / 103.74MB 0.6s
validate	Jenkinsfile lint guidance	2026-08-10T18:52:56.7835156Z #6 sha256:fdb873fcd2b0484087453758a9d0a865ef73e8ad8b7894013dc045916b033b9c 48.50MB / 48.50MB 0.5s done
validate	Jenkinsfile lint guidance	2026-08-10T18:52:56.7836480Z #6 sha256:b8e17d6fb269d5d05844f8932740d480235b7c117107add2bed85ac2abebfd6e 532B / 532B 0.5s done
validate	Jenkinsfile lint guidance	2026-08-10T18:52:56.9361945Z #6 sha256:7172a906d0a8cdea66ee503eb5fdd42d72a02b9be671e4d704fc6aaab4bbb728 103.74MB / 103.74MB 0.8s done
validate	Jenkinsfile lint guidance	2026-08-10T18:52:57.2120319Z #6 extracting sha256:171857c49d0f5e2ebf623e6cb36a8bcad585ed0c2aa99c87a055df034c1e5848 1.0s done
validate	Jenkinsfile lint guidance	2026-08-10T18:52:57.4061866Z #6 extracting sha256:419640447d267f068d2f84a093cb13a56ce77e130877f5b8bdb4294f4a90a84f done
validate	Jenkinsfile lint guidance	2026-08-10T18:52:58.4995323Z #6 extracting sha256:61e52f862619ab016d3bcfbd78e5c7aaaa1989b4c295e6dbcacddd2d7b93e1f5
validate	Jenkinsfile lint guidance	2026-08-10T18:52:58.6114517Z #6 extracting sha256:61e52f862619ab016d3bcfbd78e5c7aaaa1989b4c295e6dbcacddd2d7b93e1f5 done
validate	Jenkinsfile lint guidance	2026-08-10T18:52:58.6115544Z #6 extracting sha256:dd4d4e9526b1adecc10515315b09e75d88526e75fba0552b3fbb933f40d293e9 0.1s
validate	Jenkinsfile lint guidance	2026-08-10T18:52:59.3476179Z #6 extracting sha256:dd4d4e9526b1adecc10515315b09e75d88526e75fba0552b3fbb933f40d293e9 0.8s done
validate	Jenkinsfile lint guidance	2026-08-10T18:52:59.3477281Z #6 extracting sha256:7172a906d0a8cdea66ee503eb5fdd42d72a02b9be671e4d704fc6aaab4bbb728
validate	Jenkinsfile lint guidance	2026-08-10T18:53:00.4311656Z #6 extracting sha256:7172a906d0a8cdea66ee503eb5fdd42d72a02b9be671e4d704fc6aaab4bbb728 0.9s done
validate	Jenkinsfile lint guidance	2026-08-10T18:53:00.4985483Z #6 extracting sha256:5fd64184f89da823f6f234f2af27f3c923b283401e9e92355ec927f301e25829
validate	Jenkinsfile lint guidance	2026-08-10T18:53:00.6958678Z #6 extracting sha256:5fd64184f89da823f6f234f2af27f3c923b283401e9e92355ec927f301e25829 0.0s done
validate	Jenkinsfile lint guidance	2026-08-10T18:53:00.6960552Z #6 extracting sha256:b229ee682f4b38fc20bb10634770b36a36a58c0798b75592b13c2f56aa6c5f1b 0.0s done
validate	Jenkinsfile lint guidance	2026-08-10T18:53:00.6962922Z #6 extracting sha256:fdb873fcd2b0484087453758a9d0a865ef73e8ad8b7894013dc045916b033b9c 0.1s
validate	Jenkinsfile lint guidance	2026-08-10T18:53:00.9112036Z #6 extracting sha256:fdb873fcd2b0484087453758a9d0a865ef73e8ad8b7894013dc045916b033b9c 0.2s done
validate	Jenkinsfile lint guidance	2026-08-10T18:53:00.9113998Z #6 extracting sha256:edc5ca3f69e3ee9ceebe7fd054c1db7a7d086674fb12fc14d7d6b65bf87dd8fd 0.0s done
validate	Jenkinsfile lint guidance	2026-08-10T18:53:00.9115113Z #6 extracting sha256:9d5dfef6880db44f6a18004c4669e813df6c0eeb470aaf4bd9ff94e81e9816d4
validate	Jenkinsfile lint guidance	2026-08-10T18:53:01.8673198Z #6 extracting sha256:9d5dfef6880db44f6a18004c4669e813df6c0eeb470aaf4bd9ff94e81e9816d4 0.8s done
validate	Jenkinsfile lint guidance	2026-08-10T18:53:01.8673979Z #6 extracting sha256:b8e17d6fb269d5d05844f8932740d480235b7c117107add2bed85ac2abebfd6e done
validate	Jenkinsfile lint guidance	2026-08-10T18:53:01.8674419Z #6 DONE 5.7s
validate	Jenkinsfile lint guidance	2026-08-10T18:53:02.0128225Z 
validate	Jenkinsfile lint guidance	2026-08-10T18:53:02.0129081Z #7 [2/3] COPY plugins.txt /usr/share/jenkins/plugins.txt
validate	Jenkinsfile lint guidance	2026-08-10T18:53:02.0129580Z #7 DONE 0.0s
validate	Jenkinsfile lint guidance	2026-08-10T18:53:02.0129703Z 
validate	Jenkinsfile lint guidance	2026-08-10T18:53:02.0129958Z #8 [3/3] RUN jenkins-plugin-cli --plugin-file /usr/share/jenkins/plugins.txt || true
validate	Jenkinsfile lint guidance	2026-08-10T18:53:02.0130428Z #8 0.133 /bin/sh: 1: jenkins-plugin-cli: not found
validate	Jenkinsfile lint guidance	2026-08-10T18:53:02.1691567Z #8 DONE 0.1s
validate	Jenkinsfile lint guidance	2026-08-10T18:53:02.1692032Z 
validate	Jenkinsfile lint guidance	2026-08-10T18:53:02.1692289Z #9 exporting to image
validate	Jenkinsfile lint guidance	2026-08-10T18:53:02.1692673Z #9 exporting layers
validate	Jenkinsfile lint guidance	2026-08-10T18:53:03.0062240Z #9 exporting layers 1.0s done
validate	Jenkinsfile lint guidance	2026-08-10T18:53:03.0210872Z #9 writing image sha256:62bea9d4fd310adbfa5b811c0506c7a3b0fb1f75b8e2d35c517287d325a01e9f done
validate	Jenkinsfile lint guidance	2026-08-10T18:53:03.0211803Z #9 naming to docker.io/local/jfr:latest done
validate	Jenkinsfile lint guidance	2026-08-10T18:53:03.0212263Z #9 DONE 1.0s
validate	Jenkinsfile lint guidance	2026-08-10T18:53:03.0260691Z Running jenkinsfile-runner to validate Jenkinsfile (timeout 20m)...
validate	Jenkinsfile lint guidance	2026-08-10T18:53:04.0188536Z jenkinsfile-runner reported issues or timed out; showing lint output (first 200 lines):
validate	Jenkinsfile lint guidance	2026-08-10T18:53:04.0202777Z No explicit version has been selected, using latest LTS
validate	Jenkinsfile lint guidance	2026-08-10T18:53:04.0203355Z Following redirect...
validate	Jenkinsfile lint guidance	2026-08-10T18:53:04.0203710Z Running pipeline on jenkins 2.568.2
validate	Jenkinsfile lint guidance	2026-08-10T18:53:04.0204131Z Downloading jenkins 2.568.2...
validate	Jenkinsfile lint guidance	2026-08-10T18:53:04.0204507Z Following redirect...
validate	Jenkinsfile lint guidance	2026-08-10T18:53:04.0204914Z java.lang.RuntimeException: Unhandled exception
validate	Jenkinsfile lint guidance	2026-08-10T18:53:04.0206032Z 	at io.jenkins.jenkinsfile.runner.bootstrap.commands.JenkinsLauncherCommand.call(JenkinsLauncherCommand.java:69)
validate	Jenkinsfile lint guidance	2026-08-10T18:53:04.0207512Z 	at io.jenkins.jenkinsfile.runner.bootstrap.commands.JenkinsLauncherCommand.call(JenkinsLauncherCommand.java:37)
validate	Jenkinsfile lint guidance	2026-08-10T18:53:04.0208569Z 	at picocli.CommandLine.executeUserObject(CommandLine.java:1953)
validate	Jenkinsfile lint guidance	2026-08-10T18:53:04.0210386Z 	at picocli.CommandLine.access$1300(CommandLine.java:145)
validate	Jenkinsfile lint guidance	2026-08-10T18:53:04.0211342Z 	at picocli.CommandLine$RunLast.executeUserObjectOfLastSubcommandWithSameParent(CommandLine.java:2352)
validate	Jenkinsfile lint guidance	2026-08-10T18:53:04.0212309Z 	at picocli.CommandLine$RunLast.handle(CommandLine.java:2346)
validate	Jenkinsfile lint guidance	2026-08-10T18:53:04.0212945Z 	at picocli.CommandLine$RunLast.handle(CommandLine.java:2311)
validate	Jenkinsfile lint guidance	2026-08-10T18:53:04.0213719Z 	at picocli.CommandLine$AbstractParseResultHandler.execute(CommandLine.java:2179)
validate	Jenkinsfile lint guidance	2026-08-10T18:53:04.0214476Z 	at picocli.CommandLine.execute(CommandLine.java:2078)
validate	Jenkinsfile lint guidance	2026-08-10T18:53:04.0215141Z 	at io.jenkins.jenkinsfile.runner.bootstrap.Bootstrap.main(Bootstrap.java:46)
validate	Jenkinsfile lint guidance	2026-08-10T18:53:04.0216265Z Caused by: javax.net.ssl.SSLHandshakeException: sun.security.validator.ValidatorException: PKIX path building failed: sun.security.provider.certpath.SunCertPathBuilderException: unable to find valid certification path to requested target
validate	Jenkinsfile lint guidance	2026-08-10T18:53:04.0217647Z 	at sun.security.ssl.Alerts.getSSLException(Alerts.java:198)
validate	Jenkinsfile lint guidance	2026-08-10T18:53:04.0218250Z 	at sun.security.ssl.SSLSocketImpl.fatal(SSLSocketImpl.java:1967)
validate	Jenkinsfile lint guidance	2026-08-10T18:53:04.0218668Z 	at sun.security.ssl.Handshaker.fatalSE(Handshaker.java:331)
validate	Jenkinsfile lint guidance	2026-08-10T18:53:04.0219292Z 	at sun.security.ssl.Handshaker.fatalSE(Handshaker.java:325)
validate	Jenkinsfile lint guidance	2026-08-10T18:53:04.0219788Z 	at sun.security.ssl.ClientHandshaker.serverCertificate(ClientHandshaker.java:1688)
validate	Jenkinsfile lint guidance	2026-08-10T18:53:04.0220373Z 	at sun.security.ssl.ClientHandshaker.processMessage(ClientHandshaker.java:226)
validate	Jenkinsfile lint guidance	2026-08-10T18:53:04.0220893Z 	at sun.security.ssl.Handshaker.processLoop(Handshaker.java:1082)
validate	Jenkinsfile lint guidance	2026-08-10T18:53:04.0221338Z 	at sun.security.ssl.Handshaker.process_record(Handshaker.java:1010)
validate	Jenkinsfile lint guidance	2026-08-10T18:53:04.0221803Z 	at sun.security.ssl.SSLSocketImpl.readRecord(SSLSocketImpl.java:1079)
validate	Jenkinsfile lint guidance	2026-08-10T18:53:04.0222332Z 	at sun.security.ssl.SSLSocketImpl.performInitialHandshake(SSLSocketImpl.java:1388)
validate	Jenkinsfile lint guidance	2026-08-10T18:53:04.0222878Z 	at sun.security.ssl.SSLSocketImpl.startHandshake(SSLSocketImpl.java:1416)
validate	Jenkinsfile lint guidance	2026-08-10T18:53:04.0223383Z 	at sun.security.ssl.SSLSocketImpl.startHandshake(SSLSocketImpl.java:1400)
validate	Jenkinsfile lint guidance	2026-08-10T18:53:04.0223897Z 	at sun.net.www.protocol.https.HttpsClient.afterConnect(HttpsClient.java:559)
validate	Jenkinsfile lint guidance	2026-08-10T18:53:04.0224611Z 	at sun.net.www.protocol.https.AbstractDelegateHttpsURLConnection.connect(AbstractDelegateHttpsURLConnection.java:185)
validate	Jenkinsfile lint guidance	2026-08-10T18:53:04.0225381Z 	at sun.net.www.protocol.http.HttpURLConnection.followRedirect0(HttpURLConnection.java:2739)
validate	Jenkinsfile lint guidance	2026-08-10T18:53:04.0226025Z 	at sun.net.www.protocol.http.HttpURLConnection.followRedirect(HttpURLConnection.java:2651)
validate	Jenkinsfile lint guidance	2026-08-10T18:53:04.0226651Z 	at sun.net.www.protocol.http.HttpURLConnection.getInputStream0(HttpURLConnection.java:1830)
validate	Jenkinsfile lint guidance	2026-08-10T18:53:04.0227265Z 	at sun.net.www.protocol.http.HttpURLConnection.getInputStream(HttpURLConnection.java:1498)
validate	Jenkinsfile lint guidance	2026-08-10T18:53:04.0227988Z 	at sun.net.www.protocol.https.HttpsURLConnectionImpl.getInputStream(HttpsURLConnectionImpl.java:268)
validate	Jenkinsfile lint guidance	2026-08-10T18:53:04.0228839Z 	at io.jenkins.jenkinsfile.runner.bootstrap.commands.JenkinsLauncherCommand.copyURLToFile(JenkinsLauncherCommand.java:144)
validate	Jenkinsfile lint guidance	2026-08-10T18:53:04.0229972Z 	at io.jenkins.jenkinsfile.runner.bootstrap.commands.JenkinsLauncherCommand.getJenkinsWar(JenkinsLauncherCommand.java:172)
validate	Jenkinsfile lint guidance	2026-08-10T18:53:04.0230906Z 	at io.jenkins.jenkinsfile.runner.bootstrap.commands.JenkinsLauncherCommand.postConstruct(JenkinsLauncherCommand.java:95)
validate	Jenkinsfile lint guidance	2026-08-10T18:53:04.0231820Z 	at io.jenkins.jenkinsfile.runner.bootstrap.commands.LintJenkinsfileCommand.postConstruct(LintJenkinsfileCommand.java:27)
validate	Jenkinsfile lint guidance	2026-08-10T18:53:04.0232687Z 	at io.jenkins.jenkinsfile.runner.bootstrap.commands.JenkinsLauncherCommand.call(JenkinsLauncherCommand.java:66)
validate	Jenkinsfile lint guidance	2026-08-10T18:53:04.0233225Z 	... 9 more
validate	Jenkinsfile lint guidance	2026-08-10T18:53:04.0234003Z Caused by: sun.security.validator.ValidatorException: PKIX path building failed: sun.security.provider.certpath.SunCertPathBuilderException: unable to find valid certification path to requested target
validate	Jenkinsfile lint guidance	2026-08-10T18:53:04.0234957Z 	at sun.security.validator.PKIXValidator.doBuild(PKIXValidator.java:450)
validate	Jenkinsfile lint guidance	2026-08-10T18:53:04.0235496Z 	at sun.security.validator.PKIXValidator.engineValidate(PKIXValidator.java:317)
validate	Jenkinsfile lint guidance	2026-08-10T18:53:04.0236004Z 	at sun.security.validator.Validator.validate(Validator.java:262)
validate	Jenkinsfile lint guidance	2026-08-10T18:53:04.0236505Z 	at sun.security.ssl.X509TrustManagerImpl.validate(X509TrustManagerImpl.java:330)
validate	Jenkinsfile lint guidance	2026-08-10T18:53:04.0237080Z 	at sun.security.ssl.X509TrustManagerImpl.checkTrusted(X509TrustManagerImpl.java:237)
validate	Jenkinsfile lint guidance	2026-08-10T18:53:04.0237698Z 	at sun.security.ssl.X509TrustManagerImpl.checkServerTrusted(X509TrustManagerImpl.java:132)
validate	Jenkinsfile lint guidance	2026-08-10T18:53:04.0238311Z 	at sun.security.ssl.ClientHandshaker.serverCertificate(ClientHandshaker.java:1670)
validate	Jenkinsfile lint guidance	2026-08-10T18:53:04.0238730Z 	... 28 more
validate	Jenkinsfile lint guidance	2026-08-10T18:53:04.0239753Z Caused by: sun.security.provider.certpath.SunCertPathBuilderException: unable to find valid certification path to requested target
validate	Jenkinsfile lint guidance	2026-08-10T18:53:04.0240702Z 	at sun.security.provider.certpath.SunCertPathBuilder.build(SunCertPathBuilder.java:141)
validate	Jenkinsfile lint guidance	2026-08-10T18:53:04.0241514Z 	at sun.security.provider.certpath.SunCertPathBuilder.engineBuild(SunCertPathBuilder.java:126)
validate	Jenkinsfile lint guidance	2026-08-10T18:53:04.0242107Z 	at java.security.cert.CertPathBuilder.build(CertPathBuilder.java:280)
validate	Jenkinsfile lint guidance	2026-08-10T18:53:04.0242604Z 	at sun.security.validator.PKIXValidator.doBuild(PKIXValidator.java:445)
validate	Jenkinsfile lint guidance	2026-08-10T18:53:04.0242979Z 	... 34 more
validate	Jenkinsfile lint guidance	2026-08-10T18:53:04.0243259Z Failing job due to Jenkinsfile lint failure or timeout.
validate	Jenkinsfile lint guidance	2026-08-10T18:53:04.0247133Z ##[error]Process completed with exit code 1.
validate	Post Checkout	﻿2026-08-10T18:53:04.0358638Z Node 20 is being deprecated. This workflow is running with Node 24 by default. If you need to temporarily use Node 20, you can set the ACTIONS_ALLOW_USE_UNSECURE_NODE_VERSION=true environment variable. For more information see: https://github.blog/changelog/2025-09-19-deprecation-of-node-20-on-github-actions-runners/
validate	Post Checkout	2026-08-10T18:53:04.0360129Z Post job cleanup.
validate	Post Checkout	2026-08-10T18:53:04.1270985Z [command]/usr/bin/git version
validate	Post Checkout	2026-08-10T18:53:04.1349791Z git version 2.54.0
validate	Post Checkout	2026-08-10T18:53:04.1391955Z Temporarily overriding HOME='/home/runner/work/_temp/fd92c5af-02ad-4147-84ca-a54ff19ba485' before making global git config changes
validate	Post Checkout	2026-08-10T18:53:04.1393316Z Adding repository directory to the temporary git global config as a safe directory
validate	Post Checkout	2026-08-10T18:53:04.1398413Z [command]/usr/bin/git config --global --add safe.directory /home/runner/work/herovired-infra/herovired-infra
validate	Post Checkout	2026-08-10T18:53:04.1442435Z [command]/usr/bin/git config --local --name-only --get-regexp core\.sshCommand
validate	Post Checkout	2026-08-10T18:53:04.1489777Z [command]/usr/bin/git submodule foreach --recursive sh -c "git config --local --name-only --get-regexp 'core\.sshCommand' && git config --local --unset-all 'core.sshCommand' || :"
validate	Post Checkout	2026-08-10T18:53:04.1763614Z [command]/usr/bin/git config --local --name-only --get-regexp http\.https\:\/\/github\.com\/\.extraheader
validate	Post Checkout	2026-08-10T18:53:04.1792685Z http.https://github.com/.extraheader
validate	Post Checkout	2026-08-10T18:53:04.1804735Z [command]/usr/bin/git config --local --unset-all http.https://github.com/.extraheader
validate	Post Checkout	2026-08-10T18:53:04.1841545Z [command]/usr/bin/git submodule foreach --recursive sh -c "git config --local --name-only --get-regexp 'http\.https\:\/\/github\.com\/\.extraheader' && git config --local --unset-all 'http.https://github.com/.extraheader' || :"
validate	Post Checkout	2026-08-10T18:53:04.2131961Z [command]/usr/bin/git config --local --name-only --get-regexp ^includeIf\.gitdir:
validate	Post Checkout	2026-08-10T18:53:04.2173534Z [command]/usr/bin/git submodule foreach --recursive git config --local --show-origin --name-only --get-regexp remote.origin.url
validate	Complete job	﻿2026-08-10T18:53:04.2622121Z Cleaning up orphan processes
validate	Complete job	2026-08-10T18:53:04.3025209Z ##[warning]Node.js 20 is deprecated. The following actions target Node.js 20 but are being forced to run on Node.js 24: actions/checkout@v4, actions/setup-python@v4, hashicorp/setup-terraform@v2. For more information see: https://github.blog/changelog/2025-09-19-deprecation-of-node-20-on-github-actions-runners/
