validate	Set up job	﻿2026-08-10T19:11:42.2609714Z Current runner version: '2.336.0'
validate	Set up job	2026-08-10T19:11:42.2649658Z ##[group]Runner Image Provisioner
validate	Set up job	2026-08-10T19:11:42.2651033Z Hosted Compute Agent
validate	Set up job	2026-08-10T19:11:42.2651952Z Version: 20260707.563
validate	Set up job	2026-08-10T19:11:42.2652875Z Commit: 02667638d2b423fbc733a8e32a88b44996a3ba6e
validate	Set up job	2026-08-10T19:11:42.2654318Z Build Date: 2026-07-07T19:33:50Z
validate	Set up job	2026-08-10T19:11:42.2655347Z Worker ID: {e96582b0-1413-48f3-b1ec-e73da70659e6}
validate	Set up job	2026-08-10T19:11:42.2656547Z Azure Region: northcentralus
validate	Set up job	2026-08-10T19:11:42.2657566Z ##[endgroup]
validate	Set up job	2026-08-10T19:11:42.2660015Z ##[group]Operating System
validate	Set up job	2026-08-10T19:11:42.2661099Z Ubuntu
validate	Set up job	2026-08-10T19:11:42.2661926Z 24.04.4
validate	Set up job	2026-08-10T19:11:42.2662664Z LTS
validate	Set up job	2026-08-10T19:11:42.2663618Z ##[endgroup]
validate	Set up job	2026-08-10T19:11:42.2664680Z ##[group]Runner Image
validate	Set up job	2026-08-10T19:11:42.2665709Z Image: ubuntu-24.04
validate	Set up job	2026-08-10T19:11:42.2666603Z Version: 20260720.247.2
validate	Set up job	2026-08-10T19:11:42.2668361Z Included Software: https://github.com/actions/runner-images/blob/ubuntu24/20260720.247/images/ubuntu/Ubuntu2404-Readme.md
validate	Set up job	2026-08-10T19:11:42.2670336Z Image Release: https://github.com/actions/runner-images/releases/tag/ubuntu24%2F20260720.247
validate	Set up job	2026-08-10T19:11:42.2671363Z ##[endgroup]
validate	Set up job	2026-08-10T19:11:42.2672644Z ##[group]GITHUB_TOKEN Permissions
validate	Set up job	2026-08-10T19:11:42.2675300Z Contents: read
validate	Set up job	2026-08-10T19:11:42.2675956Z Metadata: read
validate	Set up job	2026-08-10T19:11:42.2676538Z Packages: read
validate	Set up job	2026-08-10T19:11:42.2677522Z ##[endgroup]
validate	Set up job	2026-08-10T19:11:42.2679781Z Secret source: Actions
validate	Set up job	2026-08-10T19:11:42.2681131Z Prepare workflow directory
validate	Set up job	2026-08-10T19:11:42.3089809Z Prepare all required actions
validate	Set up job	2026-08-10T19:11:42.3159480Z Getting action download info
validate	Set up job	2026-08-10T19:11:42.5441947Z Download action repository 'actions/checkout@v4' (SHA:11d5960a326750d5838078e36cf38b85af677262)
validate	Set up job	2026-08-10T19:11:42.9115249Z Download action repository 'actions/setup-python@v4' (SHA:7f4fc3e22c37d6ff65e88745f38bd3157c663f7c)
validate	Set up job	2026-08-10T19:11:43.0628507Z Download action repository 'hashicorp/setup-terraform@v2' (SHA:633666f66e0061ca3b725c73b2ec20cd13a8fdd1)
validate	Set up job	2026-08-10T19:11:43.3388599Z Download action repository 'actions/upload-artifact@v4' (SHA:ea165f8d65b6e75b540449e92b4886f43607fa02)
validate	Set up job	2026-08-10T19:11:43.6295103Z Complete job name: validate
validate	Checkout	﻿2026-08-10T19:11:43.7160503Z Node 20 is being deprecated. This workflow is running with Node 24 by default. If you need to temporarily use Node 20, you can set the ACTIONS_ALLOW_USE_UNSECURE_NODE_VERSION=true environment variable. For more information see: https://github.blog/changelog/2025-09-19-deprecation-of-node-20-on-github-actions-runners/
validate	Checkout	2026-08-10T19:11:43.7170780Z ##[group]Run actions/checkout@v4
validate	Checkout	2026-08-10T19:11:43.7171669Z with:
validate	Checkout	2026-08-10T19:11:43.7172171Z   repository: harishmsgit/herovired-infra
validate	Checkout	2026-08-10T19:11:43.7177530Z   token: ***
validate	Checkout	2026-08-10T19:11:43.7177979Z   ssh-strict: true
validate	Checkout	2026-08-10T19:11:43.7178427Z   ssh-user: git
validate	Checkout	2026-08-10T19:11:43.7178895Z   persist-credentials: true
validate	Checkout	2026-08-10T19:11:43.7179716Z   clean: true
validate	Checkout	2026-08-10T19:11:43.7180187Z   sparse-checkout-cone-mode: true
validate	Checkout	2026-08-10T19:11:43.7180745Z   fetch-depth: 1
validate	Checkout	2026-08-10T19:11:43.7181213Z   fetch-tags: false
validate	Checkout	2026-08-10T19:11:43.7181677Z   show-progress: true
validate	Checkout	2026-08-10T19:11:43.7182154Z   lfs: false
validate	Checkout	2026-08-10T19:11:43.7182569Z   submodules: false
validate	Checkout	2026-08-10T19:11:43.7183084Z   set-safe-directory: true
validate	Checkout	2026-08-10T19:11:43.7183619Z   allow-unsafe-pr-checkout: false
validate	Checkout	2026-08-10T19:11:43.7184527Z ##[endgroup]
validate	Checkout	2026-08-10T19:11:43.8270529Z Syncing repository: harishmsgit/herovired-infra
validate	Checkout	2026-08-10T19:11:43.8272827Z ##[group]Getting Git version info
validate	Checkout	2026-08-10T19:11:43.8273774Z Working directory is '/home/runner/work/herovired-infra/herovired-infra'
validate	Checkout	2026-08-10T19:11:43.8275523Z [command]/usr/bin/git version
validate	Checkout	2026-08-10T19:11:43.8313327Z git version 2.54.0
validate	Checkout	2026-08-10T19:11:43.8336095Z ##[endgroup]
validate	Checkout	2026-08-10T19:11:43.8354148Z Temporarily overriding HOME='/home/runner/work/_temp/da9ee575-32a6-44b8-bd8e-fd1f867291b1' before making global git config changes
validate	Checkout	2026-08-10T19:11:43.8356855Z Adding repository directory to the temporary git global config as a safe directory
validate	Checkout	2026-08-10T19:11:43.8360691Z [command]/usr/bin/git config --global --add safe.directory /home/runner/work/herovired-infra/herovired-infra
validate	Checkout	2026-08-10T19:11:43.8419791Z Deleting the contents of '/home/runner/work/herovired-infra/herovired-infra'
validate	Checkout	2026-08-10T19:11:43.8424347Z ##[group]Initializing the repository
validate	Checkout	2026-08-10T19:11:43.8430059Z [command]/usr/bin/git init /home/runner/work/herovired-infra/herovired-infra
validate	Checkout	2026-08-10T19:11:43.8518953Z hint: Using 'master' as the name for the initial branch. This default branch name
validate	Checkout	2026-08-10T19:11:43.8525637Z hint: will change to "main" in Git 3.0. To configure the initial branch name
validate	Checkout	2026-08-10T19:11:43.8528094Z hint: to use in all of your new repositories, which will suppress this warning,
validate	Checkout	2026-08-10T19:11:43.8529780Z hint: call:
validate	Checkout	2026-08-10T19:11:43.8530616Z hint:
validate	Checkout	2026-08-10T19:11:43.8531642Z hint: 	git config --global init.defaultBranch <name>
validate	Checkout	2026-08-10T19:11:43.8533140Z hint:
validate	Checkout	2026-08-10T19:11:43.8534688Z hint: Names commonly chosen instead of 'master' are 'main', 'trunk' and
validate	Checkout	2026-08-10T19:11:43.8536814Z hint: 'development'. The just-created branch can be renamed via this command:
validate	Checkout	2026-08-10T19:11:43.8538436Z hint:
validate	Checkout	2026-08-10T19:11:43.8539327Z hint: 	git branch -m <name>
validate	Checkout	2026-08-10T19:11:43.8540328Z hint:
validate	Checkout	2026-08-10T19:11:43.8541562Z hint: Disable this message with "git config set advice.defaultBranchName false"
validate	Checkout	2026-08-10T19:11:43.8544124Z Initialized empty Git repository in /home/runner/work/herovired-infra/herovired-infra/.git/
validate	Checkout	2026-08-10T19:11:43.8547892Z [command]/usr/bin/git remote add origin https://github.com/harishmsgit/herovired-infra
validate	Checkout	2026-08-10T19:11:43.8585999Z ##[endgroup]
validate	Checkout	2026-08-10T19:11:43.8587255Z ##[group]Disabling automatic garbage collection
validate	Checkout	2026-08-10T19:11:43.8590314Z [command]/usr/bin/git config --local gc.auto 0
validate	Checkout	2026-08-10T19:11:43.8626951Z ##[endgroup]
validate	Checkout	2026-08-10T19:11:43.8628113Z ##[group]Setting up auth
validate	Checkout	2026-08-10T19:11:43.8634200Z [command]/usr/bin/git config --local --name-only --get-regexp core\.sshCommand
validate	Checkout	2026-08-10T19:11:43.8673707Z [command]/usr/bin/git submodule foreach --recursive sh -c "git config --local --name-only --get-regexp 'core\.sshCommand' && git config --local --unset-all 'core.sshCommand' || :"
validate	Checkout	2026-08-10T19:11:43.9023716Z [command]/usr/bin/git config --local --name-only --get-regexp http\.https\:\/\/github\.com\/\.extraheader
validate	Checkout	2026-08-10T19:11:43.9065073Z [command]/usr/bin/git submodule foreach --recursive sh -c "git config --local --name-only --get-regexp 'http\.https\:\/\/github\.com\/\.extraheader' && git config --local --unset-all 'http.https://github.com/.extraheader' || :"
validate	Checkout	2026-08-10T19:11:43.9330969Z [command]/usr/bin/git config --local --name-only --get-regexp ^includeIf\.gitdir:
validate	Checkout	2026-08-10T19:11:43.9374059Z [command]/usr/bin/git submodule foreach --recursive git config --local --show-origin --name-only --get-regexp remote.origin.url
validate	Checkout	2026-08-10T19:11:43.9624276Z [command]/usr/bin/git config --local http.https://github.com/.extraheader AUTHORIZATION: basic ***
validate	Checkout	2026-08-10T19:11:43.9667470Z ##[endgroup]
validate	Checkout	2026-08-10T19:11:43.9668848Z ##[group]Fetching the repository
validate	Checkout	2026-08-10T19:11:43.9680492Z [command]/usr/bin/git -c protocol.version=2 fetch --no-tags --prune --no-recurse-submodules --depth=1 origin +ff614c18742bb4e89745eadf2b02594d30c02d78:refs/remotes/origin/main
validate	Checkout	2026-08-10T19:11:44.2955103Z From https://github.com/harishmsgit/herovired-infra
validate	Checkout	2026-08-10T19:11:44.2956673Z  * [new ref]         ff614c18742bb4e89745eadf2b02594d30c02d78 -> origin/main
validate	Checkout	2026-08-10T19:11:44.2997612Z ##[endgroup]
validate	Checkout	2026-08-10T19:11:44.2999317Z ##[group]Determining the checkout info
validate	Checkout	2026-08-10T19:11:44.3000948Z ##[endgroup]
validate	Checkout	2026-08-10T19:11:44.3009579Z [command]/usr/bin/git sparse-checkout disable
validate	Checkout	2026-08-10T19:11:44.3072844Z [command]/usr/bin/git config --local --unset-all extensions.worktreeConfig
validate	Checkout	2026-08-10T19:11:44.3117251Z ##[group]Checking out the ref
validate	Checkout	2026-08-10T19:11:44.3123684Z [command]/usr/bin/git checkout --progress --force -B main refs/remotes/origin/main
validate	Checkout	2026-08-10T19:11:44.3240684Z Switched to a new branch 'main'
validate	Checkout	2026-08-10T19:11:44.3243511Z branch 'main' set up to track 'origin/main'.
validate	Checkout	2026-08-10T19:11:44.3264193Z ##[endgroup]
validate	Checkout	2026-08-10T19:11:44.3313581Z [command]/usr/bin/git log -1 --format=%H
validate	Checkout	2026-08-10T19:11:44.3347298Z ff614c18742bb4e89745eadf2b02594d30c02d78
validate	Setup Python	﻿2026-08-10T19:11:44.3810568Z Node 20 is being deprecated. This workflow is running with Node 24 by default. If you need to temporarily use Node 20, you can set the ACTIONS_ALLOW_USE_UNSECURE_NODE_VERSION=true environment variable. For more information see: https://github.blog/changelog/2025-09-19-deprecation-of-node-20-on-github-actions-runners/
validate	Setup Python	2026-08-10T19:11:44.3816155Z ##[group]Run actions/setup-python@v4
validate	Setup Python	2026-08-10T19:11:44.3817300Z with:
validate	Setup Python	2026-08-10T19:11:44.3818155Z   python-version: 3.11
validate	Setup Python	2026-08-10T19:11:44.3819133Z   check-latest: false
validate	Setup Python	2026-08-10T19:11:44.3828945Z   token: ***
validate	Setup Python	2026-08-10T19:11:44.3829872Z   update-environment: true
validate	Setup Python	2026-08-10T19:11:44.3830933Z   allow-prereleases: false
validate	Setup Python	2026-08-10T19:11:44.3831942Z ##[endgroup]
validate	Setup Python	2026-08-10T19:11:44.5285726Z ##[group]Installed versions
validate	Setup Python	2026-08-10T19:11:44.5373394Z (node:2366) [DEP0040] DeprecationWarning: The `punycode` module is deprecated. Please use a userland alternative instead.
validate	Setup Python	2026-08-10T19:11:44.5377470Z (Use `node --trace-deprecation ...` to show where the warning was created)
validate	Setup Python	2026-08-10T19:11:44.5379353Z Successfully set up CPython (3.11.15)
validate	Setup Python	2026-08-10T19:11:44.5381093Z ##[endgroup]
validate	Install ansible-lint and yamllint	﻿2026-08-10T19:11:44.5594281Z ##[group]Run python -m pip install --upgrade pip
validate	Install ansible-lint and yamllint	2026-08-10T19:11:44.5595924Z ^[[36;1mpython -m pip install --upgrade pip^[[0m
validate	Install ansible-lint and yamllint	2026-08-10T19:11:44.5597274Z ^[[36;1mpip install ansible-lint yamllint^[[0m
validate	Install ansible-lint and yamllint	2026-08-10T19:11:44.5694859Z shell: /usr/bin/bash -e {0}
validate	Install ansible-lint and yamllint	2026-08-10T19:11:44.5696620Z env:
validate	Install ansible-lint and yamllint	2026-08-10T19:11:44.5698996Z   pythonLocation: /opt/hostedtoolcache/Python/3.11.15/x64
validate	Install ansible-lint and yamllint	2026-08-10T19:11:44.5702563Z   PKG_CONFIG_PATH: /opt/hostedtoolcache/Python/3.11.15/x64/lib/pkgconfig
validate	Install ansible-lint and yamllint	2026-08-10T19:11:44.5705365Z   Python_ROOT_DIR: /opt/hostedtoolcache/Python/3.11.15/x64
validate	Install ansible-lint and yamllint	2026-08-10T19:11:44.5707216Z   Python2_ROOT_DIR: /opt/hostedtoolcache/Python/3.11.15/x64
validate	Install ansible-lint and yamllint	2026-08-10T19:11:44.5709467Z   Python3_ROOT_DIR: /opt/hostedtoolcache/Python/3.11.15/x64
validate	Install ansible-lint and yamllint	2026-08-10T19:11:44.5711951Z   LD_LIBRARY_PATH: /opt/hostedtoolcache/Python/3.11.15/x64/lib
validate	Install ansible-lint and yamllint	2026-08-10T19:11:44.5714931Z ##[endgroup]
validate	Install ansible-lint and yamllint	2026-08-10T19:11:45.5328594Z Requirement already satisfied: pip in /opt/hostedtoolcache/Python/3.11.15/x64/lib/python3.11/site-packages (26.1.2)
validate	Install ansible-lint and yamllint	2026-08-10T19:11:45.6266146Z Collecting pip
validate	Install ansible-lint and yamllint	2026-08-10T19:11:45.6816489Z   Downloading pip-26.2.1-py3-none-any.whl.metadata (4.6 kB)
validate	Install ansible-lint and yamllint	2026-08-10T19:11:45.6896220Z Downloading pip-26.2.1-py3-none-any.whl (1.8 MB)
validate	Install ansible-lint and yamllint	2026-08-10T19:11:45.7526013Z    ━━━━━━━━━━━━━━━━━━━━━━━━━━━━━━━━━━━━━━━━ 1.8/1.8 MB 47.6 MB/s  0:00:00
validate	Install ansible-lint and yamllint	2026-08-10T19:11:45.7833826Z Installing collected packages: pip
validate	Install ansible-lint and yamllint	2026-08-10T19:11:45.7835884Z   Attempting uninstall: pip
validate	Install ansible-lint and yamllint	2026-08-10T19:11:45.7853180Z     Found existing installation: pip 26.1.2
validate	Install ansible-lint and yamllint	2026-08-10T19:11:45.8408711Z     Uninstalling pip-26.1.2:
validate	Install ansible-lint and yamllint	2026-08-10T19:11:45.8467993Z       Successfully uninstalled pip-26.1.2
validate	Install ansible-lint and yamllint	2026-08-10T19:11:46.6531316Z Successfully installed pip-26.2.1
validate	Install ansible-lint and yamllint	2026-08-10T19:11:47.6053053Z Collecting ansible-lint
validate	Install ansible-lint and yamllint	2026-08-10T19:11:47.6516177Z   Downloading ansible_lint-26.6.0-py3-none-any.whl.metadata (6.2 kB)
validate	Install ansible-lint and yamllint	2026-08-10T19:11:47.6695453Z Collecting yamllint
validate	Install ansible-lint and yamllint	2026-08-10T19:11:47.6734255Z   Downloading yamllint-1.38.0-py3-none-any.whl.metadata (4.2 kB)
validate	Install ansible-lint and yamllint	2026-08-10T19:11:47.6909451Z Collecting ansible-compat>=26.3.0 (from ansible-lint)
validate	Install ansible-lint and yamllint	2026-08-10T19:11:47.6950010Z   Downloading ansible_compat-26.6.0-py3-none-any.whl.metadata (3.4 kB)
validate	Install ansible-lint and yamllint	2026-08-10T19:11:47.7432795Z Collecting ansible-core>=2.16.14 (from ansible-lint)
validate	Install ansible-lint and yamllint	2026-08-10T19:11:47.7478141Z   Downloading ansible_core-2.19.12-py3-none-any.whl.metadata (7.7 kB)
validate	Install ansible-lint and yamllint	2026-08-10T19:11:47.7916172Z Collecting black>=24.3.0 (from ansible-lint)
validate	Install ansible-lint and yamllint	2026-08-10T19:11:47.7955409Z   Downloading black-26.5.1-cp311-cp311-manylinux2014_x86_64.manylinux_2_17_x86_64.manylinux_2_28_x86_64.whl.metadata (95 kB)
validate	Install ansible-lint and yamllint	2026-08-10T19:11:47.8980260Z Collecting cffi>=1.15.1 (from ansible-lint)
validate	Install ansible-lint and yamllint	2026-08-10T19:11:47.9018640Z   Downloading cffi-2.1.1-cp311-cp311-manylinux2014_x86_64.manylinux_2_17_x86_64.whl.metadata (2.5 kB)
validate	Install ansible-lint and yamllint	2026-08-10T19:11:48.0499955Z Collecting cryptography>=37 (from ansible-lint)
validate	Install ansible-lint and yamllint	2026-08-10T19:11:48.0539082Z   Downloading cryptography-50.0.0-cp311-abi3-manylinux_2_34_x86_64.whl.metadata (4.3 kB)
validate	Install ansible-lint and yamllint	2026-08-10T19:11:48.0646195Z Collecting distro>=1.9.0 (from ansible-lint)
validate	Install ansible-lint and yamllint	2026-08-10T19:11:48.0681965Z   Downloading distro-1.9.0-py3-none-any.whl.metadata (6.8 kB)
validate	Install ansible-lint and yamllint	2026-08-10T19:11:48.0862553Z Collecting filelock>=3.8.2 (from ansible-lint)
validate	Install ansible-lint and yamllint	2026-08-10T19:11:48.0896519Z   Downloading filelock-3.32.2-py3-none-any.whl.metadata (2.0 kB)
validate	Install ansible-lint and yamllint	2026-08-10T19:11:48.1068815Z Collecting jsonschema>=4.10.0 (from ansible-lint)
validate	Install ansible-lint and yamllint	2026-08-10T19:11:48.1106527Z   Downloading jsonschema-4.26.0-py3-none-any.whl.metadata (7.6 kB)
validate	Install ansible-lint and yamllint	2026-08-10T19:11:48.1253615Z Collecting packaging>=22.0 (from ansible-lint)
validate	Install ansible-lint and yamllint	2026-08-10T19:11:48.1296148Z   Downloading packaging-26.3-py3-none-any.whl.metadata (3.5 kB)
validate	Install ansible-lint and yamllint	2026-08-10T19:11:48.1416500Z Collecting pathspec<1.2.0,>=1.0.3 (from ansible-lint)
validate	Install ansible-lint and yamllint	2026-08-10T19:11:48.1449675Z   Downloading pathspec-1.1.1-py3-none-any.whl.metadata (14 kB)
validate	Install ansible-lint and yamllint	2026-08-10T19:11:48.1748014Z Collecting pyyaml>=6.0.1 (from ansible-lint)
validate	Install ansible-lint and yamllint	2026-08-10T19:11:48.1785014Z   Downloading pyyaml-6.0.3-cp311-cp311-manylinux2014_x86_64.manylinux_2_17_x86_64.manylinux_2_28_x86_64.whl.metadata (2.4 kB)
validate	Install ansible-lint and yamllint	2026-08-10T19:11:48.1956505Z Collecting referencing>=0.36.2 (from ansible-lint)
validate	Install ansible-lint and yamllint	2026-08-10T19:11:48.1992595Z   Downloading referencing-0.37.0-py3-none-any.whl.metadata (2.8 kB)
validate	Install ansible-lint and yamllint	2026-08-10T19:11:48.3146602Z Collecting ruamel-yaml>=0.18.11 (from ansible-lint)
validate	Install ansible-lint and yamllint	2026-08-10T19:11:48.3192144Z   Downloading ruamel_yaml-0.19.1-py3-none-any.whl.metadata (16 kB)
validate	Install ansible-lint and yamllint	2026-08-10T19:11:48.3529820Z Collecting ruamel-yaml-clib>=0.2.12 (from ansible-lint)
validate	Install ansible-lint and yamllint	2026-08-10T19:11:48.3568552Z   Downloading ruamel_yaml_clib-0.2.15-cp311-cp311-manylinux2014_x86_64.manylinux_2_17_x86_64.manylinux_2_28_x86_64.whl.metadata (3.5 kB)
validate	Install ansible-lint and yamllint	2026-08-10T19:11:48.3690277Z Collecting subprocess-tee>=0.4.1 (from ansible-lint)
validate	Install ansible-lint and yamllint	2026-08-10T19:11:48.3725570Z   Downloading subprocess_tee-0.4.2-py3-none-any.whl.metadata (3.3 kB)
validate	Install ansible-lint and yamllint	2026-08-10T19:11:48.3879712Z Collecting wcmatch>=8.1.2 (from ansible-lint)
validate	Install ansible-lint and yamllint	2026-08-10T19:11:48.3919342Z   Downloading wcmatch-11.0-py3-none-any.whl.metadata (4.8 kB)
validate	Install ansible-lint and yamllint	2026-08-10T19:11:48.4131665Z Collecting jinja2>=3.1.0 (from ansible-core>=2.16.14->ansible-lint)
validate	Install ansible-lint and yamllint	2026-08-10T19:11:48.4169698Z   Downloading jinja2-3.1.6-py3-none-any.whl.metadata (2.9 kB)
validate	Install ansible-lint and yamllint	2026-08-10T19:11:48.4309696Z Collecting resolvelib<2.0.0,>=0.5.3 (from ansible-core>=2.16.14->ansible-lint)
validate	Install ansible-lint and yamllint	2026-08-10T19:11:48.4347244Z   Downloading resolvelib-1.2.1-py3-none-any.whl.metadata (3.7 kB)
validate	Install ansible-lint and yamllint	2026-08-10T19:11:48.4520657Z Collecting click>=8.0.0 (from black>=24.3.0->ansible-lint)
validate	Install ansible-lint and yamllint	2026-08-10T19:11:48.4558023Z   Downloading click-8.4.2-py3-none-any.whl.metadata (2.6 kB)
validate	Install ansible-lint and yamllint	2026-08-10T19:11:48.4671330Z Collecting mypy-extensions>=0.4.3 (from black>=24.3.0->ansible-lint)
validate	Install ansible-lint and yamllint	2026-08-10T19:11:48.4708699Z   Downloading mypy_extensions-1.1.0-py3-none-any.whl.metadata (1.1 kB)
validate	Install ansible-lint and yamllint	2026-08-10T19:11:48.4874123Z Collecting platformdirs>=2 (from black>=24.3.0->ansible-lint)
validate	Install ansible-lint and yamllint	2026-08-10T19:11:48.4910286Z   Downloading platformdirs-4.11.2-py3-none-any.whl.metadata (5.5 kB)
validate	Install ansible-lint and yamllint	2026-08-10T19:11:48.5051958Z Collecting pytokens~=0.4.0 (from black>=24.3.0->ansible-lint)
validate	Install ansible-lint and yamllint	2026-08-10T19:11:48.5092702Z   Downloading pytokens-0.4.1-cp311-cp311-manylinux2014_x86_64.manylinux_2_17_x86_64.manylinux_2_28_x86_64.whl.metadata (3.8 kB)
validate	Install ansible-lint and yamllint	2026-08-10T19:11:48.5221114Z Collecting pycparser (from cffi>=1.15.1->ansible-lint)
validate	Install ansible-lint and yamllint	2026-08-10T19:11:48.5261541Z   Downloading pycparser-3.0-py3-none-any.whl.metadata (8.2 kB)
validate	Install ansible-lint and yamllint	2026-08-10T19:11:48.5734650Z Collecting MarkupSafe>=2.0 (from jinja2>=3.1.0->ansible-core>=2.16.14->ansible-lint)
validate	Install ansible-lint and yamllint	2026-08-10T19:11:48.5773142Z   Downloading markupsafe-3.0.3-cp311-cp311-manylinux2014_x86_64.manylinux_2_17_x86_64.manylinux_2_28_x86_64.whl.metadata (2.7 kB)
validate	Install ansible-lint and yamllint	2026-08-10T19:11:48.5904976Z Collecting attrs>=22.2.0 (from jsonschema>=4.10.0->ansible-lint)
validate	Install ansible-lint and yamllint	2026-08-10T19:11:48.5942421Z   Downloading attrs-26.1.0-py3-none-any.whl.metadata (8.8 kB)
validate	Install ansible-lint and yamllint	2026-08-10T19:11:48.6065165Z Collecting jsonschema-specifications>=2023.03.6 (from jsonschema>=4.10.0->ansible-lint)
validate	Install ansible-lint and yamllint	2026-08-10T19:11:48.6104494Z   Downloading jsonschema_specifications-2025.9.1-py3-none-any.whl.metadata (2.9 kB)
validate	Install ansible-lint and yamllint	2026-08-10T19:11:48.8607729Z Collecting rpds-py>=0.25.0 (from jsonschema>=4.10.0->ansible-lint)
validate	Install ansible-lint and yamllint	2026-08-10T19:11:48.8646782Z   Downloading rpds_py-2026.6.3-cp311-cp311-manylinux_2_17_x86_64.manylinux2014_x86_64.whl.metadata (4.1 kB)
validate	Install ansible-lint and yamllint	2026-08-10T19:11:48.8842752Z Collecting typing-extensions>=4.4.0 (from referencing>=0.36.2->ansible-lint)
validate	Install ansible-lint and yamllint	2026-08-10T19:11:48.8880999Z   Downloading typing_extensions-4.16.0-py3-none-any.whl.metadata (3.3 kB)
validate	Install ansible-lint and yamllint	2026-08-10T19:11:48.9014546Z Collecting bracex>=3.0 (from wcmatch>=8.1.2->ansible-lint)
validate	Install ansible-lint and yamllint	2026-08-10T19:11:48.9059870Z   Downloading bracex-3.0.1-py3-none-any.whl.metadata (3.3 kB)
validate	Install ansible-lint and yamllint	2026-08-10T19:11:48.9140576Z Downloading ansible_lint-26.6.0-py3-none-any.whl (341 kB)
validate	Install ansible-lint and yamllint	2026-08-10T19:11:48.9243124Z Downloading pathspec-1.1.1-py3-none-any.whl (57 kB)
validate	Install ansible-lint and yamllint	2026-08-10T19:11:48.9296696Z Downloading yamllint-1.38.0-py3-none-any.whl (68 kB)
validate	Install ansible-lint and yamllint	2026-08-10T19:11:48.9348446Z Downloading ansible_compat-26.6.0-py3-none-any.whl (29 kB)
validate	Install ansible-lint and yamllint	2026-08-10T19:11:48.9426794Z Downloading ansible_core-2.19.12-py3-none-any.whl (2.4 MB)
validate	Install ansible-lint and yamllint	2026-08-10T19:11:48.9571493Z    ━━━━━━━━━━━━━━━━━━━━━━━━━━━━━━━━━━━━━━━━ 2.4/2.4 MB 185.3 MB/s  0:00:00
validate	Install ansible-lint and yamllint	2026-08-10T19:11:48.9610455Z Downloading resolvelib-1.2.1-py3-none-any.whl (18 kB)
validate	Install ansible-lint and yamllint	2026-08-10T19:11:48.9672110Z Downloading black-26.5.1-cp311-cp311-manylinux2014_x86_64.manylinux_2_17_x86_64.manylinux_2_28_x86_64.whl (1.8 MB)
validate	Install ansible-lint and yamllint	2026-08-10T19:11:48.9758618Z    ━━━━━━━━━━━━━━━━━━━━━━━━━━━━━━━━━━━━━━━━ 1.8/1.8 MB 255.2 MB/s  0:00:00
validate	Install ansible-lint and yamllint	2026-08-10T19:11:48.9796313Z Downloading pytokens-0.4.1-cp311-cp311-manylinux2014_x86_64.manylinux_2_17_x86_64.manylinux_2_28_x86_64.whl (260 kB)
validate	Install ansible-lint and yamllint	2026-08-10T19:11:48.9860735Z Downloading cffi-2.1.1-cp311-cp311-manylinux2014_x86_64.manylinux_2_17_x86_64.whl (217 kB)
validate	Install ansible-lint and yamllint	2026-08-10T19:11:48.9919061Z Downloading click-8.4.2-py3-none-any.whl (119 kB)
validate	Install ansible-lint and yamllint	2026-08-10T19:11:48.9976095Z Downloading cryptography-50.0.0-cp311-abi3-manylinux_2_34_x86_64.whl (4.7 MB)
validate	Install ansible-lint and yamllint	2026-08-10T19:11:49.0132546Z    ━━━━━━━━━━━━━━━━━━━━━━━━━━━━━━━━━━━━━━━━ 4.7/4.7 MB 335.1 MB/s  0:00:00
validate	Install ansible-lint and yamllint	2026-08-10T19:11:49.0169292Z Downloading distro-1.9.0-py3-none-any.whl (20 kB)
validate	Install ansible-lint and yamllint	2026-08-10T19:11:49.0226697Z Downloading filelock-3.32.2-py3-none-any.whl (98 kB)
validate	Install ansible-lint and yamllint	2026-08-10T19:11:49.0284449Z Downloading jinja2-3.1.6-py3-none-any.whl (134 kB)
validate	Install ansible-lint and yamllint	2026-08-10T19:11:49.0364877Z Downloading jsonschema-4.26.0-py3-none-any.whl (90 kB)
validate	Install ansible-lint and yamllint	2026-08-10T19:11:49.0420342Z Downloading attrs-26.1.0-py3-none-any.whl (67 kB)
validate	Install ansible-lint and yamllint	2026-08-10T19:11:49.0474709Z Downloading jsonschema_specifications-2025.9.1-py3-none-any.whl (18 kB)
validate	Install ansible-lint and yamllint	2026-08-10T19:11:49.0529521Z Downloading markupsafe-3.0.3-cp311-cp311-manylinux2014_x86_64.manylinux_2_17_x86_64.manylinux_2_28_x86_64.whl (22 kB)
validate	Install ansible-lint and yamllint	2026-08-10T19:11:49.0580068Z Downloading mypy_extensions-1.1.0-py3-none-any.whl (5.0 kB)
validate	Install ansible-lint and yamllint	2026-08-10T19:11:49.0629444Z Downloading packaging-26.3-py3-none-any.whl (129 kB)
validate	Install ansible-lint and yamllint	2026-08-10T19:11:49.0684675Z Downloading platformdirs-4.11.2-py3-none-any.whl (23 kB)
validate	Install ansible-lint and yamllint	2026-08-10T19:11:49.0738770Z Downloading pyyaml-6.0.3-cp311-cp311-manylinux2014_x86_64.manylinux_2_17_x86_64.manylinux_2_28_x86_64.whl (806 kB)
validate	Install ansible-lint and yamllint	2026-08-10T19:11:49.0803043Z    ━━━━━━━━━━━━━━━━━━━━━━━━━━━━━━━━━━━━━━━━ 806.6/806.6 kB 144.3 MB/s  0:00:00
validate	Install ansible-lint and yamllint	2026-08-10T19:11:49.0837964Z Downloading referencing-0.37.0-py3-none-any.whl (26 kB)
validate	Install ansible-lint and yamllint	2026-08-10T19:11:49.0892445Z Downloading rpds_py-2026.6.3-cp311-cp311-manylinux_2_17_x86_64.manylinux2014_x86_64.whl (371 kB)
validate	Install ansible-lint and yamllint	2026-08-10T19:11:49.0950200Z Downloading ruamel_yaml-0.19.1-py3-none-any.whl (118 kB)
validate	Install ansible-lint and yamllint	2026-08-10T19:11:49.1006075Z Downloading ruamel_yaml_clib-0.2.15-cp311-cp311-manylinux2014_x86_64.manylinux_2_17_x86_64.manylinux_2_28_x86_64.whl (777 kB)
validate	Install ansible-lint and yamllint	2026-08-10T19:11:49.1059692Z    ━━━━━━━━━━━━━━━━━━━━━━━━━━━━━━━━━━━━━━━━ 777.6/777.6 kB 164.8 MB/s  0:00:00
validate	Install ansible-lint and yamllint	2026-08-10T19:11:49.1092916Z Downloading subprocess_tee-0.4.2-py3-none-any.whl (5.2 kB)
validate	Install ansible-lint and yamllint	2026-08-10T19:11:49.1146830Z Downloading typing_extensions-4.16.0-py3-none-any.whl (45 kB)
validate	Install ansible-lint and yamllint	2026-08-10T19:11:49.1201610Z Downloading wcmatch-11.0-py3-none-any.whl (42 kB)
validate	Install ansible-lint and yamllint	2026-08-10T19:11:49.1256689Z Downloading bracex-3.0.1-py3-none-any.whl (11 kB)
validate	Install ansible-lint and yamllint	2026-08-10T19:11:49.1309876Z Downloading pycparser-3.0-py3-none-any.whl (48 kB)
validate	Install ansible-lint and yamllint	2026-08-10T19:11:49.2526774Z Installing collected packages: typing-extensions, subprocess-tee, ruamel-yaml-clib, ruamel-yaml, rpds-py, resolvelib, pyyaml, pytokens, pycparser, platformdirs, pathspec, packaging, mypy-extensions, MarkupSafe, filelock, distro, click, bracex, attrs, yamllint, wcmatch, referencing, jinja2, cffi, black, jsonschema-specifications, cryptography, jsonschema, ansible-core, ansible-compat, ansible-lint
validate	Install ansible-lint and yamllint	2026-08-10T19:11:51.7474401Z 
validate	Install ansible-lint and yamllint	2026-08-10T19:11:51.7494108Z Successfully installed MarkupSafe-3.0.3 ansible-compat-26.6.0 ansible-core-2.19.12 ansible-lint-26.6.0 attrs-26.1.0 black-26.5.1 bracex-3.0.1 cffi-2.1.1 click-8.4.2 cryptography-50.0.0 distro-1.9.0 filelock-3.32.2 jinja2-3.1.6 jsonschema-4.26.0 jsonschema-specifications-2025.9.1 mypy-extensions-1.1.0 packaging-26.3 pathspec-1.1.1 platformdirs-4.11.2 pycparser-3.0 pytokens-0.4.1 pyyaml-6.0.3 referencing-0.37.0 resolvelib-1.2.1 rpds-py-2026.6.3 ruamel-yaml-0.19.1 ruamel-yaml-clib-0.2.15 subprocess-tee-0.4.2 typing-extensions-4.16.0 wcmatch-11.0 yamllint-1.38.0
validate	Run ansible-lint	﻿2026-08-10T19:11:51.8722470Z ##[group]Run if [ -d "ansible" ]; then
validate	Run ansible-lint	2026-08-10T19:11:51.8722860Z ^[[36;1mif [ -d "ansible" ]; then^[[0m
validate	Run ansible-lint	2026-08-10T19:11:51.8723138Z ^[[36;1m  ansible-lint ansible || true^[[0m
validate	Run ansible-lint	2026-08-10T19:11:51.8723398Z ^[[36;1melse^[[0m
validate	Run ansible-lint	2026-08-10T19:11:51.8723684Z ^[[36;1m  echo "No ansible directory, skipping ansible-lint"^[[0m
validate	Run ansible-lint	2026-08-10T19:11:51.8724288Z ^[[36;1mfi^[[0m
validate	Run ansible-lint	2026-08-10T19:11:51.8775001Z shell: /usr/bin/bash -e {0}
validate	Run ansible-lint	2026-08-10T19:11:51.8775270Z env:
validate	Run ansible-lint	2026-08-10T19:11:51.8775549Z   pythonLocation: /opt/hostedtoolcache/Python/3.11.15/x64
validate	Run ansible-lint	2026-08-10T19:11:51.8776003Z   PKG_CONFIG_PATH: /opt/hostedtoolcache/Python/3.11.15/x64/lib/pkgconfig
validate	Run ansible-lint	2026-08-10T19:11:51.8776425Z   Python_ROOT_DIR: /opt/hostedtoolcache/Python/3.11.15/x64
validate	Run ansible-lint	2026-08-10T19:11:51.8776803Z   Python2_ROOT_DIR: /opt/hostedtoolcache/Python/3.11.15/x64
validate	Run ansible-lint	2026-08-10T19:11:51.8777180Z   Python3_ROOT_DIR: /opt/hostedtoolcache/Python/3.11.15/x64
validate	Run ansible-lint	2026-08-10T19:11:51.8777555Z   LD_LIBRARY_PATH: /opt/hostedtoolcache/Python/3.11.15/x64/lib
validate	Run ansible-lint	2026-08-10T19:11:51.8777875Z ##[endgroup]
validate	Run ansible-lint	2026-08-10T19:11:55.3475288Z WARNING  Listing 5 violation(s) that are fatal
validate	Run ansible-lint	2026-08-10T19:11:55.3506165Z ##[error]Wrong indentation: expected at least 3
validate	Run ansible-lint	2026-08-10T19:11:55.3518149Z ##[error]Wrong indentation: expected 8 but found 6
validate	Run ansible-lint	2026-08-10T19:11:55.3520058Z ##[error]Wrong indentation: expected 8 but found 6
validate	Run ansible-lint	2026-08-10T19:11:55.3521923Z ##[error]Wrong indentation: expected at least 3
validate	Run ansible-lint	2026-08-10T19:11:55.3523738Z ##[error]Wrong indentation: expected 8 but found 6
validate	Run ansible-lint	2026-08-10T19:11:55.3525303Z Read documentation for instructions on how to ignore specific rule violations.
validate	Run ansible-lint	2026-08-10T19:11:55.3525796Z 
validate	Run ansible-lint	2026-08-10T19:11:55.3525942Z # Rule Violation Summary
validate	Run ansible-lint	2026-08-10T19:11:55.3526151Z 
validate	Run ansible-lint	2026-08-10T19:11:55.3526328Z   5 yaml profile:basic tags:formatting,yaml
validate	Run ansible-lint	2026-08-10T19:11:55.3526616Z 
validate	Run ansible-lint	2026-08-10T19:11:55.4305161Z Failed: 5 failure(s), 0 warning(s) in 2 files processed of 6 encountered. Last profile that met the validation criteria was 'min'.
validate	Run ansible-lint	2026-08-10T19:11:55.4306239Z yaml[indentation]: Wrong indentation: expected at least 3
validate	Run ansible-lint	2026-08-10T19:11:55.4306834Z ansible/playbooks/configure-management.yml:8
validate	Run ansible-lint	2026-08-10T19:11:55.4307196Z 
validate	Run ansible-lint	2026-08-10T19:11:55.4307442Z yaml[indentation]: Wrong indentation: expected 8 but found 6
validate	Run ansible-lint	2026-08-10T19:11:55.4307985Z ansible/playbooks/configure-management.yml:11
validate	Run ansible-lint	2026-08-10T19:11:55.4308309Z 
validate	Run ansible-lint	2026-08-10T19:11:55.4308529Z yaml[indentation]: Wrong indentation: expected 8 but found 6
validate	Run ansible-lint	2026-08-10T19:11:55.4309054Z ansible/playbooks/configure-management.yml:22
validate	Run ansible-lint	2026-08-10T19:11:55.4309361Z 
validate	Run ansible-lint	2026-08-10T19:11:55.4309942Z yaml[indentation]: Wrong indentation: expected at least 3
validate	Run ansible-lint	2026-08-10T19:11:55.4310443Z ansible/playbooks/validate-management.yml:8
validate	Run ansible-lint	2026-08-10T19:11:55.4310736Z 
validate	Run ansible-lint	2026-08-10T19:11:55.4310973Z yaml[indentation]: Wrong indentation: expected 8 but found 6
validate	Run ansible-lint	2026-08-10T19:11:55.4311499Z ansible/playbooks/validate-management.yml:26
validate	Run ansible-lint	2026-08-10T19:11:55.4311775Z 
validate	Run yamllint for k8s manifests	﻿2026-08-10T19:11:55.5371875Z ##[group]Run if [ -d "kubernetes/k8s-manifests" ]; then
validate	Run yamllint for k8s manifests	2026-08-10T19:11:55.5372325Z ^[[36;1mif [ -d "kubernetes/k8s-manifests" ]; then^[[0m
validate	Run yamllint for k8s manifests	2026-08-10T19:11:55.5372698Z ^[[36;1m  yamllint -c /dev/null kubernetes/k8s-manifests || true^[[0m
validate	Run yamllint for k8s manifests	2026-08-10T19:11:55.5373026Z ^[[36;1melse^[[0m
validate	Run yamllint for k8s manifests	2026-08-10T19:11:55.5373283Z ^[[36;1m  echo "No k8s-manifests dir, skipping yamllint"^[[0m
validate	Run yamllint for k8s manifests	2026-08-10T19:11:55.5373587Z ^[[36;1mfi^[[0m
validate	Run yamllint for k8s manifests	2026-08-10T19:11:55.5422650Z shell: /usr/bin/bash -e {0}
validate	Run yamllint for k8s manifests	2026-08-10T19:11:55.5422913Z env:
validate	Run yamllint for k8s manifests	2026-08-10T19:11:55.5423193Z   pythonLocation: /opt/hostedtoolcache/Python/3.11.15/x64
validate	Run yamllint for k8s manifests	2026-08-10T19:11:55.5423654Z   PKG_CONFIG_PATH: /opt/hostedtoolcache/Python/3.11.15/x64/lib/pkgconfig
validate	Run yamllint for k8s manifests	2026-08-10T19:11:55.5424309Z   Python_ROOT_DIR: /opt/hostedtoolcache/Python/3.11.15/x64
validate	Run yamllint for k8s manifests	2026-08-10T19:11:55.5424705Z   Python2_ROOT_DIR: /opt/hostedtoolcache/Python/3.11.15/x64
validate	Run yamllint for k8s manifests	2026-08-10T19:11:55.5425077Z   Python3_ROOT_DIR: /opt/hostedtoolcache/Python/3.11.15/x64
validate	Run yamllint for k8s manifests	2026-08-10T19:11:55.5425450Z   LD_LIBRARY_PATH: /opt/hostedtoolcache/Python/3.11.15/x64/lib
validate	Run yamllint for k8s manifests	2026-08-10T19:11:55.5425809Z ##[endgroup]
validate	Run yamllint for k8s manifests	2026-08-10T19:11:55.6195314Z invalid config: not a mapping
validate	Setup Terraform	﻿2026-08-10T19:11:55.6341989Z Node 20 is being deprecated. This workflow is running with Node 24 by default. If you need to temporarily use Node 20, you can set the ACTIONS_ALLOW_USE_UNSECURE_NODE_VERSION=true environment variable. For more information see: https://github.blog/changelog/2025-09-19-deprecation-of-node-20-on-github-actions-runners/
validate	Setup Terraform	2026-08-10T19:11:55.6343237Z ##[group]Run hashicorp/setup-terraform@v2
validate	Setup Terraform	2026-08-10T19:11:55.6343516Z with:
validate	Setup Terraform	2026-08-10T19:11:55.6343719Z   terraform_version: 1.5.7
validate	Setup Terraform	2026-08-10T19:11:55.6344193Z   cli_config_credentials_hostname: app.terraform.io
validate	Setup Terraform	2026-08-10T19:11:55.6344511Z   terraform_wrapper: true
validate	Setup Terraform	2026-08-10T19:11:55.6344739Z env:
validate	Setup Terraform	2026-08-10T19:11:55.6344983Z   pythonLocation: /opt/hostedtoolcache/Python/3.11.15/x64
validate	Setup Terraform	2026-08-10T19:11:55.6345408Z   PKG_CONFIG_PATH: /opt/hostedtoolcache/Python/3.11.15/x64/lib/pkgconfig
validate	Setup Terraform	2026-08-10T19:11:55.6345824Z   Python_ROOT_DIR: /opt/hostedtoolcache/Python/3.11.15/x64
validate	Setup Terraform	2026-08-10T19:11:55.6346204Z   Python2_ROOT_DIR: /opt/hostedtoolcache/Python/3.11.15/x64
validate	Setup Terraform	2026-08-10T19:11:55.6346619Z   Python3_ROOT_DIR: /opt/hostedtoolcache/Python/3.11.15/x64
validate	Setup Terraform	2026-08-10T19:11:55.6346991Z   LD_LIBRARY_PATH: /opt/hostedtoolcache/Python/3.11.15/x64/lib
validate	Setup Terraform	2026-08-10T19:11:55.6347312Z ##[endgroup]
validate	Setup Terraform	2026-08-10T19:11:55.7306111Z (node:2453) [DEP0169] DeprecationWarning: `url.parse()` behavior is not standardized and prone to errors that have security implications. Use the WHATWG URL API instead. CVEs are not issued for `url.parse()` vulnerabilities.
validate	Setup Terraform	2026-08-10T19:11:55.7307703Z (Use `node --trace-deprecation ...` to show where the warning was created)
validate	Setup Terraform	2026-08-10T19:11:55.9204039Z [command]/usr/bin/unzip -o -q /home/runner/work/_temp/c85ac8fc-f90a-4103-8097-9d09c71a2e1c
validate	Terraform validate	﻿2026-08-10T19:11:56.4311114Z ##[group]Run if [ -d "terraform" ]; then
validate	Terraform validate	2026-08-10T19:11:56.4311494Z ^[[36;1mif [ -d "terraform" ]; then^[[0m
validate	Terraform validate	2026-08-10T19:11:56.4311759Z ^[[36;1m  cd terraform^[[0m
validate	Terraform validate	2026-08-10T19:11:56.4312008Z ^[[36;1m  terraform init -backend=false^[[0m
validate	Terraform validate	2026-08-10T19:11:56.4312286Z ^[[36;1m  terraform validate^[[0m
validate	Terraform validate	2026-08-10T19:11:56.4312522Z ^[[36;1melse^[[0m
validate	Terraform validate	2026-08-10T19:11:56.4312795Z ^[[36;1m  echo "No terraform dir, skipping terraform validate"^[[0m
validate	Terraform validate	2026-08-10T19:11:56.4313120Z ^[[36;1mfi^[[0m
validate	Terraform validate	2026-08-10T19:11:56.4361913Z shell: /usr/bin/bash -e {0}
validate	Terraform validate	2026-08-10T19:11:56.4362190Z env:
validate	Terraform validate	2026-08-10T19:11:56.4362473Z   pythonLocation: /opt/hostedtoolcache/Python/3.11.15/x64
validate	Terraform validate	2026-08-10T19:11:56.4362934Z   PKG_CONFIG_PATH: /opt/hostedtoolcache/Python/3.11.15/x64/lib/pkgconfig
validate	Terraform validate	2026-08-10T19:11:56.4363623Z   Python_ROOT_DIR: /opt/hostedtoolcache/Python/3.11.15/x64
validate	Terraform validate	2026-08-10T19:11:56.4364214Z   Python2_ROOT_DIR: /opt/hostedtoolcache/Python/3.11.15/x64
validate	Terraform validate	2026-08-10T19:11:56.4364598Z   Python3_ROOT_DIR: /opt/hostedtoolcache/Python/3.11.15/x64
validate	Terraform validate	2026-08-10T19:11:56.4365024Z   LD_LIBRARY_PATH: /opt/hostedtoolcache/Python/3.11.15/x64/lib
validate	Terraform validate	2026-08-10T19:11:56.4365478Z   TERRAFORM_CLI_PATH: /home/runner/work/_temp/d65333b8-7468-456b-9092-f1037f537777
validate	Terraform validate	2026-08-10T19:11:56.4365874Z ##[endgroup]
validate	Terraform validate	2026-08-10T19:11:56.5852201Z [command]/home/runner/work/_temp/d65333b8-7468-456b-9092-f1037f537777/terraform-bin init -backend=false
validate	Terraform validate	2026-08-10T19:11:56.6102859Z 
validate	Terraform validate	2026-08-10T19:11:56.6103784Z ^[[0m^[[1mInitializing provider plugins...^[[0m
validate	Terraform validate	2026-08-10T19:11:56.6104642Z - Finding hashicorp/kubernetes versions matching "~> 2.20"...
validate	Terraform validate	2026-08-10T19:11:56.7356453Z - Finding hashicorp/helm versions matching "~> 2.10"...
validate	Terraform validate	2026-08-10T19:11:56.7900126Z - Finding hashicorp/aws versions matching "~> 5.0"...
validate	Terraform validate	2026-08-10T19:11:56.9701128Z - Installing hashicorp/kubernetes v2.38.0...
validate	Terraform validate	2026-08-10T19:11:57.6026954Z - Installed hashicorp/kubernetes v2.38.0 (signed by HashiCorp)
validate	Terraform validate	2026-08-10T19:11:57.7436339Z - Installing hashicorp/helm v2.17.0...
validate	Terraform validate	2026-08-10T19:11:58.3643464Z - Installed hashicorp/helm v2.17.0 (signed by HashiCorp)
validate	Terraform validate	2026-08-10T19:11:58.4789495Z - Installing hashicorp/aws v5.100.0...
validate	Terraform validate	2026-08-10T19:12:03.9736749Z - Installed hashicorp/aws v5.100.0 (signed by HashiCorp)
validate	Terraform validate	2026-08-10T19:12:03.9737229Z 
validate	Terraform validate	2026-08-10T19:12:03.9737861Z Terraform has created a lock file ^[[1m.terraform.lock.hcl^[[0m to record the provider
validate	Terraform validate	2026-08-10T19:12:03.9738438Z selections it made above. Include this file in your version control repository
validate	Terraform validate	2026-08-10T19:12:03.9738945Z so that Terraform can guarantee to make the same selections by default when
validate	Terraform validate	2026-08-10T19:12:03.9739411Z you run "terraform init" in the future.^[[0m
validate	Terraform validate	2026-08-10T19:12:03.9739809Z 
validate	Terraform validate	2026-08-10T19:12:03.9740539Z ^[[0m^[[1m^[[32mTerraform has been successfully initialized!^[[0m^[[32m^[[0m
validate	Terraform validate	2026-08-10T19:12:03.9740999Z ^[[0m^[[32m
validate	Terraform validate	2026-08-10T19:12:03.9741335Z You may now begin working with Terraform. Try running "terraform plan" to see
validate	Terraform validate	2026-08-10T19:12:03.9741863Z any changes that are required for your infrastructure. All Terraform commands
validate	Terraform validate	2026-08-10T19:12:03.9742251Z should now work.
validate	Terraform validate	2026-08-10T19:12:03.9742378Z 
validate	Terraform validate	2026-08-10T19:12:03.9742571Z If you ever set or change modules or backend configuration for Terraform,
validate	Terraform validate	2026-08-10T19:12:03.9743081Z rerun this command to reinitialize your working directory. If you forget, other
validate	Terraform validate	2026-08-10T19:12:03.9743624Z commands will detect it and remind you to do so if necessary.^[[0m
validate	Terraform validate	2026-08-10T19:12:04.0281698Z [command]/home/runner/work/_temp/d65333b8-7468-456b-9092-f1037f537777/terraform-bin validate
validate	Terraform validate	2026-08-10T19:12:08.6341583Z ^[[32m^[[1mSuccess!^[[0m The configuration is valid.
validate	Terraform validate	2026-08-10T19:12:08.6342009Z ^[[0m
validate	Install kubeval	﻿2026-08-10T19:12:08.6493720Z ##[group]Run KUV_VER=$(curl -s https://api.github.com/repos/instrumenta/kubeval/releases/latest | jq -r .tag_name)
validate	Install kubeval	2026-08-10T19:12:08.6494852Z ^[[36;1mKUV_VER=$(curl -s https://api.github.com/repos/instrumenta/kubeval/releases/latest | jq -r .tag_name)^[[0m
validate	Install kubeval	2026-08-10T19:12:08.6495700Z ^[[36;1mcurl -sL "https://github.com/instrumenta/kubeval/releases/download/${KUV_VER}/kubeval-linux-amd64.tar.gz" -o /tmp/kubeval.tar.gz^[[0m
validate	Install kubeval	2026-08-10T19:12:08.6496412Z ^[[36;1msudo tar -C /usr/local/bin -xzf /tmp/kubeval.tar.gz kubeval^[[0m
validate	Install kubeval	2026-08-10T19:12:08.6496787Z ^[[36;1mkubeval --version || true^[[0m
validate	Install kubeval	2026-08-10T19:12:08.6545388Z shell: /usr/bin/bash -e {0}
validate	Install kubeval	2026-08-10T19:12:08.6545651Z env:
validate	Install kubeval	2026-08-10T19:12:08.6545928Z   pythonLocation: /opt/hostedtoolcache/Python/3.11.15/x64
validate	Install kubeval	2026-08-10T19:12:08.6546359Z   PKG_CONFIG_PATH: /opt/hostedtoolcache/Python/3.11.15/x64/lib/pkgconfig
validate	Install kubeval	2026-08-10T19:12:08.6546780Z   Python_ROOT_DIR: /opt/hostedtoolcache/Python/3.11.15/x64
validate	Install kubeval	2026-08-10T19:12:08.6547156Z   Python2_ROOT_DIR: /opt/hostedtoolcache/Python/3.11.15/x64
validate	Install kubeval	2026-08-10T19:12:08.6547592Z   Python3_ROOT_DIR: /opt/hostedtoolcache/Python/3.11.15/x64
validate	Install kubeval	2026-08-10T19:12:08.6548189Z   LD_LIBRARY_PATH: /opt/hostedtoolcache/Python/3.11.15/x64/lib
validate	Install kubeval	2026-08-10T19:12:08.6548639Z   TERRAFORM_CLI_PATH: /home/runner/work/_temp/d65333b8-7468-456b-9092-f1037f537777
validate	Install kubeval	2026-08-10T19:12:08.6549022Z   KUBEVERSION: latest
validate	Install kubeval	2026-08-10T19:12:08.6549235Z ##[endgroup]
validate	Install kubeval	2026-08-10T19:12:09.1438728Z Version: 0.16.1
validate	Install kubeval	2026-08-10T19:12:09.1441346Z Commit: f5dba6b486fa18b9179b91e15eb6f2b0f7a5a69e
validate	Install kubeval	2026-08-10T19:12:09.1441870Z Date: 2021-03-30T15:17:06Z
validate	Run kubeval on manifests	﻿2026-08-10T19:12:09.1484624Z ##[group]Run if [ -d "kubernetes/k8s-manifests" ]; then
validate	Run kubeval on manifests	2026-08-10T19:12:09.1485301Z ^[[36;1mif [ -d "kubernetes/k8s-manifests" ]; then^[[0m
validate	Run kubeval on manifests	2026-08-10T19:12:09.1486021Z ^[[36;1m  find kubernetes/k8s-manifests -name '*.yaml' -print0 | xargs -0 -n1 kubeval || true^[[0m
validate	Run kubeval on manifests	2026-08-10T19:12:09.1486668Z ^[[36;1melse^[[0m
validate	Run kubeval on manifests	2026-08-10T19:12:09.1487080Z ^[[36;1m  echo "No k8s manifests directory, skipping kubeval"^[[0m
validate	Run kubeval on manifests	2026-08-10T19:12:09.1487567Z ^[[36;1mfi^[[0m
validate	Run kubeval on manifests	2026-08-10T19:12:09.1552318Z shell: /usr/bin/bash -e {0}
validate	Run kubeval on manifests	2026-08-10T19:12:09.1552725Z env:
validate	Run kubeval on manifests	2026-08-10T19:12:09.1553167Z   pythonLocation: /opt/hostedtoolcache/Python/3.11.15/x64
validate	Run kubeval on manifests	2026-08-10T19:12:09.1554093Z   PKG_CONFIG_PATH: /opt/hostedtoolcache/Python/3.11.15/x64/lib/pkgconfig
validate	Run kubeval on manifests	2026-08-10T19:12:09.1554804Z   Python_ROOT_DIR: /opt/hostedtoolcache/Python/3.11.15/x64
validate	Run kubeval on manifests	2026-08-10T19:12:09.1555415Z   Python2_ROOT_DIR: /opt/hostedtoolcache/Python/3.11.15/x64
validate	Run kubeval on manifests	2026-08-10T19:12:09.1556031Z   Python3_ROOT_DIR: /opt/hostedtoolcache/Python/3.11.15/x64
validate	Run kubeval on manifests	2026-08-10T19:12:09.1556642Z   LD_LIBRARY_PATH: /opt/hostedtoolcache/Python/3.11.15/x64/lib
validate	Run kubeval on manifests	2026-08-10T19:12:09.1557442Z   TERRAFORM_CLI_PATH: /home/runner/work/_temp/d65333b8-7468-456b-9092-f1037f537777
validate	Run kubeval on manifests	2026-08-10T19:12:09.1558058Z ##[endgroup]
validate	Run kubeval on manifests	2026-08-10T19:12:09.5928365Z ERR  - kubernetes/k8s-manifests/admin/deployment.yaml: Failed initializing schema https://kubernetesjsonschema.dev/master-standalone/deployment-apps-v1.json: Get "https://kubernetesjsonschema.dev/master-standalone/deployment-apps-v1.json": x509: certificate is valid for *.netlify.app, netlify.app, not kubernetesjsonschema.dev
validate	Run kubeval on manifests	2026-08-10T19:12:09.6597999Z ERR  - kubernetes/k8s-manifests/admin/service.yaml: Failed initializing schema https://kubernetesjsonschema.dev/master-standalone/service-v1.json: Get "https://kubernetesjsonschema.dev/master-standalone/service-v1.json": x509: certificate is valid for *.netlify.app, netlify.app, not kubernetesjsonschema.dev
validate	Run kubeval on manifests	2026-08-10T19:12:09.7980175Z ERR  - kubernetes/k8s-manifests/frontend/deployment.yaml: Failed initializing schema https://kubernetesjsonschema.dev/master-standalone/deployment-apps-v1.json: Get "https://kubernetesjsonschema.dev/master-standalone/deployment-apps-v1.json": x509: certificate is valid for *.netlify.app, netlify.app, not kubernetesjsonschema.dev
validate	Run kubeval on manifests	2026-08-10T19:12:09.8682065Z ERR  - kubernetes/k8s-manifests/frontend/service.yaml: Failed initializing schema https://kubernetesjsonschema.dev/master-standalone/service-v1.json: Get "https://kubernetesjsonschema.dev/master-standalone/service-v1.json": x509: certificate is valid for *.netlify.app, netlify.app, not kubernetesjsonschema.dev
validate	Run kubeval on manifests	2026-08-10T19:12:09.9294519Z ERR  - kubernetes/k8s-manifests/daemonsets-example/README.yaml: Failed initializing schema https://kubernetesjsonschema.dev/master-standalone/configmap-v1.json: Get "https://kubernetesjsonschema.dev/master-standalone/configmap-v1.json": x509: certificate is valid for *.netlify.app, netlify.app, not kubernetesjsonschema.dev
validate	Run kubeval on manifests	2026-08-10T19:12:10.0746799Z ERR  - kubernetes/k8s-manifests/namespace/namespace.yaml: Failed initializing schema https://kubernetesjsonschema.dev/master-standalone/namespace-v1.json: Get "https://kubernetesjsonschema.dev/master-standalone/namespace-v1.json": x509: certificate is valid for *.netlify.app, netlify.app, not kubernetesjsonschema.dev
validate	Run kubeval on manifests	2026-08-10T19:12:10.1696658Z ERR  - kubernetes/k8s-manifests/database/mongo-deployment.yaml: Failed initializing schema https://kubernetesjsonschema.dev/master-standalone/deployment-apps-v1.json: Get "https://kubernetesjsonschema.dev/master-standalone/deployment-apps-v1.json": x509: certificate is valid for *.netlify.app, netlify.app, not kubernetesjsonschema.dev
validate	Run kubeval on manifests	2026-08-10T19:12:10.3749322Z ERR  - kubernetes/k8s-manifests/database/aws-secretstore.yaml: Failed initializing schema https://kubernetesjsonschema.dev/master-standalone/secretstore-external-secrets-v1beta1.json: Get "https://kubernetesjsonschema.dev/master-standalone/secretstore-external-secrets-v1beta1.json": x509: certificate is valid for *.netlify.app, netlify.app, not kubernetesjsonschema.dev
validate	Run kubeval on manifests	2026-08-10T19:12:10.5111707Z ERR  - kubernetes/k8s-manifests/database/mongo-service.yaml: Failed initializing schema https://kubernetesjsonschema.dev/master-standalone/service-v1.json: Get "https://kubernetesjsonschema.dev/master-standalone/service-v1.json": x509: certificate is valid for *.netlify.app, netlify.app, not kubernetesjsonschema.dev
validate	Run kubeval on manifests	2026-08-10T19:12:10.6270872Z ERR  - kubernetes/k8s-manifests/database/mongo-secret-externalsecret.yaml: Failed initializing schema https://kubernetesjsonschema.dev/master-standalone/externalsecret-external-secrets-v1beta1.json: Get "https://kubernetesjsonschema.dev/master-standalone/externalsecret-external-secrets-v1beta1.json": x509: certificate is valid for *.netlify.app, netlify.app, not kubernetesjsonschema.dev
validate	Run kubeval on manifests	2026-08-10T19:12:10.7602153Z ERR  - kubernetes/k8s-manifests/ingress/ingress-shopnow.yaml: Failed initializing schema https://kubernetesjsonschema.dev/master-standalone/ingress-networking-v1.json: Get "https://kubernetesjsonschema.dev/master-standalone/ingress-networking-v1.json": x509: certificate is valid for *.netlify.app, netlify.app, not kubernetesjsonschema.dev
validate	Run kubeval on manifests	2026-08-10T19:12:10.8815591Z ERR  - kubernetes/k8s-manifests/backend/deployment.yaml: Failed initializing schema https://kubernetesjsonschema.dev/master-standalone/deployment-apps-v1.json: Get "https://kubernetesjsonschema.dev/master-standalone/deployment-apps-v1.json": x509: certificate is valid for *.netlify.app, netlify.app, not kubernetesjsonschema.dev
validate	Run kubeval on manifests	2026-08-10T19:12:10.9460101Z ERR  - kubernetes/k8s-manifests/backend/service.yaml: Failed initializing schema https://kubernetesjsonschema.dev/master-standalone/service-v1.json: Get "https://kubernetesjsonschema.dev/master-standalone/service-v1.json": x509: certificate is valid for *.netlify.app, netlify.app, not kubernetesjsonschema.dev
validate	Install ShellCheck	﻿2026-08-10T19:12:10.9497333Z ##[group]Run sudo apt-get update -y
validate	Install ShellCheck	2026-08-10T19:12:10.9497673Z ^[[36;1msudo apt-get update -y^[[0m
validate	Install ShellCheck	2026-08-10T19:12:10.9497951Z ^[[36;1msudo apt-get install -y shellcheck^[[0m
validate	Install ShellCheck	2026-08-10T19:12:10.9547111Z shell: /usr/bin/bash -e {0}
validate	Install ShellCheck	2026-08-10T19:12:10.9547374Z env:
validate	Install ShellCheck	2026-08-10T19:12:10.9547653Z   pythonLocation: /opt/hostedtoolcache/Python/3.11.15/x64
validate	Install ShellCheck	2026-08-10T19:12:10.9548097Z   PKG_CONFIG_PATH: /opt/hostedtoolcache/Python/3.11.15/x64/lib/pkgconfig
validate	Install ShellCheck	2026-08-10T19:12:10.9548520Z   Python_ROOT_DIR: /opt/hostedtoolcache/Python/3.11.15/x64
validate	Install ShellCheck	2026-08-10T19:12:10.9548896Z   Python2_ROOT_DIR: /opt/hostedtoolcache/Python/3.11.15/x64
validate	Install ShellCheck	2026-08-10T19:12:10.9549266Z   Python3_ROOT_DIR: /opt/hostedtoolcache/Python/3.11.15/x64
validate	Install ShellCheck	2026-08-10T19:12:10.9549652Z   LD_LIBRARY_PATH: /opt/hostedtoolcache/Python/3.11.15/x64/lib
validate	Install ShellCheck	2026-08-10T19:12:10.9550106Z   TERRAFORM_CLI_PATH: /home/runner/work/_temp/d65333b8-7468-456b-9092-f1037f537777
validate	Install ShellCheck	2026-08-10T19:12:10.9550491Z ##[endgroup]
validate	Install ShellCheck	2026-08-10T19:12:11.1094180Z Get:1 file:/etc/apt/apt-mirrors.txt Mirrorlist [144 B]
validate	Install ShellCheck	2026-08-10T19:12:11.1227563Z Get:6 https://packages.microsoft.com/repos/azure-cli noble InRelease [3564 B]
validate	Install ShellCheck	2026-08-10T19:12:11.1564242Z Get:7 https://packages.microsoft.com/ubuntu/24.04/prod noble InRelease [3600 B]
validate	Install ShellCheck	2026-08-10T19:12:11.1631510Z Hit:2 http://azure.archive.ubuntu.com/ubuntu noble InRelease
validate	Install ShellCheck	2026-08-10T19:12:11.1641051Z Get:3 http://azure.archive.ubuntu.com/ubuntu noble-updates InRelease [126 kB]
validate	Install ShellCheck	2026-08-10T19:12:11.1735038Z Get:4 http://azure.archive.ubuntu.com/ubuntu noble-backports InRelease [126 kB]
validate	Install ShellCheck	2026-08-10T19:12:11.1749458Z Get:5 http://azure.archive.ubuntu.com/ubuntu noble-security InRelease [126 kB]
validate	Install ShellCheck	2026-08-10T19:12:11.1863757Z Get:8 https://dl.google.com/linux/chrome-stable/deb stable InRelease [2548 B]
validate	Install ShellCheck	2026-08-10T19:12:11.2705059Z Get:9 https://packages.microsoft.com/repos/azure-cli noble/main amd64 Packages [2375 B]
validate	Install ShellCheck	2026-08-10T19:12:11.3268819Z Get:10 https://packages.microsoft.com/ubuntu/24.04/prod noble/main all Packages [643 B]
validate	Install ShellCheck	2026-08-10T19:12:11.3307352Z Get:11 https://packages.microsoft.com/ubuntu/24.04/prod noble/main amd64 Packages [316 kB]
validate	Install ShellCheck	2026-08-10T19:12:11.3415035Z Get:12 https://packages.microsoft.com/ubuntu/24.04/prod noble/main arm64 Packages [275 kB]
validate	Install ShellCheck	2026-08-10T19:12:11.3479059Z Get:13 https://packages.microsoft.com/ubuntu/24.04/prod noble/main armhf Packages [12.2 kB]
validate	Install ShellCheck	2026-08-10T19:12:11.4672868Z Get:14 http://azure.archive.ubuntu.com/ubuntu noble-updates/main amd64 Packages [1187 kB]
validate	Install ShellCheck	2026-08-10T19:12:11.4754089Z Get:15 http://azure.archive.ubuntu.com/ubuntu noble-updates/main Translation-en [281 kB]
validate	Install ShellCheck	2026-08-10T19:12:11.4826491Z Get:16 http://azure.archive.ubuntu.com/ubuntu noble-updates/main amd64 Components [180 kB]
validate	Install ShellCheck	2026-08-10T19:12:11.4843353Z Get:17 http://azure.archive.ubuntu.com/ubuntu noble-updates/universe amd64 Packages [1682 kB]
validate	Install ShellCheck	2026-08-10T19:12:11.4949173Z Get:18 http://azure.archive.ubuntu.com/ubuntu noble-updates/universe Translation-en [335 kB]
validate	Install ShellCheck	2026-08-10T19:12:11.4977832Z Get:19 http://azure.archive.ubuntu.com/ubuntu noble-updates/universe amd64 Components [388 kB]
validate	Install ShellCheck	2026-08-10T19:12:11.5035432Z Get:20 http://azure.archive.ubuntu.com/ubuntu noble-updates/restricted amd64 Packages [1416 kB]
validate	Install ShellCheck	2026-08-10T19:12:11.5101969Z Get:21 http://azure.archive.ubuntu.com/ubuntu noble-updates/restricted Translation-en [321 kB]
validate	Install ShellCheck	2026-08-10T19:12:11.5133167Z Get:22 http://azure.archive.ubuntu.com/ubuntu noble-updates/multiverse amd64 Packages [45.4 kB]
validate	Install ShellCheck	2026-08-10T19:12:11.5147532Z Get:23 http://azure.archive.ubuntu.com/ubuntu noble-updates/multiverse Translation-en [12.3 kB]
validate	Install ShellCheck	2026-08-10T19:12:11.5615780Z Get:24 http://azure.archive.ubuntu.com/ubuntu noble-updates/multiverse amd64 Components [940 B]
validate	Install ShellCheck	2026-08-10T19:12:11.5624293Z Get:25 http://azure.archive.ubuntu.com/ubuntu noble-backports/main amd64 Components [5776 B]
validate	Install ShellCheck	2026-08-10T19:12:11.5637519Z Get:26 http://azure.archive.ubuntu.com/ubuntu noble-backports/universe amd64 Packages [31.0 kB]
validate	Install ShellCheck	2026-08-10T19:12:11.5662728Z Get:27 http://azure.archive.ubuntu.com/ubuntu noble-backports/universe amd64 Components [12.6 kB]
validate	Install ShellCheck	2026-08-10T19:12:11.5936239Z Get:28 http://azure.archive.ubuntu.com/ubuntu noble-security/main amd64 Packages [927 kB]
validate	Install ShellCheck	2026-08-10T19:12:11.6017800Z Get:29 http://azure.archive.ubuntu.com/ubuntu noble-security/main Translation-en [201 kB]
validate	Install ShellCheck	2026-08-10T19:12:11.6039778Z Get:30 http://azure.archive.ubuntu.com/ubuntu noble-security/main amd64 Components [46.3 kB]
validate	Install ShellCheck	2026-08-10T19:12:11.6056683Z Get:31 http://azure.archive.ubuntu.com/ubuntu noble-security/universe amd64 Packages [1200 kB]
validate	Install ShellCheck	2026-08-10T19:12:11.6136061Z Get:32 http://azure.archive.ubuntu.com/ubuntu noble-security/universe Translation-en [239 kB]
validate	Install ShellCheck	2026-08-10T19:12:11.6160245Z Get:33 http://azure.archive.ubuntu.com/ubuntu noble-security/universe amd64 Components [76.2 kB]
validate	Install ShellCheck	2026-08-10T19:12:11.6179880Z Get:34 http://azure.archive.ubuntu.com/ubuntu noble-security/restricted amd64 Packages [1320 kB]
validate	Install ShellCheck	2026-08-10T19:12:11.6290566Z Get:35 http://azure.archive.ubuntu.com/ubuntu noble-security/restricted Translation-en [302 kB]
validate	Install ShellCheck	2026-08-10T19:12:11.6307216Z Get:36 http://azure.archive.ubuntu.com/ubuntu noble-security/multiverse amd64 Packages [40.3 kB]
validate	Install ShellCheck	2026-08-10T19:12:11.6328130Z Get:37 http://azure.archive.ubuntu.com/ubuntu noble-security/multiverse Translation-en [10.6 kB]
validate	Install ShellCheck	2026-08-10T19:12:11.6967370Z Get:38 https://dl.google.com/linux/chrome-stable/deb stable/main amd64 Packages [1407 B]
validate	Install ShellCheck	2026-08-10T19:12:19.1475755Z Fetched 11.3 MB in 2s (7397 kB/s)
validate	Install ShellCheck	2026-08-10T19:12:19.9063449Z Reading package lists...
validate	Install ShellCheck	2026-08-10T19:12:19.9392147Z Reading package lists...
validate	Install ShellCheck	2026-08-10T19:12:20.1242024Z Building dependency tree...
validate	Install ShellCheck	2026-08-10T19:12:20.1249269Z Reading state information...
validate	Install ShellCheck	2026-08-10T19:12:20.3094406Z shellcheck is already the newest version (0.9.0-1).
validate	Install ShellCheck	2026-08-10T19:12:20.3095591Z 0 upgraded, 0 newly installed, 0 to remove and 97 not upgraded.
validate	Run ShellCheck on scripts	﻿2026-08-10T19:12:20.3145320Z ##[group]Run if [ -d "scripts" ]; then
validate	Run ShellCheck on scripts	2026-08-10T19:12:20.3145668Z ^[[36;1mif [ -d "scripts" ]; then^[[0m
validate	Run ShellCheck on scripts	2026-08-10T19:12:20.3146059Z ^[[36;1m  find scripts -type f -name '*.sh' -print0 | xargs -0 shellcheck || true^[[0m
validate	Run ShellCheck on scripts	2026-08-10T19:12:20.3146441Z ^[[36;1melse^[[0m
validate	Run ShellCheck on scripts	2026-08-10T19:12:20.3146689Z ^[[36;1m  echo "No scripts dir, skipping shellcheck"^[[0m
validate	Run ShellCheck on scripts	2026-08-10T19:12:20.3146980Z ^[[36;1mfi^[[0m
validate	Run ShellCheck on scripts	2026-08-10T19:12:20.3196589Z shell: /usr/bin/bash -e {0}
validate	Run ShellCheck on scripts	2026-08-10T19:12:20.3196951Z env:
validate	Run ShellCheck on scripts	2026-08-10T19:12:20.3197302Z   pythonLocation: /opt/hostedtoolcache/Python/3.11.15/x64
validate	Run ShellCheck on scripts	2026-08-10T19:12:20.3197756Z   PKG_CONFIG_PATH: /opt/hostedtoolcache/Python/3.11.15/x64/lib/pkgconfig
validate	Run ShellCheck on scripts	2026-08-10T19:12:20.3198178Z   Python_ROOT_DIR: /opt/hostedtoolcache/Python/3.11.15/x64
validate	Run ShellCheck on scripts	2026-08-10T19:12:20.3198558Z   Python2_ROOT_DIR: /opt/hostedtoolcache/Python/3.11.15/x64
validate	Run ShellCheck on scripts	2026-08-10T19:12:20.3198953Z   Python3_ROOT_DIR: /opt/hostedtoolcache/Python/3.11.15/x64
validate	Run ShellCheck on scripts	2026-08-10T19:12:20.3199371Z   LD_LIBRARY_PATH: /opt/hostedtoolcache/Python/3.11.15/x64/lib
validate	Run ShellCheck on scripts	2026-08-10T19:12:20.3199869Z   TERRAFORM_CLI_PATH: /home/runner/work/_temp/d65333b8-7468-456b-9092-f1037f537777
validate	Run ShellCheck on scripts	2026-08-10T19:12:20.3200263Z ##[endgroup]
validate	Run ShellCheck on scripts	2026-08-10T19:12:20.8322085Z 
validate	Run ShellCheck on scripts	2026-08-10T19:12:20.8322725Z In scripts/build-and-push.sh line 51:
validate	Run ShellCheck on scripts	2026-08-10T19:12:20.8323177Z       ${build_arg} \
validate	Run ShellCheck on scripts	2026-08-10T19:12:20.8323685Z       ^----------^ SC2086 (info): Double quote to prevent globbing and word splitting.
validate	Run ShellCheck on scripts	2026-08-10T19:12:20.8324716Z 
validate	Run ShellCheck on scripts	2026-08-10T19:12:20.8325534Z Did you mean: 
validate	Run ShellCheck on scripts	2026-08-10T19:12:20.8325824Z       "${build_arg}" \
validate	Run ShellCheck on scripts	2026-08-10T19:12:20.8326015Z 
validate	Run ShellCheck on scripts	2026-08-10T19:12:20.8326023Z 
validate	Run ShellCheck on scripts	2026-08-10T19:12:20.8326528Z In scripts/set_github_secrets.sh line 29:
validate	Run ShellCheck on scripts	2026-08-10T19:12:20.8327085Z gh secret set AWS_ACCESS_KEY_ID $REPO_ARG --body "$AWS_ACCESS_KEY_ID_VAL"
validate	Run ShellCheck on scripts	2026-08-10T19:12:20.8327814Z                                 ^-------^ SC2086 (info): Double quote to prevent globbing and word splitting.
validate	Run ShellCheck on scripts	2026-08-10T19:12:20.8328318Z 
validate	Run ShellCheck on scripts	2026-08-10T19:12:20.8328427Z Did you mean: 
validate	Run ShellCheck on scripts	2026-08-10T19:12:20.8328866Z gh secret set AWS_ACCESS_KEY_ID "$REPO_ARG" --body "$AWS_ACCESS_KEY_ID_VAL"
validate	Run ShellCheck on scripts	2026-08-10T19:12:20.8329272Z 
validate	Run ShellCheck on scripts	2026-08-10T19:12:20.8329279Z 
validate	Run ShellCheck on scripts	2026-08-10T19:12:20.8329450Z In scripts/set_github_secrets.sh line 30:
validate	Run ShellCheck on scripts	2026-08-10T19:12:20.8330003Z gh secret set AWS_SECRET_ACCESS_KEY $REPO_ARG --body "$AWS_SECRET_ACCESS_KEY_VAL"
validate	Run ShellCheck on scripts	2026-08-10T19:12:20.8330742Z                                     ^-------^ SC2086 (info): Double quote to prevent globbing and word splitting.
validate	Run ShellCheck on scripts	2026-08-10T19:12:20.8331195Z 
validate	Run ShellCheck on scripts	2026-08-10T19:12:20.8331311Z Did you mean: 
validate	Run ShellCheck on scripts	2026-08-10T19:12:20.8331757Z gh secret set AWS_SECRET_ACCESS_KEY "$REPO_ARG" --body "$AWS_SECRET_ACCESS_KEY_VAL"
validate	Run ShellCheck on scripts	2026-08-10T19:12:20.8332204Z 
validate	Run ShellCheck on scripts	2026-08-10T19:12:20.8332211Z 
validate	Run ShellCheck on scripts	2026-08-10T19:12:20.8332368Z In scripts/set_github_secrets.sh line 31:
validate	Run ShellCheck on scripts	2026-08-10T19:12:20.8332865Z gh secret set AWS_REGION $REPO_ARG --body "$AWS_REGION_VAL"
validate	Run ShellCheck on scripts	2026-08-10T19:12:20.8333558Z                          ^-------^ SC2086 (info): Double quote to prevent globbing and word splitting.
validate	Run ShellCheck on scripts	2026-08-10T19:12:20.8334243Z 
validate	Run ShellCheck on scripts	2026-08-10T19:12:20.8334351Z Did you mean: 
validate	Run ShellCheck on scripts	2026-08-10T19:12:20.8334733Z gh secret set AWS_REGION "$REPO_ARG" --body "$AWS_REGION_VAL"
validate	Run ShellCheck on scripts	2026-08-10T19:12:20.8335090Z 
validate	Run ShellCheck on scripts	2026-08-10T19:12:20.8335097Z 
validate	Run ShellCheck on scripts	2026-08-10T19:12:20.8335234Z In scripts/set_github_secrets.sh line 32:
validate	Run ShellCheck on scripts	2026-08-10T19:12:20.8335773Z gh secret set AWS_ACCOUNT_ID $REPO_ARG --body "$AWS_ACCOUNT_ID_VAL"
validate	Run ShellCheck on scripts	2026-08-10T19:12:20.8336538Z                              ^-------^ SC2086 (info): Double quote to prevent globbing and word splitting.
validate	Run ShellCheck on scripts	2026-08-10T19:12:20.8337053Z 
validate	Run ShellCheck on scripts	2026-08-10T19:12:20.8337172Z Did you mean: 
validate	Run ShellCheck on scripts	2026-08-10T19:12:20.8337611Z gh secret set AWS_ACCOUNT_ID "$REPO_ARG" --body "$AWS_ACCOUNT_ID_VAL"
validate	Run ShellCheck on scripts	2026-08-10T19:12:20.8338038Z 
validate	Run ShellCheck on scripts	2026-08-10T19:12:20.8338174Z For more information:
validate	Run ShellCheck on scripts	2026-08-10T19:12:20.8338759Z   https://www.shellcheck.net/wiki/SC2086 -- Double quote to prevent globbing ...
validate	Jenkinsfile lint guidance	﻿2026-08-10T19:12:20.8372230Z ##[group]Run if [ -f Jenkinsfile ]; then
validate	Jenkinsfile lint guidance	2026-08-10T19:12:20.8372770Z ^[[36;1mif [ -f Jenkinsfile ]; then^[[0m
validate	Jenkinsfile lint guidance	2026-08-10T19:12:20.8373142Z ^[[36;1m  echo "Building custom jenkinsfile-runner image with plugins..."^[[0m
validate	Jenkinsfile lint guidance	2026-08-10T19:12:20.8373775Z ^[[36;1m  docker build --pull -t local/jfr:latest -f docker/jenkinsfile-runner/Dockerfile docker/jenkinsfile-runner^[[0m
validate	Jenkinsfile lint guidance	2026-08-10T19:12:20.8374696Z ^[[36;1m  echo "Running jenkinsfile-runner to validate Jenkinsfile (timeout 20m)..."^[[0m
validate	Jenkinsfile lint guidance	2026-08-10T19:12:20.8375557Z ^[[36;1m  # Run lint with timeout and capture output to a log file so the job cannot hang indefinitely^[[0m
validate	Jenkinsfile lint guidance	2026-08-10T19:12:20.8376426Z ^[[36;1m  /usr/bin/timeout 20m docker run --rm -v "$PWD":/workspace -w /workspace local/jfr:latest lint > jenkinsfile-lint.log 2>&1 || {^[[0m
validate	Jenkinsfile lint guidance	2026-08-10T19:12:20.8377305Z ^[[36;1m    echo "jenkinsfile-runner reported issues or timed out; lint output saved to jenkinsfile-lint.log";^[[0m
validate	Jenkinsfile lint guidance	2026-08-10T19:12:20.8377986Z ^[[36;1m  }^[[0m
validate	Jenkinsfile lint guidance	2026-08-10T19:12:20.8378402Z ^[[36;1m  echo "Jenkinsfile lint finished (logs saved)."^[[0m
validate	Jenkinsfile lint guidance	2026-08-10T19:12:20.8379003Z ^[[36;1melse^[[0m
validate	Jenkinsfile lint guidance	2026-08-10T19:12:20.8379439Z ^[[36;1m  echo "No Jenkinsfile found in repo; skipping Jenkinsfile lint"^[[0m
validate	Jenkinsfile lint guidance	2026-08-10T19:12:20.8379943Z ^[[36;1mfi^[[0m
validate	Jenkinsfile lint guidance	2026-08-10T19:12:20.8428720Z shell: /usr/bin/bash -e {0}
validate	Jenkinsfile lint guidance	2026-08-10T19:12:20.8429198Z env:
validate	Jenkinsfile lint guidance	2026-08-10T19:12:20.8429590Z   pythonLocation: /opt/hostedtoolcache/Python/3.11.15/x64
validate	Jenkinsfile lint guidance	2026-08-10T19:12:20.8430176Z   PKG_CONFIG_PATH: /opt/hostedtoolcache/Python/3.11.15/x64/lib/pkgconfig
validate	Jenkinsfile lint guidance	2026-08-10T19:12:20.8442946Z   Python_ROOT_DIR: /opt/hostedtoolcache/Python/3.11.15/x64
validate	Jenkinsfile lint guidance	2026-08-10T19:12:20.8443573Z   Python2_ROOT_DIR: /opt/hostedtoolcache/Python/3.11.15/x64
validate	Jenkinsfile lint guidance	2026-08-10T19:12:20.8444263Z   Python3_ROOT_DIR: /opt/hostedtoolcache/Python/3.11.15/x64
validate	Jenkinsfile lint guidance	2026-08-10T19:12:20.8444748Z   LD_LIBRARY_PATH: /opt/hostedtoolcache/Python/3.11.15/x64/lib
validate	Jenkinsfile lint guidance	2026-08-10T19:12:20.8445211Z   TERRAFORM_CLI_PATH: /home/runner/work/_temp/d65333b8-7468-456b-9092-f1037f537777
validate	Jenkinsfile lint guidance	2026-08-10T19:12:20.8445591Z ##[endgroup]
validate	Jenkinsfile lint guidance	2026-08-10T19:12:20.8518753Z Building custom jenkinsfile-runner image with plugins...
validate	Jenkinsfile lint guidance	2026-08-10T19:12:24.3579242Z #0 building with "default" instance using docker driver
validate	Jenkinsfile lint guidance	2026-08-10T19:12:24.3579603Z 
validate	Jenkinsfile lint guidance	2026-08-10T19:12:24.3579749Z #1 [internal] load build definition from Dockerfile
validate	Jenkinsfile lint guidance	2026-08-10T19:12:24.3580648Z #1 transferring dockerfile: 373B 0.0s done
validate	Jenkinsfile lint guidance	2026-08-10T19:12:24.3580930Z #1 DONE 0.0s
validate	Jenkinsfile lint guidance	2026-08-10T19:12:24.3581048Z 
validate	Jenkinsfile lint guidance	2026-08-10T19:12:24.3581248Z #2 [auth] jenkins/jenkinsfile-runner:pull token for registry-1.docker.io
validate	Jenkinsfile lint guidance	2026-08-10T19:12:24.5092512Z #2 DONE 0.0s
validate	Jenkinsfile lint guidance	2026-08-10T19:12:24.5092730Z 
validate	Jenkinsfile lint guidance	2026-08-10T19:12:24.5092981Z #3 [internal] load metadata for docker.io/jenkins/jenkinsfile-runner:latest
validate	Jenkinsfile lint guidance	2026-08-10T19:12:24.7427275Z #3 DONE 0.5s
validate	Jenkinsfile lint guidance	2026-08-10T19:12:24.8891694Z 
validate	Jenkinsfile lint guidance	2026-08-10T19:12:24.8892296Z #4 [internal] load .dockerignore
validate	Jenkinsfile lint guidance	2026-08-10T19:12:24.8892647Z #4 transferring context: 2B done
validate	Jenkinsfile lint guidance	2026-08-10T19:12:24.8892901Z #4 DONE 0.0s
validate	Jenkinsfile lint guidance	2026-08-10T19:12:24.8893048Z 
validate	Jenkinsfile lint guidance	2026-08-10T19:12:24.8893145Z #5 [internal] load build context
validate	Jenkinsfile lint guidance	2026-08-10T19:12:24.8893442Z #5 transferring context: 227B done
validate	Jenkinsfile lint guidance	2026-08-10T19:12:24.8893686Z #5 DONE 0.0s
validate	Jenkinsfile lint guidance	2026-08-10T19:12:24.8893799Z 
validate	Jenkinsfile lint guidance	2026-08-10T19:12:24.8894364Z #6 [1/3] FROM docker.io/jenkins/jenkinsfile-runner:latest@sha256:1510739cb658772e733899a56e7ababb44cc113ee7fa22ec915c5fd0e7bff7a2
validate	Jenkinsfile lint guidance	2026-08-10T19:12:24.8895245Z #6 resolve docker.io/jenkins/jenkinsfile-runner:latest@sha256:1510739cb658772e733899a56e7ababb44cc113ee7fa22ec915c5fd0e7bff7a2 done
validate	Jenkinsfile lint guidance	2026-08-10T19:12:24.8895983Z #6 sha256:1510739cb658772e733899a56e7ababb44cc113ee7fa22ec915c5fd0e7bff7a2 2.63kB / 2.63kB done
validate	Jenkinsfile lint guidance	2026-08-10T19:12:24.8896598Z #6 sha256:171857c49d0f5e2ebf623e6cb36a8bcad585ed0c2aa99c87a055df034c1e5848 0B / 26.70MB 0.1s
validate	Jenkinsfile lint guidance	2026-08-10T19:12:24.8897206Z #6 sha256:61e52f862619ab016d3bcfbd78e5c7aaaa1989b4c295e6dbcacddd2d7b93e1f5 0B / 162B 0.1s
validate	Jenkinsfile lint guidance	2026-08-10T19:12:24.8897839Z #6 sha256:0d66d0030d0d1bba3bd701bea03ba77908b689ad7429c0cd509ab46e430597ed 15.60kB / 15.60kB done
validate	Jenkinsfile lint guidance	2026-08-10T19:12:24.8898447Z #6 sha256:419640447d267f068d2f84a093cb13a56ce77e130877f5b8bdb4294f4a90a84f 0B / 852B 0.1s
validate	Jenkinsfile lint guidance	2026-08-10T19:12:25.1017019Z #6 sha256:171857c49d0f5e2ebf623e6cb36a8bcad585ed0c2aa99c87a055df034c1e5848 17.83MB / 26.70MB 0.3s
validate	Jenkinsfile lint guidance	2026-08-10T19:12:25.1025694Z #6 sha256:61e52f862619ab016d3bcfbd78e5c7aaaa1989b4c295e6dbcacddd2d7b93e1f5 162B / 162B 0.1s done
validate	Jenkinsfile lint guidance	2026-08-10T19:12:25.1026967Z #6 sha256:419640447d267f068d2f84a093cb13a56ce77e130877f5b8bdb4294f4a90a84f 852B / 852B 0.1s done
validate	Jenkinsfile lint guidance	2026-08-10T19:12:25.1028176Z #6 sha256:dd4d4e9526b1adecc10515315b09e75d88526e75fba0552b3fbb933f40d293e9 1.05MB / 13.88MB 0.3s
validate	Jenkinsfile lint guidance	2026-08-10T19:12:25.1029782Z #6 sha256:7172a906d0a8cdea66ee503eb5fdd42d72a02b9be671e4d704fc6aaab4bbb728 1.05MB / 103.74MB 0.3s
validate	Jenkinsfile lint guidance	2026-08-10T19:12:25.2440334Z #6 sha256:171857c49d0f5e2ebf623e6cb36a8bcad585ed0c2aa99c87a055df034c1e5848 26.70MB / 26.70MB 0.3s done
validate	Jenkinsfile lint guidance	2026-08-10T19:12:25.2444032Z #6 sha256:dd4d4e9526b1adecc10515315b09e75d88526e75fba0552b3fbb933f40d293e9 7.34MB / 13.88MB 0.4s
validate	Jenkinsfile lint guidance	2026-08-10T19:12:25.2445422Z #6 sha256:7172a906d0a8cdea66ee503eb5fdd42d72a02b9be671e4d704fc6aaab4bbb728 6.29MB / 103.74MB 0.4s
validate	Jenkinsfile lint guidance	2026-08-10T19:12:25.2450856Z #6 extracting sha256:171857c49d0f5e2ebf623e6cb36a8bcad585ed0c2aa99c87a055df034c1e5848 0.1s
validate	Jenkinsfile lint guidance	2026-08-10T19:12:25.2452262Z #6 sha256:5fd64184f89da823f6f234f2af27f3c923b283401e9e92355ec927f301e25829 0B / 638.71kB 0.4s
validate	Jenkinsfile lint guidance	2026-08-10T19:12:25.3511717Z #6 sha256:dd4d4e9526b1adecc10515315b09e75d88526e75fba0552b3fbb933f40d293e9 13.88MB / 13.88MB 0.4s done
validate	Jenkinsfile lint guidance	2026-08-10T19:12:25.3513612Z #6 sha256:7172a906d0a8cdea66ee503eb5fdd42d72a02b9be671e4d704fc6aaab4bbb728 31.46MB / 103.74MB 0.5s
validate	Jenkinsfile lint guidance	2026-08-10T19:12:25.3516160Z #6 sha256:5fd64184f89da823f6f234f2af27f3c923b283401e9e92355ec927f301e25829 638.71kB / 638.71kB 0.4s done
validate	Jenkinsfile lint guidance	2026-08-10T19:12:25.3519151Z #6 sha256:fdb873fcd2b0484087453758a9d0a865ef73e8ad8b7894013dc045916b033b9c 2.10MB / 48.50MB 0.5s
validate	Jenkinsfile lint guidance	2026-08-10T19:12:25.3520415Z #6 sha256:edc5ca3f69e3ee9ceebe7fd054c1db7a7d086674fb12fc14d7d6b65bf87dd8fd 0B / 1.33MB 0.5s
validate	Jenkinsfile lint guidance	2026-08-10T19:12:25.3522440Z #6 sha256:b229ee682f4b38fc20bb10634770b36a36a58c0798b75592b13c2f56aa6c5f1b 5.46MB / 5.46MB 0.5s done
validate	Jenkinsfile lint guidance	2026-08-10T19:12:25.4570999Z #6 sha256:7172a906d0a8cdea66ee503eb5fdd42d72a02b9be671e4d704fc6aaab4bbb728 65.01MB / 103.74MB 0.6s
validate	Jenkinsfile lint guidance	2026-08-10T19:12:25.4572551Z #6 sha256:fdb873fcd2b0484087453758a9d0a865ef73e8ad8b7894013dc045916b033b9c 27.26MB / 48.50MB 0.6s
validate	Jenkinsfile lint guidance	2026-08-10T19:12:25.4574100Z #6 sha256:edc5ca3f69e3ee9ceebe7fd054c1db7a7d086674fb12fc14d7d6b65bf87dd8fd 1.33MB / 1.33MB 0.6s done
validate	Jenkinsfile lint guidance	2026-08-10T19:12:25.4575698Z #6 sha256:9d5dfef6880db44f6a18004c4669e813df6c0eeb470aaf4bd9ff94e81e9816d4 0B / 73.57MB 0.6s
validate	Jenkinsfile lint guidance	2026-08-10T19:12:25.5885294Z #6 sha256:7172a906d0a8cdea66ee503eb5fdd42d72a02b9be671e4d704fc6aaab4bbb728 103.74MB / 103.74MB 0.8s done
validate	Jenkinsfile lint guidance	2026-08-10T19:12:25.5887976Z #6 sha256:fdb873fcd2b0484087453758a9d0a865ef73e8ad8b7894013dc045916b033b9c 48.50MB / 48.50MB 0.7s done
validate	Jenkinsfile lint guidance	2026-08-10T19:12:25.5889019Z #6 sha256:9d5dfef6880db44f6a18004c4669e813df6c0eeb470aaf4bd9ff94e81e9816d4 54.53MB / 73.57MB 0.8s
validate	Jenkinsfile lint guidance	2026-08-10T19:12:25.5889664Z #6 sha256:b8e17d6fb269d5d05844f8932740d480235b7c117107add2bed85ac2abebfd6e 532B / 532B 0.8s done
validate	Jenkinsfile lint guidance	2026-08-10T19:12:25.6884089Z #6 sha256:9d5dfef6880db44f6a18004c4669e813df6c0eeb470aaf4bd9ff94e81e9816d4 73.57MB / 73.57MB 0.9s
validate	Jenkinsfile lint guidance	2026-08-10T19:12:25.8617090Z #6 sha256:9d5dfef6880db44f6a18004c4669e813df6c0eeb470aaf4bd9ff94e81e9816d4 73.57MB / 73.57MB 1.0s done
validate	Jenkinsfile lint guidance	2026-08-10T19:12:26.1010130Z #6 extracting sha256:171857c49d0f5e2ebf623e6cb36a8bcad585ed0c2aa99c87a055df034c1e5848 1.0s done
validate	Jenkinsfile lint guidance	2026-08-10T19:12:26.2909298Z #6 extracting sha256:419640447d267f068d2f84a093cb13a56ce77e130877f5b8bdb4294f4a90a84f done
validate	Jenkinsfile lint guidance	2026-08-10T19:12:28.7668476Z #6 extracting sha256:61e52f862619ab016d3bcfbd78e5c7aaaa1989b4c295e6dbcacddd2d7b93e1f5
validate	Jenkinsfile lint guidance	2026-08-10T19:12:28.8775762Z #6 extracting sha256:61e52f862619ab016d3bcfbd78e5c7aaaa1989b4c295e6dbcacddd2d7b93e1f5 done
validate	Jenkinsfile lint guidance	2026-08-10T19:12:28.8785226Z #6 extracting sha256:dd4d4e9526b1adecc10515315b09e75d88526e75fba0552b3fbb933f40d293e9 0.1s
validate	Jenkinsfile lint guidance	2026-08-10T19:12:29.6053228Z #6 extracting sha256:dd4d4e9526b1adecc10515315b09e75d88526e75fba0552b3fbb933f40d293e9 0.7s done
validate	Jenkinsfile lint guidance	2026-08-10T19:12:29.6055085Z #6 extracting sha256:7172a906d0a8cdea66ee503eb5fdd42d72a02b9be671e4d704fc6aaab4bbb728
validate	Jenkinsfile lint guidance	2026-08-10T19:12:30.6898033Z #6 extracting sha256:7172a906d0a8cdea66ee503eb5fdd42d72a02b9be671e4d704fc6aaab4bbb728 0.9s done
validate	Jenkinsfile lint guidance	2026-08-10T19:12:30.7607584Z #6 extracting sha256:5fd64184f89da823f6f234f2af27f3c923b283401e9e92355ec927f301e25829
validate	Jenkinsfile lint guidance	2026-08-10T19:12:30.8687979Z #6 extracting sha256:5fd64184f89da823f6f234f2af27f3c923b283401e9e92355ec927f301e25829 0.0s done
validate	Jenkinsfile lint guidance	2026-08-10T19:12:30.8689123Z #6 extracting sha256:b229ee682f4b38fc20bb10634770b36a36a58c0798b75592b13c2f56aa6c5f1b 0.0s done
validate	Jenkinsfile lint guidance	2026-08-10T19:12:31.1825483Z #6 extracting sha256:fdb873fcd2b0484087453758a9d0a865ef73e8ad8b7894013dc045916b033b9c
validate	Jenkinsfile lint guidance	2026-08-10T19:12:31.1826405Z #6 extracting sha256:fdb873fcd2b0484087453758a9d0a865ef73e8ad8b7894013dc045916b033b9c 0.2s done
validate	Jenkinsfile lint guidance	2026-08-10T19:12:31.1827091Z #6 extracting sha256:edc5ca3f69e3ee9ceebe7fd054c1db7a7d086674fb12fc14d7d6b65bf87dd8fd 0.0s done
validate	Jenkinsfile lint guidance	2026-08-10T19:12:31.1827732Z #6 extracting sha256:9d5dfef6880db44f6a18004c4669e813df6c0eeb470aaf4bd9ff94e81e9816d4
validate	Jenkinsfile lint guidance	2026-08-10T19:12:32.1236557Z #6 extracting sha256:9d5dfef6880db44f6a18004c4669e813df6c0eeb470aaf4bd9ff94e81e9816d4 0.8s done
validate	Jenkinsfile lint guidance	2026-08-10T19:12:32.1238651Z #6 extracting sha256:b8e17d6fb269d5d05844f8932740d480235b7c117107add2bed85ac2abebfd6e done
validate	Jenkinsfile lint guidance	2026-08-10T19:12:32.1239393Z #6 DONE 7.3s
validate	Jenkinsfile lint guidance	2026-08-10T19:12:32.2770508Z 
validate	Jenkinsfile lint guidance	2026-08-10T19:12:32.2771208Z #7 [2/3] COPY plugins.txt /usr/share/jenkins/plugins.txt
validate	Jenkinsfile lint guidance	2026-08-10T19:12:32.2771749Z #7 DONE 0.0s
validate	Jenkinsfile lint guidance	2026-08-10T19:12:32.2771919Z 
validate	Jenkinsfile lint guidance	2026-08-10T19:12:32.2772299Z #8 [3/3] RUN jenkins-plugin-cli --plugin-file /usr/share/jenkins/plugins.txt || true
validate	Jenkinsfile lint guidance	2026-08-10T19:12:32.2773000Z #8 0.135 /bin/sh: 1: jenkins-plugin-cli: not found
validate	Jenkinsfile lint guidance	2026-08-10T19:12:32.4320696Z #8 DONE 0.1s
validate	Jenkinsfile lint guidance	2026-08-10T19:12:32.4321186Z 
validate	Jenkinsfile lint guidance	2026-08-10T19:12:32.4321449Z #9 exporting to image
validate	Jenkinsfile lint guidance	2026-08-10T19:12:32.4321827Z #9 exporting layers
validate	Jenkinsfile lint guidance	2026-08-10T19:12:33.0061659Z #9 exporting layers 0.7s done
validate	Jenkinsfile lint guidance	2026-08-10T19:12:33.0218191Z #9 writing image sha256:8dfa94baa51b6991d4164a01fdd5bdeaf7cb7695549dd71b8ed3fb0614e9f4db done
validate	Jenkinsfile lint guidance	2026-08-10T19:12:33.0218952Z #9 naming to docker.io/local/jfr:latest done
validate	Jenkinsfile lint guidance	2026-08-10T19:12:33.0219264Z #9 DONE 0.7s
validate	Jenkinsfile lint guidance	2026-08-10T19:12:33.0267561Z Running jenkinsfile-runner to validate Jenkinsfile (timeout 20m)...
validate	Jenkinsfile lint guidance	2026-08-10T19:12:34.3547605Z jenkinsfile-runner reported issues or timed out; lint output saved to jenkinsfile-lint.log
validate	Jenkinsfile lint guidance	2026-08-10T19:12:34.3549269Z Jenkinsfile lint finished (logs saved).
validate	Ensure jenkinsfile-lint.log exists	﻿2026-08-10T19:12:34.3586182Z ##[group]Run if [ ! -f jenkinsfile-lint.log ]; then
validate	Ensure jenkinsfile-lint.log exists	2026-08-10T19:12:34.3586588Z ^[[36;1mif [ ! -f jenkinsfile-lint.log ]; then^[[0m
validate	Ensure jenkinsfile-lint.log exists	2026-08-10T19:12:34.3587138Z ^[[36;1m  echo "jenkinsfile-runner: no lint output produced (skipped or succeeded without log)" > jenkinsfile-lint.log^[[0m
validate	Ensure jenkinsfile-lint.log exists	2026-08-10T19:12:34.3587648Z ^[[36;1mfi^[[0m
validate	Ensure jenkinsfile-lint.log exists	2026-08-10T19:12:34.3635728Z shell: /usr/bin/bash -e {0}
validate	Ensure jenkinsfile-lint.log exists	2026-08-10T19:12:34.3635992Z env:
validate	Ensure jenkinsfile-lint.log exists	2026-08-10T19:12:34.3636264Z   pythonLocation: /opt/hostedtoolcache/Python/3.11.15/x64
validate	Ensure jenkinsfile-lint.log exists	2026-08-10T19:12:34.3636703Z   PKG_CONFIG_PATH: /opt/hostedtoolcache/Python/3.11.15/x64/lib/pkgconfig
validate	Ensure jenkinsfile-lint.log exists	2026-08-10T19:12:34.3637141Z   Python_ROOT_DIR: /opt/hostedtoolcache/Python/3.11.15/x64
validate	Ensure jenkinsfile-lint.log exists	2026-08-10T19:12:34.3637515Z   Python2_ROOT_DIR: /opt/hostedtoolcache/Python/3.11.15/x64
validate	Ensure jenkinsfile-lint.log exists	2026-08-10T19:12:34.3637896Z   Python3_ROOT_DIR: /opt/hostedtoolcache/Python/3.11.15/x64
validate	Ensure jenkinsfile-lint.log exists	2026-08-10T19:12:34.3638259Z   LD_LIBRARY_PATH: /opt/hostedtoolcache/Python/3.11.15/x64/lib
validate	Ensure jenkinsfile-lint.log exists	2026-08-10T19:12:34.3638702Z   TERRAFORM_CLI_PATH: /home/runner/work/_temp/d65333b8-7468-456b-9092-f1037f537777
validate	Ensure jenkinsfile-lint.log exists	2026-08-10T19:12:34.3639110Z ##[endgroup]
validate	Upload jenkinsfile lint log	﻿2026-08-10T19:12:34.3752320Z Node 20 is being deprecated. This workflow is running with Node 24 by default. If you need to temporarily use Node 20, you can set the ACTIONS_ALLOW_USE_UNSECURE_NODE_VERSION=true environment variable. For more information see: https://github.blog/changelog/2025-09-19-deprecation-of-node-20-on-github-actions-runners/
validate	Upload jenkinsfile lint log	2026-08-10T19:12:34.3753499Z ##[group]Run actions/upload-artifact@v4
validate	Upload jenkinsfile lint log	2026-08-10T19:12:34.3753767Z with:
validate	Upload jenkinsfile lint log	2026-08-10T19:12:34.3754535Z   name: jenkinsfile-lint-log
validate	Upload jenkinsfile lint log	2026-08-10T19:12:34.3754824Z   path: jenkinsfile-lint.log
validate	Upload jenkinsfile lint log	2026-08-10T19:12:34.3755068Z   if-no-files-found: warn
validate	Upload jenkinsfile lint log	2026-08-10T19:12:34.3755305Z   compression-level: 6
validate	Upload jenkinsfile lint log	2026-08-10T19:12:34.3755525Z   overwrite: false
validate	Upload jenkinsfile lint log	2026-08-10T19:12:34.3755744Z   include-hidden-files: false
validate	Upload jenkinsfile lint log	2026-08-10T19:12:34.3755977Z env:
validate	Upload jenkinsfile lint log	2026-08-10T19:12:34.3756225Z   pythonLocation: /opt/hostedtoolcache/Python/3.11.15/x64
validate	Upload jenkinsfile lint log	2026-08-10T19:12:34.3756644Z   PKG_CONFIG_PATH: /opt/hostedtoolcache/Python/3.11.15/x64/lib/pkgconfig
validate	Upload jenkinsfile lint log	2026-08-10T19:12:34.3757090Z   Python_ROOT_DIR: /opt/hostedtoolcache/Python/3.11.15/x64
validate	Upload jenkinsfile lint log	2026-08-10T19:12:34.3757496Z   Python2_ROOT_DIR: /opt/hostedtoolcache/Python/3.11.15/x64
validate	Upload jenkinsfile lint log	2026-08-10T19:12:34.3757859Z   Python3_ROOT_DIR: /opt/hostedtoolcache/Python/3.11.15/x64
validate	Upload jenkinsfile lint log	2026-08-10T19:12:34.3758224Z   LD_LIBRARY_PATH: /opt/hostedtoolcache/Python/3.11.15/x64/lib
validate	Upload jenkinsfile lint log	2026-08-10T19:12:34.3758662Z   TERRAFORM_CLI_PATH: /home/runner/work/_temp/d65333b8-7468-456b-9092-f1037f537777
validate	Upload jenkinsfile lint log	2026-08-10T19:12:34.3759047Z ##[endgroup]
validate	Upload jenkinsfile lint log	2026-08-10T19:12:34.5445625Z (node:3335) [DEP0040] DeprecationWarning: The `punycode` module is deprecated. Please use a userland alternative instead.
validate	Upload jenkinsfile lint log	2026-08-10T19:12:34.5446403Z (Use `node --trace-deprecation ...` to show where the warning was created)
validate	Upload jenkinsfile lint log	2026-08-10T19:12:34.5493131Z With the provided path, there will be 1 file uploaded
validate	Upload jenkinsfile lint log	2026-08-10T19:12:34.5500912Z Artifact name is valid!
validate	Upload jenkinsfile lint log	2026-08-10T19:12:34.5512634Z Root directory input is valid!
validate	Upload jenkinsfile lint log	2026-08-10T19:12:34.7450108Z Beginning upload of artifact content to blob storage
validate	Upload jenkinsfile lint log	2026-08-10T19:12:34.7626093Z (node:3335) [DEP0169] DeprecationWarning: `url.parse()` behavior is not standardized and prone to errors that have security implications. Use the WHATWG URL API instead. CVEs are not issued for `url.parse()` vulnerabilities.
validate	Upload jenkinsfile lint log	2026-08-10T19:12:34.8825977Z Uploaded bytes 1194
validate	Upload jenkinsfile lint log	2026-08-10T19:12:34.9167289Z Finished uploading artifact content to blob storage!
validate	Upload jenkinsfile lint log	2026-08-10T19:12:34.9168067Z SHA256 digest of uploaded artifact zip is 88c517a0a801ea1dbb70348c161053a76ea070a95d9bd1f1bdcd1712f2d588e4
validate	Upload jenkinsfile lint log	2026-08-10T19:12:34.9169981Z Finalizing artifact upload
validate	Upload jenkinsfile lint log	2026-08-10T19:12:35.0985867Z Artifact jenkinsfile-lint-log.zip successfully finalized. Artifact ID 9076041240
validate	Upload jenkinsfile lint log	2026-08-10T19:12:35.0986819Z Artifact jenkinsfile-lint-log has been successfully uploaded! Final size is 1194 bytes. Artifact ID is 9076041240
validate	Upload jenkinsfile lint log	2026-08-10T19:12:35.0992931Z Artifact download URL: https://github.com/harishmsgit/herovired-infra/actions/runs/31422874594/artifacts/9076041240
validate	Post Setup Python	﻿2026-08-10T19:12:35.1161538Z Node 20 is being deprecated. This workflow is running with Node 24 by default. If you need to temporarily use Node 20, you can set the ACTIONS_ALLOW_USE_UNSECURE_NODE_VERSION=true environment variable. For more information see: https://github.blog/changelog/2025-09-19-deprecation-of-node-20-on-github-actions-runners/
validate	Post Setup Python	2026-08-10T19:12:35.1162755Z Post job cleanup.
validate	Post Setup Python	2026-08-10T19:12:35.2389942Z (node:3347) [DEP0040] DeprecationWarning: The `punycode` module is deprecated. Please use a userland alternative instead.
validate	Post Setup Python	2026-08-10T19:12:35.2390836Z (Use `node --trace-deprecation ...` to show where the warning was created)
validate	Post Checkout	﻿2026-08-10T19:12:35.2558542Z Node 20 is being deprecated. This workflow is running with Node 24 by default. If you need to temporarily use Node 20, you can set the ACTIONS_ALLOW_USE_UNSECURE_NODE_VERSION=true environment variable. For more information see: https://github.blog/changelog/2025-09-19-deprecation-of-node-20-on-github-actions-runners/
validate	Post Checkout	2026-08-10T19:12:35.2559772Z Post job cleanup.
validate	Post Checkout	2026-08-10T19:12:35.3494646Z [command]/usr/bin/git version
validate	Post Checkout	2026-08-10T19:12:35.3545551Z git version 2.54.0
validate	Post Checkout	2026-08-10T19:12:35.3625030Z Temporarily overriding HOME='/home/runner/work/_temp/118021ad-dee2-433c-afc9-2d6aff36a6c9' before making global git config changes
validate	Post Checkout	2026-08-10T19:12:35.3626176Z Adding repository directory to the temporary git global config as a safe directory
validate	Post Checkout	2026-08-10T19:12:35.3626925Z [command]/usr/bin/git config --global --add safe.directory /home/runner/work/herovired-infra/herovired-infra
validate	Post Checkout	2026-08-10T19:12:35.3656104Z [command]/usr/bin/git config --local --name-only --get-regexp core\.sshCommand
validate	Post Checkout	2026-08-10T19:12:35.3673118Z [command]/usr/bin/git submodule foreach --recursive sh -c "git config --local --name-only --get-regexp 'core\.sshCommand' && git config --local --unset-all 'core.sshCommand' || :"
validate	Post Checkout	2026-08-10T19:12:35.3953650Z [command]/usr/bin/git config --local --name-only --get-regexp http\.https\:\/\/github\.com\/\.extraheader
validate	Post Checkout	2026-08-10T19:12:35.3994820Z http.https://github.com/.extraheader
validate	Post Checkout	2026-08-10T19:12:35.3998826Z [command]/usr/bin/git config --local --unset-all http.https://github.com/.extraheader
validate	Post Checkout	2026-08-10T19:12:35.4039686Z [command]/usr/bin/git submodule foreach --recursive sh -c "git config --local --name-only --get-regexp 'http\.https\:\/\/github\.com\/\.extraheader' && git config --local --unset-all 'http.https://github.com/.extraheader' || :"
validate	Post Checkout	2026-08-10T19:12:35.4341227Z [command]/usr/bin/git config --local --name-only --get-regexp ^includeIf\.gitdir:
validate	Post Checkout	2026-08-10T19:12:35.4381781Z [command]/usr/bin/git submodule foreach --recursive git config --local --show-origin --name-only --get-regexp remote.origin.url
validate	Complete job	﻿2026-08-10T19:12:35.4853215Z Cleaning up orphan processes
validate	Complete job	2026-08-10T19:12:35.5222063Z ##[warning]Node.js 20 is deprecated. The following actions target Node.js 20 but are being forced to run on Node.js 24: actions/checkout@v4, actions/setup-python@v4, actions/upload-artifact@v4, hashicorp/setup-terraform@v2. For more information see: https://github.blog/changelog/2025-09-19-deprecation-of-node-20-on-github-actions-runners/
